<html>
<body>
<pre>
<h1>µVision Build Log</h1>
<h2>Tool Versions:</h2>
IDE-Version: ¦ÌVision V5.25.2.0
Copyright (C) 2018 ARM Ltd and ARM Germany GmbH. All rights reserved.
License Information: zhou ZhouChenghan, politecnico di torino, LIC=MPPDY-I1HUU-Z85FH-WBT1D-YGS93-YM7MY
 
Tool Versions:
Toolchain:       MDK-ARM Plus  Version: 5.25.2.0
Toolchain Path:  D:\KEIL5\core\ARM\ARMCC\Bin
C Compiler:      Armcc.exe V5.06 update 6 (build 750)
Assembler:       Armasm.exe V5.06 update 6 (build 750)
Linker/Locator:  ArmLink.exe V5.06 update 6 (build 750)
Library Manager: ArmAr.exe V5.06 update 6 (build 750)
Hex Converter:   FromElf.exe V5.06 update 6 (build 750)
CPU DLL:         SARMCM3.DLL V5.25.2.0
Dialog DLL:      DCM.DLL V1.17.1.0
Target DLL:      Segger\JL2CM3.dll V2.99.29.0
Dialog DLL:      TCM.DLL V1.35.1.0
 
<h2>Project:</h2>
C:\Users\ZhouChenghan\Desktop\Infantry_X-master\Project\XSX_RProject.uvprojx
Project File Date:  01/01/2020

<h2>Output:</h2>
*** Using Compiler 'V5.06 update 6 (build 750)', folder: 'D:\KEIL5\core\ARM\ARMCC\Bin'
Build target 'Target 1'
compiling kalman.c...
compiling system.c...
compiling stm32f4xx_it.c...
compiling main.c...
compiling kalman_filter.c...
compiling control.c...
compiling remote.c...
compiling crc.c...
compiling magazine.c...
compiling can2.c...
compiling friction.c...
compiling super_cap.c...
compiling pwm.c...
compiling can1.c...
compiling usart2.c...
compiling led.c...
compiling laser.c...
compiling iwdg.c...
compiling adda.c...
compiling usart5.c...
compiling usart4.c...
compiling Task_Start.c...
compiling Task_Revolver.c...
compiling Info_Transmitter.c...
compiling Info_Update.c...
compiling Task_Chassis.c...
compiling judge.c...
compiling vision.c...
compiling Task_Gimbal.c...
assembling startup_stm32f40xx.s...
compiling sys.c...
compiling usart.c...
compiling Timer_Send_Task.c...
compiling system_stm32f4xx.c...
compiling delay.c...
compiling myiic.c...
compiling mpu6050.c...
compiling misc.c...
compiling MPU_Temperature.c...
compiling stm32f4xx_gpio.c...
compiling inv_mpu_dmp_motion_driver.c...
compiling stm32f4xx_rcc.c...
compiling inv_mpu.c...
compiling stm32f4xx_tim.c...
compiling stm32f4xx_usart.c...
compiling stm32f4xx_can.c...
compiling stm32f4xx_exti.c...
compiling stm32f4xx_dma.c...
compiling stm32f4xx_flash.c...
compiling stm32f4xx_spi.c...
compiling stm32f4xx_adc.c...
compiling stm32f4xx_syscfg.c...
compiling arm_mat_add_f32.c...
compiling arm_mat_init_f32.c...
compiling arm_mat_cmplx_mult_f32.c...
compiling stm32f4xx_dac.c...
compiling stm32f4xx_iwdg.c...
compiling arm_mat_inverse_f32.c...
compiling croutine.c...
compiling arm_mat_mult_f32.c...
compiling event_groups.c...
compiling arm_mat_inverse_f64.c...
compiling arm_mat_sub_f32.c...
compiling arm_mat_scale_f32.c...
compiling arm_mat_trans_f32.c...
compiling list.c...
compiling heap_4.c...
compiling timers.c...
compiling queue.c...
compiling tasks.c...
compiling port.c...
linking...
Program Size: Code=93130 RO-data=5006 RW-data=2264 ZI-data=81128  
FromELF: creating hex file...
".\Objects\XSX_RProject.axf" - 0 Error(s), 0 Warning(s).

<h2>Software Packages used:</h2>

Package Vendor: Keil
                http://www.keil.com/pack/Keil.STM32F4xx_DFP.2.14.0.pack
                Keil.STM32F4xx_DFP.2.14.0
                STMicroelectronics STM32F4 Series Device Support, Drivers and Examples

<h2>Collection of Component include folders:</h2>
  .\RTE\_Target_1
  D:\KEIL5\core\ARM\PACK\Keil\STM32F4xx_DFP\2.14.0\Drivers\CMSIS\Device\ST\STM32F4xx\Include

<h2>Collection of Component Files used:</h2>
Build Time Elapsed:  00:00:20
</pre>
</body>
</html>
