Component: ARM Compiler 5.06 update 6 (build 750) Tool: armlink [4d35ed]

==============================================================================

Section Cross References

    bsp_pid.o(i.PID_struct_init) refers to bsp_pid.o(i.pid_param_init) for pid_param_init
    bsp_pid.o(i.PID_struct_init) refers to bsp_pid.o(i.pid_reset) for pid_reset
    bsp_pid.o(i.pid_calc) refers to bsp_pid.o(i.abs_limit) for abs_limit
    bsp_pid.o(i.pid_sp_calc) refers to f2d.o(.text) for __aeabi_f2d
    bsp_pid.o(i.pid_sp_calc) refers to fabs.o(i.__hardfp_fabs) for __hardfp_fabs
    bsp_pid.o(i.pid_sp_calc) refers to cdrcmple.o(.text) for __aeabi_cdrcmple
    bsp_pid.o(i.pid_sp_calc) refers to bsp_pid.o(i.abs_limit) for abs_limit
    startup_stm32f407xx.o(RESET) refers to startup_stm32f407xx.o(STACK) for __initial_sp
    startup_stm32f407xx.o(RESET) refers to startup_stm32f407xx.o(.text) for Reset_Handler
    startup_stm32f407xx.o(RESET) refers to stm32f4xx_it.o(i.NMI_Handler) for NMI_Handler
    startup_stm32f407xx.o(RESET) refers to stm32f4xx_it.o(i.HardFault_Handler) for HardFault_Handler
    startup_stm32f407xx.o(RESET) refers to stm32f4xx_it.o(i.MemManage_Handler) for MemManage_Handler
    startup_stm32f407xx.o(RESET) refers to stm32f4xx_it.o(i.BusFault_Handler) for BusFault_Handler
    startup_stm32f407xx.o(RESET) refers to stm32f4xx_it.o(i.UsageFault_Handler) for UsageFault_Handler
    startup_stm32f407xx.o(RESET) refers to port.o(.emb_text) for SVC_Handler
    startup_stm32f407xx.o(RESET) refers to stm32f4xx_it.o(i.DebugMon_Handler) for DebugMon_Handler
    startup_stm32f407xx.o(RESET) refers to port.o(i.SysTick_Handler) for SysTick_Handler
    startup_stm32f407xx.o(RESET) refers to stm32f4xx_it.o(i.CAN1_RX0_IRQHandler) for CAN1_RX0_IRQHandler
    startup_stm32f407xx.o(RESET) refers to stm32f4xx_it.o(i.USART1_IRQHandler) for USART1_IRQHandler
    startup_stm32f407xx.o(RESET) refers to stm32f4xx_it.o(i.TIM6_DAC_IRQHandler) for TIM6_DAC_IRQHandler
    startup_stm32f407xx.o(RESET) refers to stm32f4xx_it.o(i.DMA2_Stream2_IRQHandler) for DMA2_Stream2_IRQHandler
    startup_stm32f407xx.o(.text) refers to system_stm32f4xx.o(i.SystemInit) for SystemInit
    startup_stm32f407xx.o(.text) refers to entry.o(.ARM.Collect$$$$00000000) for __main
    main.o(i.HAL_TIM_PeriodElapsedCallback) refers to stm32f4xx_hal.o(i.HAL_IncTick) for HAL_IncTick
    main.o(i.SystemClock_Config) refers to memseta.o(.text) for __aeabi_memclr4
    main.o(i.SystemClock_Config) refers to stm32f4xx_hal_rcc.o(i.HAL_RCC_OscConfig) for HAL_RCC_OscConfig
    main.o(i.SystemClock_Config) refers to main.o(i.Error_Handler) for Error_Handler
    main.o(i.SystemClock_Config) refers to stm32f4xx_hal_rcc.o(i.HAL_RCC_ClockConfig) for HAL_RCC_ClockConfig
    main.o(i.main) refers to stm32f4xx_hal.o(i.HAL_Init) for HAL_Init
    main.o(i.main) refers to main.o(i.SystemClock_Config) for SystemClock_Config
    main.o(i.main) refers to gpio.o(i.MX_GPIO_Init) for MX_GPIO_Init
    main.o(i.main) refers to can.o(i.MX_CAN1_Init) for MX_CAN1_Init
    main.o(i.main) refers to dma.o(i.MX_DMA_Init) for MX_DMA_Init
    main.o(i.main) refers to usart.o(i.MX_USART1_UART_Init) for MX_USART1_UART_Init
    main.o(i.main) refers to tim.o(i.MX_TIM1_Init) for MX_TIM1_Init
    main.o(i.main) refers to bsp_can.o(i.can_filter_init) for can_filter_init
    main.o(i.main) refers to bsp_uart.o(i.dbus_uart_init) for dbus_uart_init
    main.o(i.main) refers to stm32f4xx_hal_tim.o(i.HAL_TIM_PWM_Start) for HAL_TIM_PWM_Start
    main.o(i.main) refers to stm32f4xx_hal_gpio.o(i.HAL_GPIO_WritePin) for HAL_GPIO_WritePin
    main.o(i.main) refers to freertos.o(i.MX_FREERTOS_Init) for MX_FREERTOS_Init
    main.o(i.main) refers to cmsis_os.o(i.osKernelStart) for osKernelStart
    main.o(i.main) refers to tim.o(.bss) for htim1
    gpio.o(i.MX_GPIO_Init) refers to memseta.o(.text) for __aeabi_memclr4
    gpio.o(i.MX_GPIO_Init) refers to stm32f4xx_hal_gpio.o(i.HAL_GPIO_WritePin) for HAL_GPIO_WritePin
    gpio.o(i.MX_GPIO_Init) refers to stm32f4xx_hal_gpio.o(i.HAL_GPIO_Init) for HAL_GPIO_Init
    can.o(i.HAL_CAN_MspDeInit) refers to stm32f4xx_hal_gpio.o(i.HAL_GPIO_DeInit) for HAL_GPIO_DeInit
    can.o(i.HAL_CAN_MspDeInit) refers to stm32f4xx_hal_cortex.o(i.HAL_NVIC_DisableIRQ) for HAL_NVIC_DisableIRQ
    can.o(i.HAL_CAN_MspInit) refers to memseta.o(.text) for __aeabi_memclr4
    can.o(i.HAL_CAN_MspInit) refers to stm32f4xx_hal_gpio.o(i.HAL_GPIO_Init) for HAL_GPIO_Init
    can.o(i.HAL_CAN_MspInit) refers to stm32f4xx_hal_cortex.o(i.HAL_NVIC_SetPriority) for HAL_NVIC_SetPriority
    can.o(i.HAL_CAN_MspInit) refers to stm32f4xx_hal_cortex.o(i.HAL_NVIC_EnableIRQ) for HAL_NVIC_EnableIRQ
    can.o(i.MX_CAN1_Init) refers to stm32f4xx_hal_can.o(i.HAL_CAN_Init) for HAL_CAN_Init
    can.o(i.MX_CAN1_Init) refers to main.o(i.Error_Handler) for Error_Handler
    can.o(i.MX_CAN1_Init) refers to can.o(.bss) for hcan1
[...]
    ../clib/microlib/init/entry.s            0x00000000   Number         0  entry9a.o ABSOLUTE
    ../clib/microlib/init/entry.s            0x00000000   Number         0  entry8a.o ABSOLUTE
    ../clib/microlib/longlong.c              0x00000000   Number         0  llushr.o ABSOLUTE
    ../clib/microlib/longlong.c              0x00000000   Number         0  llshl.o ABSOLUTE
    ../clib/microlib/string/memcpy.c         0x00000000   Number         0  memcpya.o ABSOLUTE
    ../clib/microlib/string/memcpy.c         0x00000000   Number         0  memcpyb.o ABSOLUTE
    ../clib/microlib/string/memset.c         0x00000000   Number         0  memseta.o ABSOLUTE
    ../clib/microlib/string/memset.c         0x00000000   Number         0  memset.o ABSOLUTE
    ../clib/microlib/stubs.s                 0x00000000   Number         0  iusefp.o ABSOLUTE
    ../fplib/microlib/f2d.c                  0x00000000   Number         0  f2d.o ABSOLUTE
    ../mathlib/fabs.c                        0x00000000   Number         0  fabs.o ABSOLUTE
    ..\Drivers\STM32F4xx_HAL_Driver\Src\stm32f4xx_hal.c 0x00000000   Number         0  stm32f4xx_hal.o ABSOLUTE
    ..\Drivers\STM32F4xx_HAL_Driver\Src\stm32f4xx_hal_can.c 0x00000000   Number         0  stm32f4xx_hal_can.o ABSOLUTE
    ..\Drivers\STM32F4xx_HAL_Driver\Src\stm32f4xx_hal_cortex.c 0x00000000   Number         0  stm32f4xx_hal_cortex.o ABSOLUTE
    ..\Drivers\STM32F4xx_HAL_Driver\Src\stm32f4xx_hal_dma.c 0x00000000   Number         0  stm32f4xx_hal_dma.o ABSOLUTE
    ..\Drivers\STM32F4xx_HAL_Driver\Src\stm32f4xx_hal_dma_ex.c 0x00000000   Number         0  stm32f4xx_hal_dma_ex.o ABSOLUTE
    ..\Drivers\STM32F4xx_HAL_Driver\Src\stm32f4xx_hal_exti.c 0x00000000   Number         0  stm32f4xx_hal_exti.o ABSOLUTE
    ..\Drivers\STM32F4xx_HAL_Driver\Src\stm32f4xx_hal_flash.c 0x00000000   Number         0  stm32f4xx_hal_flash.o ABSOLUTE
    ..\Drivers\STM32F4xx_HAL_Driver\Src\stm32f4xx_hal_flash_ex.c 0x00000000   Number         0  stm32f4xx_hal_flash_ex.o ABSOLUTE
    ..\Drivers\STM32F4xx_HAL_Driver\Src\stm32f4xx_hal_flash_ramfunc.c 0x00000000   Number         0  stm32f4xx_hal_flash_ramfunc.o ABSOLUTE
    ..\Drivers\STM32F4xx_HAL_Driver\Src\stm32f4xx_hal_gpio.c 0x00000000   Number         0  stm32f4xx_hal_gpio.o ABSOLUTE
    ..\Drivers\STM32F4xx_HAL_Driver\Src\stm32f4xx_hal_pwr.c 0x00000000   Number         0  stm32f4xx_hal_pwr.o ABSOLUTE
    ..\Drivers\STM32F4xx_HAL_Driver\Src\stm32f4xx_hal_pwr_ex.c 0x00000000   Number         0  stm32f4xx_hal_pwr_ex.o ABSOLUTE
    ..\Drivers\STM32F4xx_HAL_Driver\Src\stm32f4xx_hal_rcc.c 0x00000000   Number         0  stm32f4xx_hal_rcc.o ABSOLUTE
    ..\Drivers\STM32F4xx_HAL_Driver\Src\stm32f4xx_hal_rcc_ex.c 0x00000000   Number         0  stm32f4xx_hal_rcc_ex.o ABSOLUTE
    ..\Drivers\STM32F4xx_HAL_Driver\Src\stm32f4xx_hal_tim.c 0x00000000   Number         0  stm32f4xx_hal_tim.o ABSOLUTE
    ..\Drivers\STM32F4xx_HAL_Driver\Src\stm32f4xx_hal_tim_ex.c 0x00000000   Number         0  stm32f4xx_hal_tim_ex.o ABSOLUTE
    ..\Drivers\STM32F4xx_HAL_Driver\Src\stm32f4xx_hal_uart.c 0x00000000   Number         0  stm32f4xx_hal_uart.o ABSOLUTE
    ..\Middlewares\Third_Party\FreeRTOS\Source\CMSIS_RTOS\cmsis_os.c 0x00000000   Number         0  cmsis_os.o ABSOLUTE
    ..\Middlewares\Third_Party\FreeRTOS\Source\portable\RVDS\ARM_CM4F\port.c 0x00000000   Number         0  port.o ABSOLUTE
    ..\Src\can.c                             0x00000000   Number         0  can.o ABSOLUTE
    ..\Src\dma.c                             0x00000000   Number         0  dma.o ABSOLUTE
    ..\Src\freertos.c                        0x00000000   Number         0  freertos.o ABSOLUTE
    ..\Src\gpio.c                            0x00000000   Number         0  gpio.o ABSOLUTE
    ..\Src\main.c                            0x00000000   Number         0  main.o ABSOLUTE
    ..\Src\stm32f4xx_hal_msp.c               0x00000000   Number         0  stm32f4xx_hal_msp.o ABSOLUTE
    ..\Src\stm32f4xx_hal_timebase_tim.c      0x00000000   Number         0  stm32f4xx_hal_timebase_tim.o ABSOLUTE
    ..\Src\stm32f4xx_it.c                    0x00000000   Number         0  stm32f4xx_it.o ABSOLUTE
    ..\Src\sys.c                             0x00000000   Number         0  sys.o ABSOLUTE
    ..\Src\system_stm32f4xx.c                0x00000000   Number         0  system_stm32f4xx.o ABSOLUTE
    ..\Src\tim.c                             0x00000000   Number         0  tim.o ABSOLUTE
    ..\Src\usart.c                           0x00000000   Number         0  usart.o ABSOLUTE
    ..\\application\\CAN_receive.c           0x00000000   Number         0  can_receive.o ABSOLUTE
    ..\\bsp\\boards\\bsp_can.c               0x00000000   Number         0  bsp_can.o ABSOLUTE
    ..\\bsp\\boards\\bsp_pid.c               0x00000000   Number         0  bsp_pid.o ABSOLUTE
    ..\\bsp\\boards\\bsp_uart.c              0x00000000   Number         0  bsp_uart.o ABSOLUTE
    ..\application\CAN_receive.c             0x00000000   Number         0  can_receive.o ABSOLUTE
    ..\bsp\boards\bsp_can.c                  0x00000000   Number         0  bsp_can.o ABSOLUTE
    ..\bsp\boards\bsp_pid.c                  0x00000000   Number         0  bsp_pid.o ABSOLUTE
    ..\bsp\boards\bsp_uart.c                 0x00000000   Number         0  bsp_uart.o ABSOLUTE
    cdrcmple.s                               0x00000000   Number         0  cdrcmple.o ABSOLUTE
    dc.s                                     0x00000000   Number         0  dc.o ABSOLUTE
    handlers.s                               0x00000000   Number         0  handlers.o ABSOLUTE
    init.s                                   0x00000000   Number         0  init.o ABSOLUTE
    startup_stm32f407xx.s                    0x00000000   Number         0  startup_stm32f407xx.o ABSOLUTE
    RESET                                    0x08000000   Section      392  startup_stm32f407xx.o(RESET)
    .ARM.Collect$$$$00000000                 0x08000188   Section        0  entry.o(.ARM.Collect$$$$00000000)
    .ARM.Collect$$$$00000001                 0x08000188   Section        4  entry2.o(.ARM.Collect$$$$00000001)
    .ARM.Collect$$$$00000004                 0x0800018c   Section        4  entry5.o(.ARM.Collect$$$$00000004)
    .ARM.Collect$$$$00000008                 0x08000190   Section        0  entry7b.o(.ARM.Collect$$$$00000008)
    .ARM.Collect$$$$0000000A                 0x08000190   Section        0  entry8b.o(.ARM.Collect$$$$0000000A)
    .ARM.Collect$$$$0000000B                 0x08000190   Section        8  entry9a.o(.ARM.Collect$$$$0000000B)
    .ARM.Collect$$$$0000000D                 0x08000198   Section        0  entry10a.o(.ARM.Collect$$$$0000000D)
    .ARM.Collect$$$$0000000F                 0x08000198   Section        0  entry11a.o(.ARM.Collect$$$$0000000F)
    .ARM.Collect$$$$00002712                 0x08000198   Section        4  entry2.o(.ARM.Collect$$$$00002712)
    __lit__00000000                          0x08000198   Data           4  entry2.o(.ARM.Collect$$$$00002712)
    .emb_text                                0x0800019c   Section      190  port.o(.emb_text)
    $v0                                      0x0800019c   Number         0  port.o(.emb_text)
    .text                                    0x0800025c   Section       36  startup_stm32f407xx.o(.text)
    $v0                                      0x0800025c   Number         0  startup_stm32f407xx.o(.text)
    .text                                    0x08000280   Section        0  uldiv.o(.text)
    .text                                    0x080002e2   Section        0  memcpya.o(.text)
    .text                                    0x08000306   Section        0  memseta.o(.text)
    .text                                    0x0800032a   Section        0  llshl.o(.text)
    .text                                    0x08000348   Section        0  llushr.o(.text)
    .text                                    0x08000368   Section       36  init.o(.text)
    i.BusFault_Handler                       0x0800038c   Section        0  stm32f4xx_it.o(i.BusFault_Handler)
    i.CAN1_RX0_IRQHandler                    0x08000390   Section        0  stm32f4xx_it.o(i.CAN1_RX0_IRQHandler)
    i.CAN_cmd_chassis                        0x080003a0   Section        0  can_receive.o(i.CAN_cmd_chassis)
    i.CAN_cmd_gimbal                         0x080003f0   Section        0  can_receive.o(i.CAN_cmd_gimbal)
    i.DMA2_Stream2_IRQHandler                0x08000440   Section        0  stm32f4xx_it.o(i.DMA2_Stream2_IRQHandler)
    i.DMA_CalcBaseAndBitshift                0x08000450   Section        0  stm32f4xx_hal_dma.o(i.DMA_CalcBaseAndBitshift)
    DMA_CalcBaseAndBitshift                  0x08000451   Thumb Code    46  stm32f4xx_hal_dma.o(i.DMA_CalcBaseAndBitshift)
    i.DMA_CheckFifoParam                     0x08000484   Section        0  stm32f4xx_hal_dma.o(i.DMA_CheckFifoParam)
    DMA_CheckFifoParam                       0x08000485   Thumb Code   170  stm32f4xx_hal_dma.o(i.DMA_CheckFifoParam)
    i.DMA_SetConfig                          0x0800052e   Section        0  stm32f4xx_hal_dma.o(i.DMA_SetConfig)
    DMA_SetConfig                            0x0800052f   Thumb Code    44  stm32f4xx_hal_dma.o(i.DMA_SetConfig)
    i.DebugMon_Handler                       0x0800055a   Section        0  stm32f4xx_it.o(i.DebugMon_Handler)
    i.Error_Handler                          0x0800055c   Section        0  main.o(i.Error_Handler)
    i.HAL_CAN_ActivateNotification           0x0800055e   Section        0  stm32f4xx_hal_can.o(i.HAL_CAN_ActivateNotification)
    i.HAL_CAN_AddTxMessage                   0x08000588   Section        0  stm32f4xx_hal_can.o(i.HAL_CAN_AddTxMessage)
    i.HAL_CAN_ConfigFilter                   0x080006e0   Section        0  stm32f4xx_hal_can.o(i.HAL_CAN_ConfigFilter)
    i.HAL_CAN_ErrorCallback                  0x08000804   Section        0  stm32f4xx_hal_can.o(i.HAL_CAN_ErrorCallback)
    i.HAL_CAN_GetRxMessage                   0x08000806   Section        0  stm32f4xx_hal_can.o(i.HAL_CAN_GetRxMessage)
    i.HAL_CAN_IRQHandler                     0x08000980   Section        0  stm32f4xx_hal_can.o(i.HAL_CAN_IRQHandler)
    i.HAL_CAN_Init                           0x08000bce   Section        0  stm32f4xx_hal_can.o(i.HAL_CAN_Init)
    i.HAL_CAN_MspInit                        0x08000d44   Section        0  can.o(i.HAL_CAN_MspInit)
    i.HAL_CAN_RxFifo0FullCallback            0x08000ddc   Section        0  stm32f4xx_hal_can.o(i.HAL_CAN_RxFifo0FullCallback)
    i.HAL_CAN_RxFifo0MsgPendingCallback      0x08000de0   Section        0  can_receive.o(i.HAL_CAN_RxFifo0MsgPendingCallback)
    i.HAL_CAN_RxFifo1FullCallback            0x08000eb0   Section        0  stm32f4xx_hal_can.o(i.HAL_CAN_RxFifo1FullCallback)
    i.HAL_CAN_RxFifo1MsgPendingCallback      0x08000eb2   Section        0  stm32f4xx_hal_can.o(i.HAL_CAN_RxFifo1MsgPendingCallback)
    i.HAL_CAN_SleepCallback                  0x08000eb4   Section        0  stm32f4xx_hal_can.o(i.HAL_CAN_SleepCallback)
    i.HAL_CAN_Start                          0x08000eb6   Section        0  stm32f4xx_hal_can.o(i.HAL_CAN_Start)
    i.HAL_CAN_TxMailbox0AbortCallback        0x08000f14   Section        0  stm32f4xx_hal_can.o(i.HAL_CAN_TxMailbox0AbortCallback)
    i.HAL_CAN_TxMailbox0CompleteCallback     0x08000f16   Section        0  stm32f4xx_hal_can.o(i.HAL_CAN_TxMailbox0CompleteCallback)
    i.HAL_CAN_TxMailbox1AbortCallback        0x08000f18   Section        0  stm32f4xx_hal_can.o(i.HAL_CAN_TxMailbox1AbortCallback)
    i.HAL_CAN_TxMailbox1CompleteCallback     0x08000f1a   Section        0  stm32f4xx_hal_can.o(i.HAL_CAN_TxMailbox1CompleteCallback)
    i.HAL_CAN_TxMailbox2AbortCallback        0x08000f1c   Section        0  stm32f4xx_hal_can.o(i.HAL_CAN_TxMailbox2AbortCallback)
    i.HAL_CAN_TxMailbox2CompleteCallback     0x08000f1e   Section        0  stm32f4xx_hal_can.o(i.HAL_CAN_TxMailbox2CompleteCallback)
    i.HAL_CAN_WakeUpFromRxMsgCallback        0x08000f20   Section        0  stm32f4xx_hal_can.o(i.HAL_CAN_WakeUpFromRxMsgCallback)
    i.HAL_DMA_Abort_IT                       0x08000f22   Section        0  stm32f4xx_hal_dma.o(i.HAL_DMA_Abort_IT)
    i.HAL_DMA_IRQHandler                     0x08000f4c   Section        0  stm32f4xx_hal_dma.o(i.HAL_DMA_IRQHandler)
    i.HAL_DMA_Init                           0x0800118c   Section        0  stm32f4xx_hal_dma.o(i.HAL_DMA_Init)
    i.HAL_DMA_Start                          0x08001278   Section        0  stm32f4xx_hal_dma.o(i.HAL_DMA_Start)
    i.HAL_GPIO_Init                          0x080012e0   Section        0  stm32f4xx_hal_gpio.o(i.HAL_GPIO_Init)
    i.HAL_GPIO_TogglePin                     0x080014e0   Section        0  stm32f4xx_hal_gpio.o(i.HAL_GPIO_TogglePin)
    i.HAL_GPIO_WritePin                      0x080014f2   Section        0  stm32f4xx_hal_gpio.o(i.HAL_GPIO_WritePin)
    i.HAL_GetTick                            0x08001500   Section        0  stm32f4xx_hal.o(i.HAL_GetTick)
    i.HAL_IncTick                            0x0800150c   Section        0  stm32f4xx_hal.o(i.HAL_IncTick)
    i.HAL_Init                               0x08001524   Section        0  stm32f4xx_hal.o(i.HAL_Init)
    i.HAL_InitTick                           0x08001560   Section        0  stm32f4xx_hal_timebase_tim.o(i.HAL_InitTick)
    i.HAL_MspInit                            0x080015ec   Section        0  stm32f4xx_hal_msp.o(i.HAL_MspInit)
    i.HAL_NVIC_EnableIRQ                     0x08001640   Section        0  stm32f4xx_hal_cortex.o(i.HAL_NVIC_EnableIRQ)
    i.HAL_NVIC_SetPriority                   0x08001660   Section        0  stm32f4xx_hal_cortex.o(i.HAL_NVIC_SetPriority)
    i.HAL_NVIC_SetPriorityGrouping           0x080016dc   Section        0  stm32f4xx_hal_cortex.o(i.HAL_NVIC_SetPriorityGrouping)
    i.HAL_RCC_ClockConfig                    0x08001704   Section        0  stm32f4xx_hal_rcc.o(i.HAL_RCC_ClockConfig)
    i.HAL_RCC_GetClockConfig                 0x08001888   Section        0  stm32f4xx_hal_rcc.o(i.HAL_RCC_GetClockConfig)
    i.HAL_RCC_GetHCLKFreq                    0x080018cc   Section        0  stm32f4xx_hal_rcc.o(i.HAL_RCC_GetHCLKFreq)
    i.HAL_RCC_GetPCLK1Freq                   0x080018d8   Section        0  stm32f4xx_hal_rcc.o(i.HAL_RCC_GetPCLK1Freq)
    i.HAL_RCC_GetPCLK2Freq                   0x080018f8   Section        0  stm32f4xx_hal_rcc.o(i.HAL_RCC_GetPCLK2Freq)
    i.HAL_RCC_GetSysClockFreq                0x08001918   Section        0  stm32f4xx_hal_rcc.o(i.HAL_RCC_GetSysClockFreq)
    i.HAL_RCC_OscConfig                      0x080019c8   Section        0  stm32f4xx_hal_rcc.o(i.HAL_RCC_OscConfig)
    i.HAL_TIMEx_BreakCallback                0x08001e50   Section        0  stm32f4xx_hal_tim_ex.o(i.HAL_TIMEx_BreakCallback)
    i.HAL_TIMEx_CommutCallback               0x08001e52   Section        0  stm32f4xx_hal_tim_ex.o(i.HAL_TIMEx_CommutCallback)
    i.HAL_TIMEx_ConfigBreakDeadTime          0x08001e54   Section        0  stm32f4xx_hal_tim_ex.o(i.HAL_TIMEx_ConfigBreakDeadTime)
    i.HAL_TIMEx_MasterConfigSynchronization  0x08001ec8   Section        0  stm32f4xx_hal_tim_ex.o(i.HAL_TIMEx_MasterConfigSynchronization)
    i.HAL_TIM_Base_Init                      0x08001f7c   Section        0  stm32f4xx_hal_tim.o(i.HAL_TIM_Base_Init)
    i.HAL_TIM_Base_MspInit                   0x08001fb0   Section        0  stm32f4xx_hal_tim.o(i.HAL_TIM_Base_MspInit)
    i.HAL_TIM_Base_Start_IT                  0x08001fb2   Section        0  stm32f4xx_hal_tim.o(i.HAL_TIM_Base_Start_IT)
    i.HAL_TIM_IC_CaptureCallback             0x08001fdc   Section        0  stm32f4xx_hal_tim.o(i.HAL_TIM_IC_CaptureCallback)
    i.HAL_TIM_IRQHandler                     0x08001fde   Section        0  stm32f4xx_hal_tim.o(i.HAL_TIM_IRQHandler)
    i.HAL_TIM_MspPostInit                    0x08002174   Section        0  tim.o(i.HAL_TIM_MspPostInit)
    i.HAL_TIM_OC_DelayElapsedCallback        0x08002214   Section        0  stm32f4xx_hal_tim.o(i.HAL_TIM_OC_DelayElapsedCallback)
    i.HAL_TIM_PWM_ConfigChannel              0x08002216   Section        0  stm32f4xx_hal_tim.o(i.HAL_TIM_PWM_ConfigChannel)
    i.HAL_TIM_PWM_Init                       0x0800231e   Section        0  stm32f4xx_hal_tim.o(i.HAL_TIM_PWM_Init)
    i.HAL_TIM_PWM_MspInit                    0x08002354   Section        0  tim.o(i.HAL_TIM_PWM_MspInit)
    i.HAL_TIM_PWM_PulseFinishedCallback      0x08002388   Section        0  stm32f4xx_hal_tim.o(i.HAL_TIM_PWM_PulseFinishedCallback)
    i.HAL_TIM_PWM_Start                      0x0800238c   Section        0  stm32f4xx_hal_tim.o(i.HAL_TIM_PWM_Start)
    i.HAL_TIM_PeriodElapsedCallback          0x080023e4   Section        0  main.o(i.HAL_TIM_PeriodElapsedCallback)
    i.HAL_TIM_TriggerCallback                0x080023fc   Section        0  stm32f4xx_hal_tim.o(i.HAL_TIM_TriggerCallback)
    i.HAL_UART_ErrorCallback                 0x080023fe   Section        0  stm32f4xx_hal_uart.o(i.HAL_UART_ErrorCallback)
    i.HAL_UART_IRQHandler                    0x08002400   Section        0  stm32f4xx_hal_uart.o(i.HAL_UART_IRQHandler)
    i.HAL_UART_Init                          0x08002554   Section        0  stm32f4xx_hal_uart.o(i.HAL_UART_Init)
    i.HAL_UART_MspInit                       0x080025c8   Section        0  usart.o(i.HAL_UART_MspInit)
    i.HAL_UART_RxCpltCallback                0x080026a8   Section        0  stm32f4xx_hal_uart.o(i.HAL_UART_RxCpltCallback)
    i.HAL_UART_TxCpltCallback                0x080026aa   Section        0  stm32f4xx_hal_uart.o(i.HAL_UART_TxCpltCallback)
    i.HardFault_Handler                      0x080026ac   Section        0  stm32f4xx_it.o(i.HardFault_Handler)
    i.MX_CAN1_Init                           0x080026b0   Section        0  can.o(i.MX_CAN1_Init)
    i.MX_DMA_Init                            0x080026f4   Section        0  dma.o(i.MX_DMA_Init)
    i.MX_FREERTOS_Init                       0x0800272c   Section        0  freertos.o(i.MX_FREERTOS_Init)
    i.MX_GPIO_Init                           0x0800278c   Section        0  gpio.o(i.MX_GPIO_Init)
    i.MX_TIM1_Init                           0x080028f4   Section        0  tim.o(i.MX_TIM1_Init)
    i.MX_USART1_UART_Init                    0x080029dc   Section        0  usart.o(i.MX_USART1_UART_Init)
    i.MemManage_Handler                      0x08002a18   Section        0  stm32f4xx_it.o(i.MemManage_Handler)
    i.NMI_Handler                            0x08002a1c   Section        0  stm32f4xx_it.o(i.NMI_Handler)
    i.PID_struct_init                        0x08002a20   Section        0  bsp_pid.o(i.PID_struct_init)
    i.StartDefaultTask                       0x08002a70   Section        0  freertos.o(i.StartDefaultTask)
    i.SysTick_Handler                        0x08002a7c   Section        0  port.o(i.SysTick_Handler)
    i.SystemClock_Config                     0x08002ab0   Section        0  main.o(i.SystemClock_Config)
    i.SystemInit                             0x08002b64   Section        0  system_stm32f4xx.o(i.SystemInit)
    i.TIM6_DAC_IRQHandler                    0x08002bc8   Section        0  stm32f4xx_it.o(i.TIM6_DAC_IRQHandler)
    i.TIM_Base_SetConfig                     0x08002bd8   Section        0  stm32f4xx_hal_tim.o(i.TIM_Base_SetConfig)
    i.TIM_CCxChannelCmd                      0x08002cb0   Section        0  stm32f4xx_hal_tim.o(i.TIM_CCxChannelCmd)
    i.TIM_OC1_SetConfig                      0x08002cd4   Section        0  stm32f4xx_hal_tim.o(i.TIM_OC1_SetConfig)
    TIM_OC1_SetConfig                        0x08002cd5   Thumb Code   104  stm32f4xx_hal_tim.o(i.TIM_OC1_SetConfig)
    i.TIM_OC2_SetConfig                      0x08002d44   Section        0  stm32f4xx_hal_tim.o(i.TIM_OC2_SetConfig)
    i.TIM_OC3_SetConfig                      0x08002dc0   Section        0  stm32f4xx_hal_tim.o(i.TIM_OC3_SetConfig)
    TIM_OC3_SetConfig                        0x08002dc1   Thumb Code   112  stm32f4xx_hal_tim.o(i.TIM_OC3_SetConfig)
    i.TIM_OC4_SetConfig                      0x08002e38   Section        0  stm32f4xx_hal_tim.o(i.TIM_OC4_SetConfig)
    TIM_OC4_SetConfig                        0x08002e39   Thumb Code    74  stm32f4xx_hal_tim.o(i.TIM_OC4_SetConfig)
    i.TstTask                                0x08002e8c   Section        0  freertos.o(i.TstTask)
    i.UART_DMAAbortOnError                   0x0800301c   Section        0  stm32f4xx_hal_uart.o(i.UART_DMAAbortOnError)
    UART_DMAAbortOnError                     0x0800301d   Thumb Code    20  stm32f4xx_hal_uart.o(i.UART_DMAAbortOnError)
    i.UART_EndRxTransfer                     0x08003030   Section        0  stm32f4xx_hal_uart.o(i.UART_EndRxTransfer)
    UART_EndRxTransfer                       0x08003031   Thumb Code    32  stm32f4xx_hal_uart.o(i.UART_EndRxTransfer)
    i.UART_EndTransmit_IT                    0x08003050   Section        0  stm32f4xx_hal_uart.o(i.UART_EndTransmit_IT)
    UART_EndTransmit_IT                      0x08003051   Thumb Code    32  stm32f4xx_hal_uart.o(i.UART_EndTransmit_IT)
    i.UART_Receive_IT                        0x08003070   Section        0  stm32f4xx_hal_uart.o(i.UART_Receive_IT)
    UART_Receive_IT                          0x08003071   Thumb Code   166  stm32f4xx_hal_uart.o(i.UART_Receive_IT)
    i.UART_SetConfig                         0x08003118   Section        0  stm32f4xx_hal_uart.o(i.UART_SetConfig)
    UART_SetConfig                           0x08003119   Thumb Code   992  stm32f4xx_hal_uart.o(i.UART_SetConfig)
    i.UART_Transmit_IT                       0x08003500   Section        0  stm32f4xx_hal_uart.o(i.UART_Transmit_IT)
    UART_Transmit_IT                         0x08003501   Thumb Code   104  stm32f4xx_hal_uart.o(i.UART_Transmit_IT)
    i.USART1_IRQHandler                      0x08003568   Section        0  stm32f4xx_it.o(i.USART1_IRQHandler)
    i.UsageFault_Handler                     0x0800357c   Section        0  stm32f4xx_it.o(i.UsageFault_Handler)
    i.__NVIC_GetPriorityGrouping             0x08003580   Section        0  stm32f4xx_hal_cortex.o(i.__NVIC_GetPriorityGrouping)
    __NVIC_GetPriorityGrouping               0x08003581   Thumb Code    10  stm32f4xx_hal_cortex.o(i.__NVIC_GetPriorityGrouping)
    i.__NVIC_SetPriority                     0x08003590   Section        0  stm32f4xx_hal_cortex.o(i.__NVIC_SetPriority)
    __NVIC_SetPriority                       0x08003591   Thumb Code    32  stm32f4xx_hal_cortex.o(i.__NVIC_SetPriority)
    i.__scatterload_copy                     0x080035b8   Section       14  handlers.o(i.__scatterload_copy)
    i.__scatterload_null                     0x080035c6   Section        2  handlers.o(i.__scatterload_null)
    i.__scatterload_zeroinit                 0x080035c8   Section       14  handlers.o(i.__scatterload_zeroinit)
    i.abs_limit                              0x080035d6   Section        0  bsp_pid.o(i.abs_limit)
    i.can_filter_init                        0x08003604   Section        0  bsp_can.o(i.can_filter_init)
    i.dbus_uart_init                         0x08003640   Section        0  bsp_uart.o(i.dbus_uart_init)
    i.dma_current_data_counter               0x08003680   Section        0  bsp_uart.o(i.dma_current_data_counter)
    i.main                                   0x08003688   Section        0  main.o(i.main)
    i.makeFreeRtosPriority                   0x080036ec   Section        0  cmsis_os.o(i.makeFreeRtosPriority)
    makeFreeRtosPriority                     0x080036ed   Thumb Code    14  cmsis_os.o(i.makeFreeRtosPriority)
    i.osDelay                                0x080036fa   Section        0  cmsis_os.o(i.osDelay)
    i.osKernelStart                          0x08003712   Section        0  cmsis_os.o(i.osKernelStart)
    i.osThreadCreate                         0x0800371c   Section        0  cmsis_os.o(i.osThreadCreate)
    i.pid_calc                               0x0800377c   Section        0  bsp_pid.o(i.pid_calc)
    i.pid_param_init                         0x08003990   Section        0  bsp_pid.o(i.pid_param_init)
    pid_param_init                           0x08003991   Thumb Code    20  bsp_pid.o(i.pid_param_init)
    i.pid_reset                              0x080039a4   Section        0  bsp_pid.o(i.pid_reset)
    pid_reset                                0x080039a5   Thumb Code    14  bsp_pid.o(i.pid_reset)
    i.prvAddCurrentTaskToDelayedList         0x080039b4   Section        0  tasks.o(i.prvAddCurrentTaskToDelayedList)
    prvAddCurrentTaskToDelayedList           0x080039b5   Thumb Code   124  tasks.o(i.prvAddCurrentTaskToDelayedList)
    i.prvAddNewTaskToReadyList               0x08003a4c   Section        0  tasks.o(i.prvAddNewTaskToReadyList)
    prvAddNewTaskToReadyList                 0x08003a4d   Thumb Code   150  tasks.o(i.prvAddNewTaskToReadyList)
    i.prvCheckTasksWaitingTermination        0x08003b00   Section        0  tasks.o(i.prvCheckTasksWaitingTermination)
    prvCheckTasksWaitingTermination          0x08003b01   Thumb Code    60  tasks.o(i.prvCheckTasksWaitingTermination)
    i.prvDeleteTCB                           0x08003b48   Section        0  tasks.o(i.prvDeleteTCB)
    prvDeleteTCB                             0x08003b49   Thumb Code    80  tasks.o(i.prvDeleteTCB)
    i.prvHeapInit                            0x08003b98   Section        0  heap_4.o(i.prvHeapInit)
    prvHeapInit                              0x08003b99   Thumb Code    98  heap_4.o(i.prvHeapInit)
    i.prvIdleTask                            0x08003c14   Section        0  tasks.o(i.prvIdleTask)
    prvIdleTask                              0x08003c15   Thumb Code    32  tasks.o(i.prvIdleTask)
    i.prvInitialiseNewTask                   0x08003c3c   Section        0  tasks.o(i.prvInitialiseNewTask)
    prvInitialiseNewTask                     0x08003c3d   Thumb Code   170  tasks.o(i.prvInitialiseNewTask)
    i.prvInitialiseTaskLists                 0x08003ce8   Section        0  tasks.o(i.prvInitialiseTaskLists)
    prvInitialiseTaskLists                   0x08003ce9   Thumb Code    70  tasks.o(i.prvInitialiseTaskLists)
    i.prvInsertBlockIntoFreeList             0x08003d50   Section        0  heap_4.o(i.prvInsertBlockIntoFreeList)
    prvInsertBlockIntoFreeList               0x08003d51   Thumb Code    96  heap_4.o(i.prvInsertBlockIntoFreeList)
    i.prvResetNextTaskUnblockTime            0x08003db8   Section        0  tasks.o(i.prvResetNextTaskUnblockTime)
    prvResetNextTaskUnblockTime              0x08003db9   Thumb Code    42  tasks.o(i.prvResetNextTaskUnblockTime)
    i.prvTaskExitError                       0x08003dec   Section        0  port.o(i.prvTaskExitError)
    prvTaskExitError                         0x08003ded   Thumb Code    60  port.o(i.prvTaskExitError)
    i.pvPortMalloc                           0x08003e2c   Section        0  heap_4.o(i.pvPortMalloc)
    i.pxPortInitialiseStack                  0x08003f68   Section        0  port.o(i.pxPortInitialiseStack)
    i.rc_callback_handler                    0x08003f94   Section        0  bsp_uart.o(i.rc_callback_handler)
    i.shooter                                0x0800406c   Section        0  freertos.o(i.shooter)
    i.uart_receive_dma_no_it                 0x080041cc   Section        0  bsp_uart.o(i.uart_receive_dma_no_it)
    uart_receive_dma_no_it                   0x080041cd   Thumb Code    72  bsp_uart.o(i.uart_receive_dma_no_it)
    i.uart_receive_handler                   0x08004214   Section        0  bsp_uart.o(i.uart_receive_handler)
    i.uart_rx_idle_callback                  0x08004238   Section        0  bsp_uart.o(i.uart_rx_idle_callback)
    uart_rx_idle_callback                    0x08004239   Thumb Code    98  bsp_uart.o(i.uart_rx_idle_callback)
    i.uxListRemove                           0x080042a8   Section        0  list.o(i.uxListRemove)
    i.vApplicationGetIdleTaskMemory          0x080042d0   Section        0  freertos.o(i.vApplicationGetIdleTaskMemory)
    i.vListInitialise                        0x080042e8   Section        0  list.o(i.vListInitialise)
    i.vListInitialiseItem                    0x08004302   Section        0  list.o(i.vListInitialiseItem)
    i.vListInsert                            0x08004308   Section        0  list.o(i.vListInsert)
    i.vListInsertEnd                         0x0800433c   Section        0  list.o(i.vListInsertEnd)
    i.vPortEnterCritical                     0x08004354   Section        0  port.o(i.vPortEnterCritical)
    i.vPortExitCritical                      0x080043a8   Section        0  port.o(i.vPortExitCritical)
    i.vPortFree                              0x080043e4   Section        0  heap_4.o(i.vPortFree)
    i.vPortSetupTimerInterrupt               0x08004478   Section        0  port.o(i.vPortSetupTimerInterrupt)
    i.vTaskDelay                             0x080044a0   Section        0  tasks.o(i.vTaskDelay)
    i.vTaskStartScheduler                    0x080044fc   Section        0  tasks.o(i.vTaskStartScheduler)
    i.vTaskSuspendAll                        0x080045ac   Section        0  tasks.o(i.vTaskSuspendAll)
    i.vTaskSwitchContext                     0x080045bc   Section        0  tasks.o(i.vTaskSwitchContext)
    i.xPortStartScheduler                    0x08004648   Section        0  port.o(i.xPortStartScheduler)
    i.xTaskCreate                            0x080047b0   Section        0  tasks.o(i.xTaskCreate)
    i.xTaskCreateStatic                      0x08004814   Section        0  tasks.o(i.xTaskCreateStatic)
    i.xTaskIncrementTick                     0x080048cc   Section        0  tasks.o(i.xTaskIncrementTick)
    i.xTaskResumeAll                         0x08004a14   Section        0  tasks.o(i.xTaskResumeAll)
    .constdata                               0x08004b18   Section       84  freertos.o(.constdata)
    .constdata                               0x08004b6c   Section       24  system_stm32f4xx.o(.constdata)
    .constdata                               0x08004b84   Section        8  stm32f4xx_hal_dma.o(.constdata)
    flagBitshiftOffset                       0x08004b84   Data           8  stm32f4xx_hal_dma.o(.constdata)
    .conststring                             0x08004b8c   Section       36  freertos.o(.conststring)
    .data                                    0x20000000   Section       12  freertos.o(.data)
    .data                                    0x2000000c   Section        4  system_stm32f4xx.o(.data)
    .data                                    0x20000010   Section       17  can_receive.o(.data)
    gimbal_can_send_data                     0x20000010   Data           8  can_receive.o(.data)
    chassis_can_send_data                    0x20000018   Data           8  can_receive.o(.data)
    i                                        0x20000020   Data           1  can_receive.o(.data)
    .data                                    0x20000024   Section        9  stm32f4xx_hal.o(.data)
    .data                                    0x20000030   Section       60  tasks.o(.data)
    pxDelayedTaskList                        0x20000034   Data           4  tasks.o(.data)
    pxOverflowDelayedTaskList                0x20000038   Data           4  tasks.o(.data)
    uxDeletedTasksWaitingCleanUp             0x2000003c   Data           4  tasks.o(.data)
    uxCurrentNumberOfTasks                   0x20000040   Data           4  tasks.o(.data)
    xTickCount                               0x20000044   Data           4  tasks.o(.data)
    uxTopReadyPriority                       0x20000048   Data           4  tasks.o(.data)
    xSchedulerRunning                        0x2000004c   Data           4  tasks.o(.data)
    uxPendedTicks                            0x20000050   Data           4  tasks.o(.data)
    xYieldPending                            0x20000054   Data           4  tasks.o(.data)
    xNumOfOverflows                          0x20000058   Data           4  tasks.o(.data)
    uxTaskNumber                             0x2000005c   Data           4  tasks.o(.data)
    xNextTaskUnblockTime                     0x20000060   Data           4  tasks.o(.data)
    xIdleTaskHandle                          0x20000064   Data           4  tasks.o(.data)
    uxSchedulerSuspended                     0x20000068   Data           4  tasks.o(.data)
    .data                                    0x2000006c   Section       24  heap_4.o(.data)
    xStart                                   0x2000006c   Data           8  heap_4.o(.data)
    pxEnd                                    0x20000074   Data           4  heap_4.o(.data)
    xFreeBytesRemaining                      0x20000078   Data           4  heap_4.o(.data)
    xMinimumEverFreeBytesRemaining           0x2000007c   Data           4  heap_4.o(.data)
    xBlockAllocatedBit                       0x20000080   Data           4  heap_4.o(.data)
    .data                                    0x20000084   Section       12  port.o(.data)
    uxCriticalNesting                        0x20000084   Data           4  port.o(.data)
    ucMaxSysCallPriority                     0x20000088   Data           1  port.o(.data)
    ulMaxPRIGROUPValue                       0x2000008c   Data           4  port.o(.data)
    .bss                                     0x20000090   Section     1080  bsp_pid.o(.bss)
    .bss                                     0x200004c8   Section       40  can.o(.bss)
    .bss                                     0x200004f0   Section      596  freertos.o(.bss)
    xIdleTaskTCBBuffer                       0x200004f0   Data          84  freertos.o(.bss)
    xIdleStack                               0x20000544   Data         512  freertos.o(.bss)
    .bss                                     0x20000744   Section       64  stm32f4xx_hal_timebase_tim.o(.bss)
    .bss                                     0x20000784   Section       64  tim.o(.bss)
    .bss                                     0x200007c4   Section      160  usart.o(.bss)
    .bss                                     0x20000864   Section       28  bsp_uart.o(.bss)
    .bss                                     0x20000880   Section      120  can_receive.o(.bss)
    gimbal_tx_message                        0x200008c8   Data          24  can_receive.o(.bss)
    chassis_tx_message                       0x200008e0   Data          24  can_receive.o(.bss)
    .bss                                     0x200008f8   Section      240  tasks.o(.bss)
    pxReadyTasksLists                        0x200008f8   Data         140  tasks.o(.bss)
    xDelayedTaskList1                        0x20000984   Data          20  tasks.o(.bss)
    xDelayedTaskList2                        0x20000998   Data          20  tasks.o(.bss)
    xPendingReadyList                        0x200009ac   Data          20  tasks.o(.bss)
    xTasksWaitingTermination                 0x200009c0   Data          20  tasks.o(.bss)
    xSuspendedTaskList                       0x200009d4   Data          20  tasks.o(.bss)
    .bss                                     0x200009e8   Section    15360  heap_4.o(.bss)
    ucHeap                                   0x200009e8   Data       15360  heap_4.o(.bss)
    STACK                                    0x200045e8   Section     1024  startup_stm32f407xx.o(STACK)

    Global Symbols

    Symbol Name                              Value     Ov Type        Size  Object(Section)

    BuildAttributes$$THM_ISAv4$E$P$D$K$B$S$7EM$VFPi3$EXTD16$VFPS$VFMA$PE$A:L22UL41UL21$X:L11$S22US41US21$IEEE1$IW$USESV6$~STKCKD$USESV7$~SHL$OTIME$ROPI$IEEEJ$EBA8$MICROLIB$REQ8$PRES8$EABIv2 0x00000000   Number         0  anon$$obj.o ABSOLUTE
    __ARM_use_no_argv                        0x00000000   Number         0  main.o ABSOLUTE
    __cpp_initialize__aeabi_                  - Undefined Weak Reference
    __cxa_finalize                            - Undefined Weak Reference
    __decompress                              - Undefined Weak Reference
    _clock_init                               - Undefined Weak Reference
    _microlib_exit                            - Undefined Weak Reference
    __Vectors_Size                           0x00000188   Number         0  startup_stm32f407xx.o ABSOLUTE
    __Vectors                                0x08000000   Data           4  startup_stm32f407xx.o(RESET)
    __Vectors_End                            0x08000188   Data           0  startup_stm32f407xx.o(RESET)
    __main                                   0x08000189   Thumb Code     0  entry.o(.ARM.Collect$$$$00000000)
    _main_stk                                0x08000189   Thumb Code     0  entry2.o(.ARM.Collect$$$$00000001)
    _main_scatterload                        0x0800018d   Thumb Code     0  entry5.o(.ARM.Collect$$$$00000004)
    __main_after_scatterload                 0x08000191   Thumb Code     0  entry5.o(.ARM.Collect$$$$00000004)
    _main_clock                              0x08000191   Thumb Code     0  entry7b.o(.ARM.Collect$$$$00000008)
    _main_cpp_init                           0x08000191   Thumb Code     0  entry8b.o(.ARM.Collect$$$$0000000A)
    _main_init                               0x08000191   Thumb Code     0  entry9a.o(.ARM.Collect$$$$0000000B)
    __rt_final_cpp                           0x08000199   Thumb Code     0  entry10a.o(.ARM.Collect$$$$0000000D)
    __rt_final_exit                          0x08000199   Thumb Code     0  entry11a.o(.ARM.Collect$$$$0000000F)
    SVC_Handler                              0x0800019d   Thumb Code    28  port.o(.emb_text)
    __asm___6_port_c_39a90d8d__prvStartFirstTask 0x080001bd   Thumb Code    36  port.o(.emb_text)
    __asm___6_port_c_39a90d8d__prvEnableVFP  0x080001e5   Thumb Code    16  port.o(.emb_text)
    PendSV_Handler                           0x080001f9   Thumb Code    88  port.o(.emb_text)
    vPortGetIPSR                             0x08000255   Thumb Code     6  port.o(.emb_text)
    Reset_Handler                            0x0800025d   Thumb Code     8  startup_stm32f407xx.o(.text)
    ADC_IRQHandler                           0x08000277   Thumb Code     0  startup_stm32f407xx.o(.text)
    CAN1_RX1_IRQHandler                      0x08000277   Thumb Code     0  startup_stm32f407xx.o(.text)
    CAN1_SCE_IRQHandler                      0x08000277   Thumb Code     0  startup_stm32f407xx.o(.text)
    CAN1_TX_IRQHandler                       0x08000277   Thumb Code     0  startup_stm32f407xx.o(.text)
    CAN2_RX0_IRQHandler                      0x08000277   Thumb Code     0  startup_stm32f407xx.o(.text)
    CAN2_RX1_IRQHandler                      0x08000277   Thumb Code     0  startup_stm32f407xx.o(.text)
    CAN2_SCE_IRQHandler                      0x08000277   Thumb Code     0  startup_stm32f407xx.o(.text)
    CAN2_TX_IRQHandler                       0x08000277   Thumb Code     0  startup_stm32f407xx.o(.text)
    DCMI_IRQHandler                          0x08000277   Thumb Code     0  startup_stm32f407xx.o(.text)
    DMA1_Stream0_IRQHandler                  0x08000277   Thumb Code     0  startup_stm32f407xx.o(.text)
    DMA1_Stream1_IRQHandler                  0x08000277   Thumb Code     0  startup_stm32f407xx.o(.text)
    DMA1_Stream2_IRQHandler                  0x08000277   Thumb Code     0  startup_stm32f407xx.o(.text)
    DMA1_Stream3_IRQHandler                  0x08000277   Thumb Code     0  startup_stm32f407xx.o(.text)
    DMA1_Stream4_IRQHandler                  0x08000277   Thumb Code     0  startup_stm32f407xx.o(.text)
    DMA1_Stream5_IRQHandler                  0x08000277   Thumb Code     0  startup_stm32f407xx.o(.text)
    DMA1_Stream6_IRQHandler                  0x08000277   Thumb Code     0  startup_stm32f407xx.o(.text)
    DMA1_Stream7_IRQHandler                  0x08000277   Thumb Code     0  startup_stm32f407xx.o(.text)
    DMA2_Stream0_IRQHandler                  0x08000277   Thumb Code     0  startup_stm32f407xx.o(.text)
    DMA2_Stream1_IRQHandler                  0x08000277   Thumb Code     0  startup_stm32f407xx.o(.text)
    DMA2_Stream3_IRQHandler                  0x08000277   Thumb Code     0  startup_stm32f407xx.o(.text)
    DMA2_Stream4_IRQHandler                  0x08000277   Thumb Code     0  startup_stm32f407xx.o(.text)
    DMA2_Stream5_IRQHandler                  0x08000277   Thumb Code     0  startup_stm32f407xx.o(.text)
    DMA2_Stream6_IRQHandler                  0x08000277   Thumb Code     0  startup_stm32f407xx.o(.text)
    DMA2_Stream7_IRQHandler                  0x08000277   Thumb Code     0  startup_stm32f407xx.o(.text)
    ETH_IRQHandler                           0x08000277   Thumb Code     0  startup_stm32f407xx.o(.text)
    ETH_WKUP_IRQHandler                      0x08000277   Thumb Code     0  startup_stm32f407xx.o(.text)
    EXTI0_IRQHandler                         0x08000277   Thumb Code     0  startup_stm32f407xx.o(.text)
    EXTI15_10_IRQHandler                     0x08000277   Thumb Code     0  startup_stm32f407xx.o(.text)
    EXTI1_IRQHandler                         0x08000277   Thumb Code     0  startup_stm32f407xx.o(.text)
    EXTI2_IRQHandler                         0x08000277   Thumb Code     0  startup_stm32f407xx.o(.text)
    EXTI3_IRQHandler                         0x08000277   Thumb Code     0  startup_stm32f407xx.o(.text)
    EXTI4_IRQHandler                         0x08000277   Thumb Code     0  startup_stm32f407xx.o(.text)
    EXTI9_5_IRQHandler                       0x08000277   Thumb Code     0  startup_stm32f407xx.o(.text)
    FLASH_IRQHandler                         0x08000277   Thumb Code     0  startup_stm32f407xx.o(.text)
    FMC_IRQHandler                           0x08000277   Thumb Code     0  startup_stm32f407xx.o(.text)
    FPU_IRQHandler                           0x08000277   Thumb Code     0  startup_stm32f407xx.o(.text)
    HASH_RNG_IRQHandler                      0x08000277   Thumb Code     0  startup_stm32f407xx.o(.text)
    I2C1_ER_IRQHandler                       0x08000277   Thumb Code     0  startup_stm32f407xx.o(.text)
    I2C1_EV_IRQHandler                       0x08000277   Thumb Code     0  startup_stm32f407xx.o(.text)
    I2C2_ER_IRQHandler                       0x08000277   Thumb Code     0  startup_stm32f407xx.o(.text)
    I2C2_EV_IRQHandler                       0x08000277   Thumb Code     0  startup_stm32f407xx.o(.text)
    I2C3_ER_IRQHandler                       0x08000277   Thumb Code     0  startup_stm32f407xx.o(.text)
    I2C3_EV_IRQHandler                       0x08000277   Thumb Code     0  startup_stm32f407xx.o(.text)
    OTG_FS_IRQHandler                        0x08000277   Thumb Code     0  startup_stm32f407xx.o(.text)
    OTG_FS_WKUP_IRQHandler                   0x08000277   Thumb Code     0  startup_stm32f407xx.o(.text)
    OTG_HS_EP1_IN_IRQHandler                 0x08000277   Thumb Code     0  startup_stm32f407xx.o(.text)
    OTG_HS_EP1_OUT_IRQHandler                0x08000277   Thumb Code     0  startup_stm32f407xx.o(.text)
    OTG_HS_IRQHandler                        0x08000277   Thumb Code     0  startup_stm32f407xx.o(.text)
    OTG_HS_WKUP_IRQHandler                   0x08000277   Thumb Code     0  startup_stm32f407xx.o(.text)
    PVD_IRQHandler                           0x08000277   Thumb Code     0  startup_stm32f407xx.o(.text)
    RCC_IRQHandler                           0x08000277   Thumb Code     0  startup_stm32f407xx.o(.text)
    RTC_Alarm_IRQHandler                     0x08000277   Thumb Code     0  startup_stm32f407xx.o(.text)
    RTC_WKUP_IRQHandler                      0x08000277   Thumb Code     0  startup_stm32f407xx.o(.text)
    SDIO_IRQHandler                          0x08000277   Thumb Code     0  startup_stm32f407xx.o(.text)
    SPI1_IRQHandler                          0x08000277   Thumb Code     0  startup_stm32f407xx.o(.text)
    SPI2_IRQHandler                          0x08000277   Thumb Code     0  startup_stm32f407xx.o(.text)
    SPI3_IRQHandler                          0x08000277   Thumb Code     0  startup_stm32f407xx.o(.text)
    TAMP_STAMP_IRQHandler                    0x08000277   Thumb Code     0  startup_stm32f407xx.o(.text)
    TIM1_BRK_TIM9_IRQHandler                 0x08000277   Thumb Code     0  startup_stm32f407xx.o(.text)
    TIM1_CC_IRQHandler                       0x08000277   Thumb Code     0  startup_stm32f407xx.o(.text)
    TIM1_TRG_COM_TIM11_IRQHandler            0x08000277   Thumb Code     0  startup_stm32f407xx.o(.text)
    TIM1_UP_TIM10_IRQHandler                 0x08000277   Thumb Code     0  startup_stm32f407xx.o(.text)
    TIM2_IRQHandler                          0x08000277   Thumb Code     0  startup_stm32f407xx.o(.text)
    TIM3_IRQHandler                          0x08000277   Thumb Code     0  startup_stm32f407xx.o(.text)
    TIM4_IRQHandler                          0x08000277   Thumb Code     0  startup_stm32f407xx.o(.text)
    TIM5_IRQHandler                          0x08000277   Thumb Code     0  startup_stm32f407xx.o(.text)
    TIM7_IRQHandler                          0x08000277   Thumb Code     0  startup_stm32f407xx.o(.text)
    TIM8_BRK_TIM12_IRQHandler                0x08000277   Thumb Code     0  startup_stm32f407xx.o(.text)
    TIM8_CC_IRQHandler                       0x08000277   Thumb Code     0  startup_stm32f407xx.o(.text)
    TIM8_TRG_COM_TIM14_IRQHandler            0x08000277   Thumb Code     0  startup_stm32f407xx.o(.text)
    TIM8_UP_TIM13_IRQHandler                 0x08000277   Thumb Code     0  startup_stm32f407xx.o(.text)
    UART4_IRQHandler                         0x08000277   Thumb Code     0  startup_stm32f407xx.o(.text)
    UART5_IRQHandler                         0x08000277   Thumb Code     0  startup_stm32f407xx.o(.text)
    USART2_IRQHandler                        0x08000277   Thumb Code     0  startup_stm32f407xx.o(.text)
    USART3_IRQHandler                        0x08000277   Thumb Code     0  startup_stm32f407xx.o(.text)
    USART6_IRQHandler                        0x08000277   Thumb Code     0  startup_stm32f407xx.o(.text)
    WWDG_IRQHandler                          0x08000277   Thumb Code     0  startup_stm32f407xx.o(.text)
    __aeabi_uldivmod                         0x08000281   Thumb Code    98  uldiv.o(.text)
    __aeabi_memcpy                           0x080002e3   Thumb Code    36  memcpya.o(.text)
    __aeabi_memcpy4                          0x080002e3   Thumb Code     0  memcpya.o(.text)
    __aeabi_memcpy8                          0x080002e3   Thumb Code     0  memcpya.o(.text)
    __aeabi_memset                           0x08000307   Thumb Code    14  memseta.o(.text)
    __aeabi_memset4                          0x08000307   Thumb Code     0  memseta.o(.text)
    __aeabi_memset8                          0x08000307   Thumb Code     0  memseta.o(.text)
    __aeabi_memclr                           0x08000315   Thumb Code     4  memseta.o(.text)
    __aeabi_memclr4                          0x08000315   Thumb Code     0  memseta.o(.text)
    __aeabi_memclr8                          0x08000315   Thumb Code     0  memseta.o(.text)
    memset                                   0x08000319   Thumb Code    18  memseta.o(.text)
    __aeabi_llsl                             0x0800032b   Thumb Code    30  llshl.o(.text)
    _ll_shift_l                              0x0800032b   Thumb Code     0  llshl.o(.text)
    __aeabi_llsr                             0x08000349   Thumb Code    32  llushr.o(.text)
    _ll_ushift_r                             0x08000349   Thumb Code     0  llushr.o(.text)
    __scatterload                            0x08000369   Thumb Code    28  init.o(.text)
    __scatterload_rt2                        0x08000369   Thumb Code     0  init.o(.text)
    BusFault_Handler                         0x0800038d   Thumb Code     4  stm32f4xx_it.o(i.BusFault_Handler)
    CAN1_RX0_IRQHandler                      0x08000391   Thumb Code    10  stm32f4xx_it.o(i.CAN1_RX0_IRQHandler)
    CAN_cmd_chassis                          0x080003a1   Thumb Code    68  can_receive.o(i.CAN_cmd_chassis)
    CAN_cmd_gimbal                           0x080003f1   Thumb Code    68  can_receive.o(i.CAN_cmd_gimbal)
    DMA2_Stream2_IRQHandler                  0x08000441   Thumb Code    10  stm32f4xx_it.o(i.DMA2_Stream2_IRQHandler)
    DebugMon_Handler                         0x0800055b   Thumb Code     2  stm32f4xx_it.o(i.DebugMon_Handler)
    Error_Handler                            0x0800055d   Thumb Code     2  main.o(i.Error_Handler)
    HAL_CAN_ActivateNotification             0x0800055f   Thumb Code    42  stm32f4xx_hal_can.o(i.HAL_CAN_ActivateNotification)
    HAL_CAN_AddTxMessage                     0x08000589   Thumb Code   342  stm32f4xx_hal_can.o(i.HAL_CAN_AddTxMessage)
    HAL_CAN_ConfigFilter                     0x080006e1   Thumb Code   286  stm32f4xx_hal_can.o(i.HAL_CAN_ConfigFilter)
    HAL_CAN_ErrorCallback                    0x08000805   Thumb Code     2  stm32f4xx_hal_can.o(i.HAL_CAN_ErrorCallback)
    HAL_CAN_GetRxMessage                     0x08000807   Thumb Code   378  stm32f4xx_hal_can.o(i.HAL_CAN_GetRxMessage)
    HAL_CAN_IRQHandler                       0x08000981   Thumb Code   590  stm32f4xx_hal_can.o(i.HAL_CAN_IRQHandler)
    HAL_CAN_Init                             0x08000bcf   Thumb Code   372  stm32f4xx_hal_can.o(i.HAL_CAN_Init)
    HAL_CAN_MspInit                          0x08000d45   Thumb Code   138  can.o(i.HAL_CAN_MspInit)
    HAL_CAN_RxFifo0FullCallback              0x08000ddd   Thumb Code     2  stm32f4xx_hal_can.o(i.HAL_CAN_RxFifo0FullCallback)
    HAL_CAN_RxFifo0MsgPendingCallback        0x08000de1   Thumb Code   200  can_receive.o(i.HAL_CAN_RxFifo0MsgPendingCallback)
    HAL_CAN_RxFifo1FullCallback              0x08000eb1   Thumb Code     2  stm32f4xx_hal_can.o(i.HAL_CAN_RxFifo1FullCallback)
    HAL_CAN_RxFifo1MsgPendingCallback        0x08000eb3   Thumb Code     2  stm32f4xx_hal_can.o(i.HAL_CAN_RxFifo1MsgPendingCallback)
    HAL_CAN_SleepCallback                    0x08000eb5   Thumb Code     2  stm32f4xx_hal_can.o(i.HAL_CAN_SleepCallback)
    HAL_CAN_Start                            0x08000eb7   Thumb Code    94  stm32f4xx_hal_can.o(i.HAL_CAN_Start)
    HAL_CAN_TxMailbox0AbortCallback          0x08000f15   Thumb Code     2  stm32f4xx_hal_can.o(i.HAL_CAN_TxMailbox0AbortCallback)
    HAL_CAN_TxMailbox0CompleteCallback       0x08000f17   Thumb Code     2  stm32f4xx_hal_can.o(i.HAL_CAN_TxMailbox0CompleteCallback)
    HAL_CAN_TxMailbox1AbortCallback          0x08000f19   Thumb Code     2  stm32f4xx_hal_can.o(i.HAL_CAN_TxMailbox1AbortCallback)
    HAL_CAN_TxMailbox1CompleteCallback       0x08000f1b   Thumb Code     2  stm32f4xx_hal_can.o(i.HAL_CAN_TxMailbox1CompleteCallback)
    HAL_CAN_TxMailbox2AbortCallback          0x08000f1d   Thumb Code     2  stm32f4xx_hal_can.o(i.HAL_CAN_TxMailbox2AbortCallback)
    HAL_CAN_TxMailbox2CompleteCallback       0x08000f1f   Thumb Code     2  stm32f4xx_hal_can.o(i.HAL_CAN_TxMailbox2CompleteCallback)
    HAL_CAN_WakeUpFromRxMsgCallback          0x08000f21   Thumb Code     2  stm32f4xx_hal_can.o(i.HAL_CAN_WakeUpFromRxMsgCallback)
    HAL_DMA_Abort_IT                         0x08000f23   Thumb Code    40  stm32f4xx_hal_dma.o(i.HAL_DMA_Abort_IT)
    HAL_DMA_IRQHandler                       0x08000f4d   Thumb Code   570  stm32f4xx_hal_dma.o(i.HAL_DMA_IRQHandler)
    HAL_DMA_Init                             0x0800118d   Thumb Code   232  stm32f4xx_hal_dma.o(i.HAL_DMA_Init)
    HAL_DMA_Start                            0x08001279   Thumb Code   102  stm32f4xx_hal_dma.o(i.HAL_DMA_Start)
    HAL_GPIO_Init                            0x080012e1   Thumb Code   466  stm32f4xx_hal_gpio.o(i.HAL_GPIO_Init)
    HAL_GPIO_TogglePin                       0x080014e1   Thumb Code    18  stm32f4xx_hal_gpio.o(i.HAL_GPIO_TogglePin)
    HAL_GPIO_WritePin                        0x080014f3   Thumb Code    12  stm32f4xx_hal_gpio.o(i.HAL_GPIO_WritePin)
    HAL_GetTick                              0x08001501   Thumb Code     6  stm32f4xx_hal.o(i.HAL_GetTick)
    HAL_IncTick                              0x0800150d   Thumb Code    16  stm32f4xx_hal.o(i.HAL_IncTick)
    HAL_Init                                 0x08001525   Thumb Code    54  stm32f4xx_hal.o(i.HAL_Init)
    HAL_InitTick                             0x08001561   Thumb Code   122  stm32f4xx_hal_timebase_tim.o(i.HAL_InitTick)
    HAL_MspInit                              0x080015ed   Thumb Code    78  stm32f4xx_hal_msp.o(i.HAL_MspInit)
    HAL_NVIC_EnableIRQ                       0x08001641   Thumb Code    32  stm32f4xx_hal_cortex.o(i.HAL_NVIC_EnableIRQ)
    HAL_NVIC_SetPriority                     0x08001661   Thumb Code   124  stm32f4xx_hal_cortex.o(i.HAL_NVIC_SetPriority)
    HAL_NVIC_SetPriorityGrouping             0x080016dd   Thumb Code    32  stm32f4xx_hal_cortex.o(i.HAL_NVIC_SetPriorityGrouping)
    HAL_RCC_ClockConfig                      0x08001705   Thumb Code   368  stm32f4xx_hal_rcc.o(i.HAL_RCC_ClockConfig)
    HAL_RCC_GetClockConfig                   0x08001889   Thumb Code    58  stm32f4xx_hal_rcc.o(i.HAL_RCC_GetClockConfig)
    HAL_RCC_GetHCLKFreq                      0x080018cd   Thumb Code     6  stm32f4xx_hal_rcc.o(i.HAL_RCC_GetHCLKFreq)
    HAL_RCC_GetPCLK1Freq                     0x080018d9   Thumb Code    22  stm32f4xx_hal_rcc.o(i.HAL_RCC_GetPCLK1Freq)
    HAL_RCC_GetPCLK2Freq                     0x080018f9   Thumb Code    22  stm32f4xx_hal_rcc.o(i.HAL_RCC_GetPCLK2Freq)
    HAL_RCC_GetSysClockFreq                  0x08001919   Thumb Code   162  stm32f4xx_hal_rcc.o(i.HAL_RCC_GetSysClockFreq)
    HAL_RCC_OscConfig                        0x080019c9   Thumb Code  1152  stm32f4xx_hal_rcc.o(i.HAL_RCC_OscConfig)
    HAL_TIMEx_BreakCallback                  0x08001e51   Thumb Code     2  stm32f4xx_hal_tim_ex.o(i.HAL_TIMEx_BreakCallback)
    HAL_TIMEx_CommutCallback                 0x08001e53   Thumb Code     2  stm32f4xx_hal_tim_ex.o(i.HAL_TIMEx_CommutCallback)
    HAL_TIMEx_ConfigBreakDeadTime            0x08001e55   Thumb Code   116  stm32f4xx_hal_tim_ex.o(i.HAL_TIMEx_ConfigBreakDeadTime)
    HAL_TIMEx_MasterConfigSynchronization    0x08001ec9   Thumb Code   150  stm32f4xx_hal_tim_ex.o(i.HAL_TIMEx_MasterConfigSynchronization)
    HAL_TIM_Base_Init                        0x08001f7d   Thumb Code    52  stm32f4xx_hal_tim.o(i.HAL_TIM_Base_Init)
    HAL_TIM_Base_MspInit                     0x08001fb1   Thumb Code     2  stm32f4xx_hal_tim.o(i.HAL_TIM_Base_MspInit)
    HAL_TIM_Base_Start_IT                    0x08001fb3   Thumb Code    42  stm32f4xx_hal_tim.o(i.HAL_TIM_Base_Start_IT)
    HAL_TIM_IC_CaptureCallback               0x08001fdd   Thumb Code     2  stm32f4xx_hal_tim.o(i.HAL_TIM_IC_CaptureCallback)
    HAL_TIM_IRQHandler                       0x08001fdf   Thumb Code   406  stm32f4xx_hal_tim.o(i.HAL_TIM_IRQHandler)
    HAL_TIM_MspPostInit                      0x08002175   Thumb Code   144  tim.o(i.HAL_TIM_MspPostInit)
    HAL_TIM_OC_DelayElapsedCallback          0x08002215   Thumb Code     2  stm32f4xx_hal_tim.o(i.HAL_TIM_OC_DelayElapsedCallback)
    HAL_TIM_PWM_ConfigChannel                0x08002217   Thumb Code   264  stm32f4xx_hal_tim.o(i.HAL_TIM_PWM_ConfigChannel)
    HAL_TIM_PWM_Init                         0x0800231f   Thumb Code    52  stm32f4xx_hal_tim.o(i.HAL_TIM_PWM_Init)
    HAL_TIM_PWM_MspInit                      0x08002355   Thumb Code    44  tim.o(i.HAL_TIM_PWM_MspInit)
    HAL_TIM_PWM_PulseFinishedCallback        0x08002389   Thumb Code     2  stm32f4xx_hal_tim.o(i.HAL_TIM_PWM_PulseFinishedCallback)
    HAL_TIM_PWM_Start                        0x0800238d   Thumb Code    80  stm32f4xx_hal_tim.o(i.HAL_TIM_PWM_Start)
    HAL_TIM_PeriodElapsedCallback            0x080023e5   Thumb Code    18  main.o(i.HAL_TIM_PeriodElapsedCallback)
    HAL_TIM_TriggerCallback                  0x080023fd   Thumb Code     2  stm32f4xx_hal_tim.o(i.HAL_TIM_TriggerCallback)
    HAL_UART_ErrorCallback                   0x080023ff   Thumb Code     2  stm32f4xx_hal_uart.o(i.HAL_UART_ErrorCallback)
    HAL_UART_IRQHandler                      0x08002401   Thumb Code   336  stm32f4xx_hal_uart.o(i.HAL_UART_IRQHandler)
    HAL_UART_Init                            0x08002555   Thumb Code   114  stm32f4xx_hal_uart.o(i.HAL_UART_Init)
    HAL_UART_MspInit                         0x080025c9   Thumb Code   202  usart.o(i.HAL_UART_MspInit)
    HAL_UART_RxCpltCallback                  0x080026a9   Thumb Code     2  stm32f4xx_hal_uart.o(i.HAL_UART_RxCpltCallback)
    HAL_UART_TxCpltCallback                  0x080026ab   Thumb Code     2  stm32f4xx_hal_uart.o(i.HAL_UART_TxCpltCallback)
    HardFault_Handler                        0x080026ad   Thumb Code     4  stm32f4xx_it.o(i.HardFault_Handler)
    MX_CAN1_Init                             0x080026b1   Thumb Code    58  can.o(i.MX_CAN1_Init)
    MX_DMA_Init                              0x080026f5   Thumb Code    52  dma.o(i.MX_DMA_Init)
    MX_FREERTOS_Init                         0x0800272d   Thumb Code    78  freertos.o(i.MX_FREERTOS_Init)
    MX_GPIO_Init                             0x0800278d   Thumb Code   340  gpio.o(i.MX_GPIO_Init)
    MX_TIM1_Init                             0x080028f5   Thumb Code   222  tim.o(i.MX_TIM1_Init)
    MX_USART1_UART_Init                      0x080029dd   Thumb Code    48  usart.o(i.MX_USART1_UART_Init)
    MemManage_Handler                        0x08002a19   Thumb Code     4  stm32f4xx_it.o(i.MemManage_Handler)
    NMI_Handler                              0x08002a1d   Thumb Code     2  stm32f4xx_it.o(i.NMI_Handler)
    PID_struct_init                          0x08002a21   Thumb Code    70  bsp_pid.o(i.PID_struct_init)
    StartDefaultTask                         0x08002a71   Thumb Code    10  freertos.o(i.StartDefaultTask)
    SysTick_Handler                          0x08002a7d   Thumb Code    46  port.o(i.SysTick_Handler)
    SystemClock_Config                       0x08002ab1   Thumb Code   170  main.o(i.SystemClock_Config)
    SystemInit                               0x08002b65   Thumb Code    82  system_stm32f4xx.o(i.SystemInit)
    TIM6_DAC_IRQHandler                      0x08002bc9   Thumb Code    10  stm32f4xx_it.o(i.TIM6_DAC_IRQHandler)
    TIM_Base_SetConfig                       0x08002bd9   Thumb Code   170  stm32f4xx_hal_tim.o(i.TIM_Base_SetConfig)
    TIM_CCxChannelCmd                        0x08002cb1   Thumb Code    34  stm32f4xx_hal_tim.o(i.TIM_CCxChannelCmd)
    TIM_OC2_SetConfig                        0x08002d45   Thumb Code   114  stm32f4xx_hal_tim.o(i.TIM_OC2_SetConfig)
    TstTask                                  0x08002e8d   Thumb Code   376  freertos.o(i.TstTask)
    USART1_IRQHandler                        0x08003569   Thumb Code    16  stm32f4xx_it.o(i.USART1_IRQHandler)
    UsageFault_Handler                       0x0800357d   Thumb Code     4  stm32f4xx_it.o(i.UsageFault_Handler)
    __scatterload_copy                       0x080035b9   Thumb Code    14  handlers.o(i.__scatterload_copy)
    __scatterload_null                       0x080035c7   Thumb Code     2  handlers.o(i.__scatterload_null)
    __scatterload_zeroinit                   0x080035c9   Thumb Code    14  handlers.o(i.__scatterload_zeroinit)
    abs_limit                                0x080035d7   Thumb Code    46  bsp_pid.o(i.abs_limit)
    can_filter_init                          0x08003605   Thumb Code    56  bsp_can.o(i.can_filter_init)
    dbus_uart_init                           0x08003641   Thumb Code    56  bsp_uart.o(i.dbus_uart_init)
    dma_current_data_counter                 0x08003681   Thumb Code     8  bsp_uart.o(i.dma_current_data_counter)
    main                                     0x08003689   Thumb Code    90  main.o(i.main)
    osDelay                                  0x080036fb   Thumb Code    24  cmsis_os.o(i.osDelay)
    osKernelStart                            0x08003713   Thumb Code    10  cmsis_os.o(i.osKernelStart)
    osThreadCreate                           0x0800371d   Thumb Code    94  cmsis_os.o(i.osThreadCreate)
    pid_calc                                 0x0800377d   Thumb Code   528  bsp_pid.o(i.pid_calc)
    pvPortMalloc                             0x08003e2d   Thumb Code   296  heap_4.o(i.pvPortMalloc)
    pxPortInitialiseStack                    0x08003f69   Thumb Code    38  port.o(i.pxPortInitialiseStack)
    rc_callback_handler                      0x08003f95   Thumb Code   216  bsp_uart.o(i.rc_callback_handler)
    shooter                                  0x0800406d   Thumb Code   318  freertos.o(i.shooter)
    uart_receive_handler                     0x08004215   Thumb Code    34  bsp_uart.o(i.uart_receive_handler)
    uxListRemove                             0x080042a9   Thumb Code    40  list.o(i.uxListRemove)
    vApplicationGetIdleTaskMemory            0x080042d1   Thumb Code    14  freertos.o(i.vApplicationGetIdleTaskMemory)
    vListInitialise                          0x080042e9   Thumb Code    26  list.o(i.vListInitialise)
    vListInitialiseItem                      0x08004303   Thumb Code     6  list.o(i.vListInitialiseItem)
    vListInsert                              0x08004309   Thumb Code    52  list.o(i.vListInsert)
    vListInsertEnd                           0x0800433d   Thumb Code    24  list.o(i.vListInsertEnd)
    vPortEnterCritical                       0x08004355   Thumb Code    76  port.o(i.vPortEnterCritical)
    vPortExitCritical                        0x080043a9   Thumb Code    56  port.o(i.vPortExitCritical)
    vPortFree                                0x080043e5   Thumb Code   140  heap_4.o(i.vPortFree)
    vPortSetupTimerInterrupt                 0x08004479   Thumb Code    36  port.o(i.vPortSetupTimerInterrupt)
    vTaskDelay                               0x080044a1   Thumb Code    82  tasks.o(i.vTaskDelay)
    vTaskStartScheduler                      0x080044fd   Thumb Code   146  tasks.o(i.vTaskStartScheduler)
    vTaskSuspendAll                          0x080045ad   Thumb Code    12  tasks.o(i.vTaskSuspendAll)
    vTaskSwitchContext                       0x080045bd   Thumb Code   118  tasks.o(i.vTaskSwitchContext)
    xPortStartScheduler                      0x08004649   Thumb Code   330  port.o(i.xPortStartScheduler)
    xTaskCreate                              0x080047b1   Thumb Code   100  tasks.o(i.xTaskCreate)
    xTaskCreateStatic                        0x08004815   Thumb Code   184  tasks.o(i.xTaskCreateStatic)
    xTaskIncrementTick                       0x080048cd   Thumb Code   282  tasks.o(i.xTaskIncrementTick)
    xTaskResumeAll                           0x08004a15   Thumb Code   224  tasks.o(i.xTaskResumeAll)
    AHBPrescTable                            0x08004b6c   Data          16  system_stm32f4xx.o(.constdata)
    APBPrescTable                            0x08004b7c   Data           8  system_stm32f4xx.o(.constdata)
    Region$$Table$$Base                      0x08004bb0   Number         0  anon$$obj.o(Region$$Table)
    Region$$Table$$Limit                     0x08004bd0   Number         0  anon$$obj.o(Region$$Table)
    defaultTaskHandle                        0x20000000   Data           4  freertos.o(.data)
    anothertaskHandle                        0x20000004   Data           4  freertos.o(.data)
    shooterTaskHandle                        0x20000008   Data           4  freertos.o(.data)
    SystemCoreClock                          0x2000000c   Data           4  system_stm32f4xx.o(.data)
    uwTick                                   0x20000024   Data           4  stm32f4xx_hal.o(.data)
    uwTickPrio                               0x20000028   Data           4  stm32f4xx_hal.o(.data)
    uwTickFreq                               0x2000002c   Data           1  stm32f4xx_hal.o(.data)
    pxCurrentTCB                             0x20000030   Data           4  tasks.o(.data)
    pid_omg                                  0x20000090   Data         108  bsp_pid.o(.bss)
    pid_pos                                  0x200000fc   Data         108  bsp_pid.o(.bss)
    pid_spd                                  0x20000168   Data         432  bsp_pid.o(.bss)
    pid_spd_shooter                          0x20000318   Data         432  bsp_pid.o(.bss)
    hcan1                                    0x200004c8   Data          40  can.o(.bss)
    htim6                                    0x20000744   Data          64  stm32f4xx_hal_timebase_tim.o(.bss)
    htim1                                    0x20000784   Data          64  tim.o(.bss)
    huart1                                   0x200007c4   Data          64  usart.o(.bss)
    hdma_usart1_rx                           0x20000804   Data          96  usart.o(.bss)
    dbus_buf                                 0x20000864   Data          18  bsp_uart.o(.bss)
    rc                                       0x20000876   Data          10  bsp_uart.o(.bss)
    motor_chassis                            0x20000880   Data          70  can_receive.o(.bss)
    __initial_sp                             0x200049e8   Data           0  startup_stm32f407xx.o(STACK)



==============================================================================

Memory Map of the image

  Image Entry point : 0x08000189

  Load Region LR_IROM1 (Base: 0x08000000, Size: 0x00004c60, Max: 0x00100000, ABSOLUTE)

    Execution Region ER_IROM1 (Exec base: 0x08000000, Load base: 0x08000000, Size: 0x00004bd0, Max: 0x00100000, ABSOLUTE)

    Exec Addr    Load Addr    Size         Type   Attr      Idx    E Section Name        Object

    0x08000000   0x08000000   0x00000188   Data   RO          186    RESET               startup_stm32f407xx.o
    0x08000188   0x08000188   0x00000000   Code   RO         4990  * .ARM.Collect$$$$00000000  mc_w.l(entry.o)
    0x08000188   0x08000188   0x00000004   Code   RO         5007    .ARM.Collect$$$$00000001  mc_w.l(entry2.o)
    0x0800018c   0x0800018c   0x00000004   Code   RO         5010    .ARM.Collect$$$$00000004  mc_w.l(entry5.o)
    0x08000190   0x08000190   0x00000000   Code   RO         5012    .ARM.Collect$$$$00000008  mc_w.l(entry7b.o)
    0x08000190   0x08000190   0x00000000   Code   RO         5014    .ARM.Collect$$$$0000000A  mc_w.l(entry8b.o)
    0x08000190   0x08000190   0x00000008   Code   RO         5015    .ARM.Collect$$$$0000000B  mc_w.l(entry9a.o)
    0x08000198   0x08000198   0x00000000   Code   RO         5017    .ARM.Collect$$$$0000000D  mc_w.l(entry10a.o)
    0x08000198   0x08000198   0x00000000   Code   RO         5019    .ARM.Collect$$$$0000000F  mc_w.l(entry11a.o)
    0x08000198   0x08000198   0x00000004   Code   RO         5008    .ARM.Collect$$$$00002712  mc_w.l(entry2.o)
    0x0800019c   0x0800019c   0x000000be   Code   RO         4907    .emb_text           port.o
    0x0800025a   0x0800025a   0x00000002   PAD
    0x0800025c   0x0800025c   0x00000024   Code   RO          187    .text               startup_stm32f407xx.o
    0x08000280   0x08000280   0x00000062   Code   RO         4993    .text               mc_w.l(uldiv.o)
    0x080002e2   0x080002e2   0x00000024   Code   RO         4995    .text               mc_w.l(memcpya.o)
    0x08000306   0x08000306   0x00000024   Code   RO         4999    .text               mc_w.l(memseta.o)
    0x0800032a   0x0800032a   0x0000001e   Code   RO         5021    .text               mc_w.l(llshl.o)
    0x08000348   0x08000348   0x00000020   Code   RO         5023    .text               mc_w.l(llushr.o)
    0x08000368   0x08000368   0x00000024   Code   RO         5026    .text               mc_w.l(init.o)
    0x0800038c   0x0800038c   0x00000004   Code   RO          629    i.BusFault_Handler  stm32f4xx_it.o
    0x08000390   0x08000390   0x00000010   Code   RO          630    i.CAN1_RX0_IRQHandler  stm32f4xx_it.o
    0x080003a0   0x080003a0   0x00000050   Code   RO          942    i.CAN_cmd_chassis   can_receive.o
    0x080003f0   0x080003f0   0x00000050   Code   RO          944    i.CAN_cmd_gimbal    can_receive.o
    0x08000440   0x08000440   0x00000010   Code   RO          631    i.DMA2_Stream2_IRQHandler  stm32f4xx_it.o
    0x08000450   0x08000450   0x00000034   Code   RO         1754    i.DMA_CalcBaseAndBitshift  stm32f4xx_hal_dma.o
    0x08000484   0x08000484   0x000000aa   Code   RO         1755    i.DMA_CheckFifoParam  stm32f4xx_hal_dma.o
    0x0800052e   0x0800052e   0x0000002c   Code   RO         1756    i.DMA_SetConfig     stm32f4xx_hal_dma.o
    0x0800055a   0x0800055a   0x00000002   Code   RO          632    i.DebugMon_Handler  stm32f4xx_it.o
    0x0800055c   0x0800055c   0x00000002   Code   RO          194    i.Error_Handler     main.o
    0x0800055e   0x0800055e   0x0000002a   Code   RO         1017    i.HAL_CAN_ActivateNotification  stm32f4xx_hal_can.o
    0x08000588   0x08000588   0x00000156   Code   RO         1018    i.HAL_CAN_AddTxMessage  stm32f4xx_hal_can.o
    0x080006de   0x080006de   0x00000002   PAD
    0x080006e0   0x080006e0   0x00000124   Code   RO         1019    i.HAL_CAN_ConfigFilter  stm32f4xx_hal_can.o
    0x08000804   0x08000804   0x00000002   Code   RO         1022    i.HAL_CAN_ErrorCallback  stm32f4xx_hal_can.o
    0x08000806   0x08000806   0x0000017a   Code   RO         1025    i.HAL_CAN_GetRxMessage  stm32f4xx_hal_can.o
    0x08000980   0x08000980   0x0000024e   Code   RO         1029    i.HAL_CAN_IRQHandler  stm32f4xx_hal_can.o
    0x08000bce   0x08000bce   0x00000174   Code   RO         1030    i.HAL_CAN_Init      stm32f4xx_hal_can.o
    0x08000d42   0x08000d42   0x00000002   PAD
    0x08000d44   0x08000d44   0x00000098   Code   RO          341    i.HAL_CAN_MspInit   can.o
    0x08000ddc   0x08000ddc   0x00000002   Code   RO         1037    i.HAL_CAN_RxFifo0FullCallback  stm32f4xx_hal_can.o
    0x08000dde   0x08000dde   0x00000002   PAD
    0x08000de0   0x08000de0   0x000000d0   Code   RO          945    i.HAL_CAN_RxFifo0MsgPendingCallback  can_receive.o
    0x08000eb0   0x08000eb0   0x00000002   Code   RO         1039    i.HAL_CAN_RxFifo1FullCallback  stm32f4xx_hal_can.o
    0x08000eb2   0x08000eb2   0x00000002   Code   RO         1040    i.HAL_CAN_RxFifo1MsgPendingCallback  stm32f4xx_hal_can.o
    0x08000eb4   0x08000eb4   0x00000002   Code   RO         1041    i.HAL_CAN_SleepCallback  stm32f4xx_hal_can.o
    0x08000eb6   0x08000eb6   0x0000005e   Code   RO         1042    i.HAL_CAN_Start     stm32f4xx_hal_can.o
    0x08000f14   0x08000f14   0x00000002   Code   RO         1044    i.HAL_CAN_TxMailbox0AbortCallback  stm32f4xx_hal_can.o
    0x08000f16   0x08000f16   0x00000002   Code   RO         1045    i.HAL_CAN_TxMailbox0CompleteCallback  stm32f4xx_hal_can.o
    0x08000f18   0x08000f18   0x00000002   Code   RO         1046    i.HAL_CAN_TxMailbox1AbortCallback  stm32f4xx_hal_can.o
    0x08000f1a   0x08000f1a   0x00000002   Code   RO         1047    i.HAL_CAN_TxMailbox1CompleteCallback  stm32f4xx_hal_can.o
    0x08000f1c   0x08000f1c   0x00000002   Code   RO         1048    i.HAL_CAN_TxMailbox2AbortCallback  stm32f4xx_hal_can.o
    0x08000f1e   0x08000f1e   0x00000002   Code   RO         1049    i.HAL_CAN_TxMailbox2CompleteCallback  stm32f4xx_hal_can.o
    0x08000f20   0x08000f20   0x00000002   Code   RO         1051    i.HAL_CAN_WakeUpFromRxMsgCallback  stm32f4xx_hal_can.o
    0x08000f22   0x08000f22   0x00000028   Code   RO         1758    i.HAL_DMA_Abort_IT  stm32f4xx_hal_dma.o
    0x08000f4a   0x08000f4a   0x00000002   PAD
    0x08000f4c   0x08000f4c   0x00000240   Code   RO         1762    i.HAL_DMA_IRQHandler  stm32f4xx_hal_dma.o
    0x0800118c   0x0800118c   0x000000ec   Code   RO         1763    i.HAL_DMA_Init      stm32f4xx_hal_dma.o
    0x08001278   0x08001278   0x00000066   Code   RO         1766    i.HAL_DMA_Start     stm32f4xx_hal_dma.o
    0x080012de   0x080012de   0x00000002   PAD
    0x080012e0   0x080012e0   0x00000200   Code   RO         1650    i.HAL_GPIO_Init     stm32f4xx_hal_gpio.o
    0x080014e0   0x080014e0   0x00000012   Code   RO         1653    i.HAL_GPIO_TogglePin  stm32f4xx_hal_gpio.o
    0x080014f2   0x080014f2   0x0000000c   Code   RO         1654    i.HAL_GPIO_WritePin  stm32f4xx_hal_gpio.o
    0x080014fe   0x080014fe   0x00000002   PAD
    0x08001500   0x08001500   0x0000000c   Code   RO         2187    i.HAL_GetTick       stm32f4xx_hal.o
    0x0800150c   0x0800150c   0x00000018   Code   RO         2193    i.HAL_IncTick       stm32f4xx_hal.o
    0x08001524   0x08001524   0x0000003c   Code   RO         2194    i.HAL_Init          stm32f4xx_hal.o
    0x08001560   0x08001560   0x0000008c   Code   RO          500    i.HAL_InitTick      stm32f4xx_hal_timebase_tim.o
    0x080015ec   0x080015ec   0x00000054   Code   RO          711    i.HAL_MspInit       stm32f4xx_hal_msp.o
    0x08001640   0x08001640   0x00000020   Code   RO         2039    i.HAL_NVIC_EnableIRQ  stm32f4xx_hal_cortex.o
    0x08001660   0x08001660   0x0000007c   Code   RO         2045    i.HAL_NVIC_SetPriority  stm32f4xx_hal_cortex.o
    0x080016dc   0x080016dc   0x00000028   Code   RO         2046    i.HAL_NVIC_SetPriorityGrouping  stm32f4xx_hal_cortex.o
    0x08001704   0x08001704   0x00000184   Code   RO         1251    i.HAL_RCC_ClockConfig  stm32f4xx_hal_rcc.o
    0x08001888   0x08001888   0x00000044   Code   RO         1255    i.HAL_RCC_GetClockConfig  stm32f4xx_hal_rcc.o
    0x080018cc   0x080018cc   0x0000000c   Code   RO         1256    i.HAL_RCC_GetHCLKFreq  stm32f4xx_hal_rcc.o
    0x080018d8   0x080018d8   0x00000020   Code   RO         1258    i.HAL_RCC_GetPCLK1Freq  stm32f4xx_hal_rcc.o
    0x080018f8   0x080018f8   0x00000020   Code   RO         1259    i.HAL_RCC_GetPCLK2Freq  stm32f4xx_hal_rcc.o
    0x08001918   0x08001918   0x000000b0   Code   RO         1260    i.HAL_RCC_GetSysClockFreq  stm32f4xx_hal_rcc.o
    0x080019c8   0x080019c8   0x00000488   Code   RO         1263    i.HAL_RCC_OscConfig  stm32f4xx_hal_rcc.o
    0x08001e50   0x08001e50   0x00000002   Code   RO         3120    i.HAL_TIMEx_BreakCallback  stm32f4xx_hal_tim_ex.o
    0x08001e52   0x08001e52   0x00000002   Code   RO         3121    i.HAL_TIMEx_CommutCallback  stm32f4xx_hal_tim_ex.o
    0x08001e54   0x08001e54   0x00000074   Code   RO         3123    i.HAL_TIMEx_ConfigBreakDeadTime  stm32f4xx_hal_tim_ex.o
    0x08001ec8   0x08001ec8   0x000000b4   Code   RO         3138    i.HAL_TIMEx_MasterConfigSynchronization  stm32f4xx_hal_tim_ex.o
    0x08001f7c   0x08001f7c   0x00000034   Code   RO         2434    i.HAL_TIM_Base_Init  stm32f4xx_hal_tim.o
    0x08001fb0   0x08001fb0   0x00000002   Code   RO         2436    i.HAL_TIM_Base_MspInit  stm32f4xx_hal_tim.o
    0x08001fb2   0x08001fb2   0x0000002a   Code   RO         2439    i.HAL_TIM_Base_Start_IT  stm32f4xx_hal_tim.o
    0x08001fdc   0x08001fdc   0x00000002   Code   RO         2463    i.HAL_TIM_IC_CaptureCallback  stm32f4xx_hal_tim.o
    0x08001fde   0x08001fde   0x00000196   Code   RO         2477    i.HAL_TIM_IRQHandler  stm32f4xx_hal_tim.o
    0x08002174   0x08002174   0x000000a0   Code   RO          539    i.HAL_TIM_MspPostInit  tim.o
    0x08002214   0x08002214   0x00000002   Code   RO         2480    i.HAL_TIM_OC_DelayElapsedCallback  stm32f4xx_hal_tim.o
    0x08002216   0x08002216   0x00000108   Code   RO         2501    i.HAL_TIM_PWM_ConfigChannel  stm32f4xx_hal_tim.o
    0x0800231e   0x0800231e   0x00000034   Code   RO         2504    i.HAL_TIM_PWM_Init  stm32f4xx_hal_tim.o
    0x08002352   0x08002352   0x00000002   PAD
    0x08002354   0x08002354   0x00000034   Code   RO          541    i.HAL_TIM_PWM_MspInit  tim.o
    0x08002388   0x08002388   0x00000002   Code   RO         2507    i.HAL_TIM_PWM_PulseFinishedCallback  stm32f4xx_hal_tim.o
    0x0800238a   0x0800238a   0x00000002   PAD
    0x0800238c   0x0800238c   0x00000058   Code   RO         2509    i.HAL_TIM_PWM_Start  stm32f4xx_hal_tim.o
    0x080023e4   0x080023e4   0x00000018   Code   RO          195    i.HAL_TIM_PeriodElapsedCallback  main.o
    0x080023fc   0x080023fc   0x00000002   Code   RO         2520    i.HAL_TIM_TriggerCallback  stm32f4xx_hal_tim.o
    0x080023fe   0x080023fe   0x00000002   Code   RO         3392    i.HAL_UART_ErrorCallback  stm32f4xx_hal_uart.o
    0x08002400   0x08002400   0x00000154   Code   RO         3395    i.HAL_UART_IRQHandler  stm32f4xx_hal_uart.o
    0x08002554   0x08002554   0x00000072   Code   RO         3396    i.HAL_UART_Init     stm32f4xx_hal_uart.o
    0x080025c6   0x080025c6   0x00000002   PAD
    0x080025c8   0x080025c8   0x000000e0   Code   RO          588    i.HAL_UART_MspInit  usart.o
    0x080026a8   0x080026a8   0x00000002   Code   RO         3402    i.HAL_UART_RxCpltCallback  stm32f4xx_hal_uart.o
    0x080026aa   0x080026aa   0x00000002   Code   RO         3407    i.HAL_UART_TxCpltCallback  stm32f4xx_hal_uart.o
    0x080026ac   0x080026ac   0x00000004   Code   RO          633    i.HardFault_Handler  stm32f4xx_it.o
    0x080026b0   0x080026b0   0x00000044   Code   RO          342    i.MX_CAN1_Init      can.o
    0x080026f4   0x080026f4   0x00000038   Code   RO          382    i.MX_DMA_Init       dma.o
    0x0800272c   0x0800272c   0x00000060   Code   RO          406    i.MX_FREERTOS_Init  freertos.o
    0x0800278c   0x0800278c   0x00000168   Code   RO          316    i.MX_GPIO_Init      gpio.o
    0x080028f4   0x080028f4   0x000000e8   Code   RO          542    i.MX_TIM1_Init      tim.o
    0x080029dc   0x080029dc   0x0000003c   Code   RO          589    i.MX_USART1_UART_Init  usart.o
    0x08002a18   0x08002a18   0x00000004   Code   RO          634    i.MemManage_Handler  stm32f4xx_it.o
    0x08002a1c   0x08002a1c   0x00000002   Code   RO          635    i.NMI_Handler       stm32f4xx_it.o
    0x08002a1e   0x08002a1e   0x00000002   PAD
    0x08002a20   0x08002a20   0x00000050   Code   RO            4    i.PID_struct_init   bsp_pid.o
    0x08002a70   0x08002a70   0x0000000a   Code   RO          407    i.StartDefaultTask  freertos.o
    0x08002a7a   0x08002a7a   0x00000002   PAD
    0x08002a7c   0x08002a7c   0x00000034   Code   RO         4908    i.SysTick_Handler   port.o
    0x08002ab0   0x08002ab0   0x000000b4   Code   RO          196    i.SystemClock_Config  main.o
    0x08002b64   0x08002b64   0x00000064   Code   RO          736    i.SystemInit        system_stm32f4xx.o
    0x08002bc8   0x08002bc8   0x00000010   Code   RO          636    i.TIM6_DAC_IRQHandler  stm32f4xx_it.o
    0x08002bd8   0x08002bd8   0x000000d8   Code   RO         2522    i.TIM_Base_SetConfig  stm32f4xx_hal_tim.o
    0x08002cb0   0x08002cb0   0x00000022   Code   RO         2523    i.TIM_CCxChannelCmd  stm32f4xx_hal_tim.o
    0x08002cd2   0x08002cd2   0x00000002   PAD
    0x08002cd4   0x08002cd4   0x00000070   Code   RO         2535    i.TIM_OC1_SetConfig  stm32f4xx_hal_tim.o
    0x08002d44   0x08002d44   0x0000007c   Code   RO         2536    i.TIM_OC2_SetConfig  stm32f4xx_hal_tim.o
    0x08002dc0   0x08002dc0   0x00000078   Code   RO         2537    i.TIM_OC3_SetConfig  stm32f4xx_hal_tim.o
    0x08002e38   0x08002e38   0x00000054   Code   RO         2538    i.TIM_OC4_SetConfig  stm32f4xx_hal_tim.o
    0x08002e8c   0x08002e8c   0x00000190   Code   RO          408    i.TstTask           freertos.o
    0x0800301c   0x0800301c   0x00000014   Code   RO         3409    i.UART_DMAAbortOnError  stm32f4xx_hal_uart.o
    0x08003030   0x08003030   0x00000020   Code   RO         3419    i.UART_EndRxTransfer  stm32f4xx_hal_uart.o
    0x08003050   0x08003050   0x00000020   Code   RO         3420    i.UART_EndTransmit_IT  stm32f4xx_hal_uart.o
    0x08003070   0x08003070   0x000000a6   Code   RO         3422    i.UART_Receive_IT   stm32f4xx_hal_uart.o
    0x08003116   0x08003116   0x00000002   PAD
    0x08003118   0x08003118   0x000003e8   Code   RO         3423    i.UART_SetConfig    stm32f4xx_hal_uart.o
    0x08003500   0x08003500   0x00000068   Code   RO         3424    i.UART_Transmit_IT  stm32f4xx_hal_uart.o
    0x08003568   0x08003568   0x00000014   Code   RO          637    i.USART1_IRQHandler  stm32f4xx_it.o
    0x0800357c   0x0800357c   0x00000004   Code   RO          638    i.UsageFault_Handler  stm32f4xx_it.o
    0x08003580   0x08003580   0x00000010   Code   RO         2052    i.__NVIC_GetPriorityGrouping  stm32f4xx_hal_cortex.o
    0x08003590   0x08003590   0x00000028   Code   RO         2053    i.__NVIC_SetPriority  stm32f4xx_hal_cortex.o
    0x080035b8   0x080035b8   0x0000000e   Code   RO         5030    i.__scatterload_copy  mc_w.l(handlers.o)
    0x080035c6   0x080035c6   0x00000002   Code   RO         5031    i.__scatterload_null  mc_w.l(handlers.o)
    0x080035c8   0x080035c8   0x0000000e   Code   RO         5032    i.__scatterload_zeroinit  mc_w.l(handlers.o)
    0x080035d6   0x080035d6   0x0000002e   Code   RO            5    i.abs_limit         bsp_pid.o
    0x08003604   0x08003604   0x0000003c   Code   RO          772    i.can_filter_init   bsp_can.o
    0x08003640   0x08003640   0x00000040   Code   RO          878    i.dbus_uart_init    bsp_uart.o
    0x08003680   0x08003680   0x00000008   Code   RO          879    i.dma_current_data_counter  bsp_uart.o
    0x08003688   0x08003688   0x00000064   Code   RO          197    i.main              main.o
    0x080036ec   0x080036ec   0x0000000e   Code   RO         4479    i.makeFreeRtosPriority  cmsis_os.o
    0x080036fa   0x080036fa   0x00000018   Code   RO         4481    i.osDelay           cmsis_os.o
    0x08003712   0x08003712   0x0000000a   Code   RO         4484    i.osKernelStart     cmsis_os.o
    0x0800371c   0x0800371c   0x0000005e   Code   RO         4518    i.osThreadCreate    cmsis_os.o
    0x0800377a   0x0800377a   0x00000002   PAD
    0x0800377c   0x0800377c   0x00000214   Code   RO            6    i.pid_calc          bsp_pid.o
    0x08003990   0x08003990   0x00000014   Code   RO            7    i.pid_param_init    bsp_pid.o
    0x080039a4   0x080039a4   0x0000000e   Code   RO            8    i.pid_reset         bsp_pid.o
    0x080039b2   0x080039b2   0x00000002   PAD
    0x080039b4   0x080039b4   0x00000098   Code   RO         4165    i.prvAddCurrentTaskToDelayedList  tasks.o
    0x08003a4c   0x08003a4c   0x000000b4   Code   RO         4166    i.prvAddNewTaskToReadyList  tasks.o
    0x08003b00   0x08003b00   0x00000048   Code   RO         4167    i.prvCheckTasksWaitingTermination  tasks.o
    0x08003b48   0x08003b48   0x00000050   Code   RO         4168    i.prvDeleteTCB      tasks.o
    0x08003b98   0x08003b98   0x0000007c   Code   RO         4846    i.prvHeapInit       heap_4.o
    0x08003c14   0x08003c14   0x00000028   Code   RO         4169    i.prvIdleTask       tasks.o
    0x08003c3c   0x08003c3c   0x000000aa   Code   RO         4170    i.prvInitialiseNewTask  tasks.o
    0x08003ce6   0x08003ce6   0x00000002   PAD
    0x08003ce8   0x08003ce8   0x00000068   Code   RO         4171    i.prvInitialiseTaskLists  tasks.o
    0x08003d50   0x08003d50   0x00000068   Code   RO         4847    i.prvInsertBlockIntoFreeList  heap_4.o
    0x08003db8   0x08003db8   0x00000034   Code   RO         4172    i.prvResetNextTaskUnblockTime  tasks.o
    0x08003dec   0x08003dec   0x00000040   Code   RO         4909    i.prvTaskExitError  port.o
    0x08003e2c   0x08003e2c   0x0000013c   Code   RO         4848    i.pvPortMalloc      heap_4.o
    0x08003f68   0x08003f68   0x0000002c   Code   RO         4910    i.pxPortInitialiseStack  port.o
    0x08003f94   0x08003f94   0x000000d8   Code   RO          880    i.rc_callback_handler  bsp_uart.o
    0x0800406c   0x0800406c   0x00000160   Code   RO          409    i.shooter           freertos.o
    0x080041cc   0x080041cc   0x00000048   Code   RO          881    i.uart_receive_dma_no_it  bsp_uart.o
    0x08004214   0x08004214   0x00000022   Code   RO          882    i.uart_receive_handler  bsp_uart.o
    0x08004236   0x08004236   0x00000002   PAD
    0x08004238   0x08004238   0x00000070   Code   RO          883    i.uart_rx_idle_callback  bsp_uart.o
    0x080042a8   0x080042a8   0x00000028   Code   RO         3803    i.uxListRemove      list.o
    0x080042d0   0x080042d0   0x00000018   Code   RO          410    i.vApplicationGetIdleTaskMemory  freertos.o
    0x080042e8   0x080042e8   0x0000001a   Code   RO         3804    i.vListInitialise   list.o
    0x08004302   0x08004302   0x00000006   Code   RO         3805    i.vListInitialiseItem  list.o
    0x08004308   0x08004308   0x00000034   Code   RO         3806    i.vListInsert       list.o
    0x0800433c   0x0800433c   0x00000018   Code   RO         3807    i.vListInsertEnd    list.o
    0x08004354   0x08004354   0x00000054   Code   RO         4912    i.vPortEnterCritical  port.o
    0x080043a8   0x080043a8   0x0000003c   Code   RO         4913    i.vPortExitCritical  port.o
    0x080043e4   0x080043e4   0x00000094   Code   RO         4849    i.vPortFree         heap_4.o
    0x08004478   0x08004478   0x00000028   Code   RO         4914    i.vPortSetupTimerInterrupt  port.o
    0x080044a0   0x080044a0   0x0000005c   Code   RO         4180    i.vTaskDelay        tasks.o
    0x080044fc   0x080044fc   0x000000b0   Code   RO         4193    i.vTaskStartScheduler  tasks.o
    0x080045ac   0x080045ac   0x00000010   Code   RO         4195    i.vTaskSuspendAll   tasks.o
    0x080045bc   0x080045bc   0x0000008c   Code   RO         4196    i.vTaskSwitchContext  tasks.o
    0x08004648   0x08004648   0x00000168   Code   RO         4916    i.xPortStartScheduler  port.o
    0x080047b0   0x080047b0   0x00000064   Code   RO         4198    i.xTaskCreate       tasks.o
    0x08004814   0x08004814   0x000000b8   Code   RO         4199    i.xTaskCreateStatic  tasks.o
    0x080048cc   0x080048cc   0x00000148   Code   RO         4206    i.xTaskIncrementTick  tasks.o
    0x08004a14   0x08004a14   0x00000104   Code   RO         4212    i.xTaskResumeAll    tasks.o
    0x08004b18   0x08004b18   0x00000054   Data   RO          412    .constdata          freertos.o
    0x08004b6c   0x08004b6c   0x00000018   Data   RO          737    .constdata          system_stm32f4xx.o
    0x08004b84   0x08004b84   0x00000008   Data   RO         1769    .constdata          stm32f4xx_hal_dma.o
    0x08004b8c   0x08004b8c   0x00000024   Data   RO          413    .conststring        freertos.o
    0x08004bb0   0x08004bb0   0x00000020   Data   RO         5028    Region$$Table       anon$$obj.o


    Execution Region RW_IRAM1 (Exec base: 0x20000000, Load base: 0x08004bd0, Size: 0x000049e8, Max: 0x00020000, ABSOLUTE)

    Exec Addr    Load Addr    Size         Type   Attr      Idx    E Section Name        Object

    0x20000000   0x08004bd0   0x0000000c   Data   RW          414    .data               freertos.o
    0x2000000c   0x08004bdc   0x00000004   Data   RW          738    .data               system_stm32f4xx.o
    0x20000010   0x08004be0   0x00000011   Data   RW          951    .data               can_receive.o
    0x20000021   0x08004bf1   0x00000003   PAD
    0x20000024   0x08004bf4   0x00000009   Data   RW         2201    .data               stm32f4xx_hal.o
    0x2000002d   0x08004bfd   0x00000003   PAD
    0x20000030   0x08004c00   0x0000003c   Data   RW         4215    .data               tasks.o
    0x2000006c   0x08004c3c   0x00000018   Data   RW         4854    .data               heap_4.o
    0x20000084   0x08004c54   0x0000000c   Data   RW         4917    .data               port.o
    0x20000090        -       0x00000438   Zero   RW           11    .bss                bsp_pid.o
    0x200004c8        -       0x00000028   Zero   RW          343    .bss                can.o
    0x200004f0        -       0x00000254   Zero   RW          411    .bss                freertos.o
    0x20000744        -       0x00000040   Zero   RW          503    .bss                stm32f4xx_hal_timebase_tim.o
    0x20000784        -       0x00000040   Zero   RW          543    .bss                tim.o
    0x200007c4        -       0x000000a0   Zero   RW          590    .bss                usart.o
    0x20000864        -       0x0000001c   Zero   RW          884    .bss                bsp_uart.o
    0x20000880        -       0x00000078   Zero   RW          950    .bss                can_receive.o
    0x200008f8        -       0x000000f0   Zero   RW         4214    .bss                tasks.o
    0x200009e8        -       0x00003c00   Zero   RW         4853    .bss                heap_4.o
    0x200045e8        -       0x00000400   Zero   RW          184    STACK               startup_stm32f407xx.o


==============================================================================

Image component sizes


      Code (inc. data)   RO Data    RW Data    ZI Data      Debug   Object Name

        60          4          0          0          0     570750   bsp_can.o
       692         14          0          0       1080     701272   bsp_pid.o
       506         22          0          0         28       4771   bsp_uart.o
       220         24          0          0         40       1693   can.o
       368         40          0         17        120       4029   can_receive.o
       142          0          0          0          0      22283   cmsis_os.o
        56          4          0          0          0        774   dma.o
         0          0          0          0          0      18192   event_groups.o
       882         86        120         12        596       4483   freertos.o
       360         20          0          0          0       1151   gpio.o
       692         62          0         24      15360       7431   heap_4.o
       148          0          0          0          0       3658   list.o
       306         26          0          0          0      34036   main.o
       894         78          0         12          0      11316   port.o
        36          8        392          0       1024        820   startup_stm32f407xx.o
        96         20          0          9          0       8166   stm32f4xx_hal.o
      2134          6          0          0          0      14619   stm32f4xx_hal_can.o
       252         22          0          0          0      33770   stm32f4xx_hal_cortex.o
      1220         16          8          0          0       6255   stm32f4xx_hal_dma.o
       542         46          0          0          0       2989   stm32f4xx_hal_gpio.o
        84          6          0          0          0        866   stm32f4xx_hal_msp.o
      1868         94          0          0          0       6389   stm32f4xx_hal_rcc.o
      1604         90          0          0          0      12557   stm32f4xx_hal_tim.o
       300         30          0          0          0       3397   stm32f4xx_hal_tim_ex.o
       140         18          0          0         64       1491   stm32f4xx_hal_timebase_tim.o
      1814         12          0          0          0       8087   stm32f4xx_hal_uart.o
        88         22          0          0          0       4859   stm32f4xx_it.o
       100         18         24          4          0       1203   system_stm32f4xx.o
      2146        270          0         60        240      17745   tasks.o
       444         34          0          0         64       2531   tim.o
       284         34          0          0        160       1821   usart.o

    ----------------------------------------------------------------------
     18514       1126        576        144      18776    1513404   Object Totals
         0          0         32          0          0          0   (incl. Generated)
        36          0          0          6          0          0   (incl. Padding)

    ----------------------------------------------------------------------

      Code (inc. data)   RO Data    RW Data    ZI Data      Debug   Library Member Name

         0          0          0          0          0          0   entry.o
         0          0          0          0          0          0   entry10a.o
         0          0          0          0          0          0   entry11a.o
         8          4          0          0          0          0   entry2.o
         4          0          0          0          0          0   entry5.o
         0          0          0          0          0          0   entry7b.o
         0          0          0          0          0          0   entry8b.o
         8          4          0          0          0          0   entry9a.o
        30          0          0          0          0          0   handlers.o
        36          8          0          0          0         68   init.o
        30          0          0          0          0         68   llshl.o
        32          0          0          0          0         68   llushr.o
        36          0          0          0          0         68   memcpya.o
        36          0          0          0          0        108   memseta.o
        98          0          0          0          0         92   uldiv.o

    ----------------------------------------------------------------------
       318         16          0          0          0        472   Library Totals
         0          0          0          0          0          0   (incl. Padding)

    ----------------------------------------------------------------------

      Code (inc. data)   RO Data    RW Data    ZI Data      Debug   Library Name

       318         16          0          0          0        472   mc_w.l

    ----------------------------------------------------------------------
       318         16          0          0          0        472   Library Totals

    ----------------------------------------------------------------------

==============================================================================


      Code (inc. data)   RO Data    RW Data    ZI Data      Debug   

     18832       1142        576        144      18776    1498824   Grand Totals
     18832       1142        576        144      18776    1498824   ELF Image Totals
     18832       1142        576        144          0          0   ROM Totals

==============================================================================

    Total RO  Size (Code + RO Data)                19408 (  18.95kB)
    Total RW  Size (RW Data + ZI Data)             18920 (  18.48kB)
    Total ROM Size (Code + RO Data + RW Data)      19552 (  19.09kB)

==============================================================================

