<html>
<body>
<pre>
<h1>µVision Build Log</h1>
<h2>Tool Versions:</h2>
IDE-Version: ¦ÌVision V5.29.0.0
Copyright (C) 2019 ARM Ltd and ARM Germany GmbH. All rights reserved.
License Information: QWEQ ZhouChenghan, QWEQWE, LIC=JL2UH-WM81F-5TW3W-Q9VZK-B8KHR-L3FXF
 
Tool Versions:
Toolchain:       MDK-ARM Plus  Version: 5.29.0.0
Toolchain Path:  C:\Keil_v5\ARM\ARMCC\Bin
C Compiler:      Armcc.exe V5.06 update 6 (build 750)
Assembler:       Armasm.exe V5.06 update 6 (build 750)
Linker/Locator:  ArmLink.exe V5.06 update 6 (build 750)
Library Manager: ArmAr.exe V5.06 update 6 (build 750)
Hex Converter:   FromElf.exe V5.06 update 6 (build 750)
CPU DLL:         SARMCM3.DLL V5.29.0.0
Dialog DLL:      DCM.DLL V1.17.3.0
Target DLL:      STLink\ST-LINKIII-KEIL_SWO.dll V3.0.7.0
Dialog DLL:      TCM.DLL V1.36.5.0
 
<h2>Project:</h2>
C:\Users\ZhouChenghan\Desktop\2021 standard template\standard template v0.2\MDK-ARM\demo.uvprojx
Project File Date:  03/02/2021

<h2>Output:</h2>
*** Using Compiler 'V5.06 update 6 (build 750)', folder: 'C:\Keil_v5\ARM\ARMCC\Bin'
Rebuild target 'demo'
compiling stm32f4xx_hal_flash_ramfunc.c...
compiling stm32f4xx_hal_gpio.c...
compiling stm32f4xx_hal_flash.c...
compiling stm32f4xx_hal_cortex.c...
compiling stm32f4xx_hal_flash_ex.c...
compiling stm32f4xx_hal_pwr.c...
compiling stm32f4xx_hal_can.c...
compiling stm32f4xx_hal_uart.c...
compiling stm32f4xx_hal.c...
compiling stm32f4xx_hal_dma_ex.c...
compiling stm32f4xx_hal_pwr_ex.c...
compiling stm32f4xx_hal_rcc_ex.c...
compiling stm32f4xx_hal_tim_ex.c...
compiling timers.c...
compiling stm32f4xx_hal_spi.c...
compiling croutine.c...
compiling tasks.c...
compiling stm32f4xx_hal_tim.c...
compiling queue.c...
compiling list.c...
compiling event_groups.c...
compiling heap_4.c...
assembling startup_stm32f427xx.s...
compiling port.c...
compiling cmsis_os.c...
compiling system_stm32f4xx.c...
compiling stm32f4xx_hal_dma.c...
compiling stm32f4xx_hal_rcc.c...
compiling dma.c...
compiling usart.c...
compiling stm32f4xx_hal_msp.c...
compiling tim.c...
compiling stm32f4xx_hal_timebase_TIM.c...
compiling main.c...
compiling freertos.c...
../Src/freertos.c(168): warning:  #177-D: variable "x"  was declared but never referenced
  		int16_t x= (int16_t)(1000*rc.ch2/660);//0~1000
../Src/freertos.c(169): warning:  #177-D: variable "y"  was declared but never referenced
  		int16_t y= -(int16_t)(1000*rc.ch1/660);
../Src/freertos.c(170): warning:  #177-D: variable "raw"  was declared but never referenced
  		int16_t raw= (int16_t)(3000*rc.ch3/660);
../Src/freertos.c: 3 warnings, 0 errors
compiling bsp_uart.c...
compiling pid.c...
compiling gpio.c...
compiling spi.c...
compiling can.c...
compiling stm32f4xx_it.c...
compiling bsp_can.c...
linking...
Program Size: Code=17080 RO-data=548 RW-data=112 ZI-data=18512  
"demo\demo.axf" - 0 Error(s), 3 Warning(s).

<h2>Software Packages used:</h2>

Package Vendor: ARM
                http://www.keil.com/pack/ARM.CMSIS.5.6.0.pack
                ARM.CMSIS.5.6.0
                CMSIS (Cortex Microcontroller Software Interface Standard)
   * Component: CORE Version: 5.3.0

Package Vendor: Keil
                http://www.keil.com/pack/Keil.STM32F4xx_DFP.2.14.0.pack
                Keil.STM32F4xx_DFP.2.14.0
                STMicroelectronics STM32F4 Series Device Support, Drivers and Examples

<h2>Collection of Component include folders:</h2>
  .\RTE\_demo
  D:\KEIL5\PACK\ARM\CMSIS\5.6.0\CMSIS\Core\Include
  D:\KEIL5\PACK\Keil\STM32F4xx_DFP\2.14.0\Drivers\CMSIS\Device\ST\STM32F4xx\Include

<h2>Collection of Component Files used:</h2>

   * Component: ARM::CMSIS:CORE:5.3.0
Build Time Elapsed:  00:00:12
</pre>
</body>
</html>
