<html>
<body>
<pre>
<h1>µVision Build Log</h1>
<h2>Tool Versions:</h2>
IDE-Version: ¦ÌVision V5.29.0.0
Copyright (C) 2019 ARM Ltd and ARM Germany GmbH. All rights reserved.
License Information: QWEQ ZhouChenghan, QWEQWE, LIC=JL2UH-WM81F-5TW3W-Q9VZK-B8KHR-L3FXF
 
Tool Versions:
Toolchain:       MDK-ARM Plus  Version: 5.29.0.0
Toolchain Path:  C:\Keil_v5\ARM\ARMCC\Bin
C Compiler:      Armcc.exe V5.06 update 6 (build 750)
Assembler:       Armasm.exe V5.06 update 6 (build 750)
Linker/Locator:  ArmLink.exe V5.06 update 6 (build 750)
Library Manager: ArmAr.exe V5.06 update 6 (build 750)
Hex Converter:   FromElf.exe V5.06 update 6 (build 750)
CPU DLL:         SARMCM3.DLL V5.29.0.0
Dialog DLL:      DARMSTM.DLL V1.68.0.0
Target DLL:      UL2CM3.DLL V1.163.0.0
Dialog DLL:      TARMSTM.DLL V1.66.0.0
 
<h2>Project:</h2>
C:\Users\ZhouChenghan\Desktop\RM\µç¿Ø\FreeRTOSv202012.00\FreeRTOS\Demo\CORTEX_STM32F103_Keil\RTOSDemo.uvproj
Project File Date:  <unknown>

<h2>Output:</h2>
*** Using Compiler 'V5.06 update 6 (build 750)', folder: 'C:\Keil_v5\ARM\ARMCC\Bin'
Build target 'Target 1'
assembling STM32F10x.s...
assembling cortexm3_macro_rvds.s...
compiling lcd.c...
compiling stm32f10x_spi.c...
compiling stm32f10x_rcc.c...
compiling stm32f10x_systick.c...
compiling ParTest.c...
compiling stm32f10x_tim.c...
compiling serial.c...
compiling timertest.c...
compiling stm32f10x_nvic.c...
compiling stm32f10x_usart.c...
compiling stm32f10x_gpio.c...
compiling main.c...
compiling blocktim.c...
compiling BlockQ.c...
compiling death.c...
compiling flash.c...
compiling integer.c...
compiling PollQ.c...
compiling list.c...
compiling queue.c...
compiling tasks.c...
compiling comtest.c...
compiling semtest.c...
compiling stm32f10x_lib.c...
compiling spi_flash.c...
compiling heap_2.c...
compiling port.c...
linking...
Program Size: Code=23458 RO-data=14530 RW-data=256 ZI-data=18152  
".\RTOSDemo.axf" - 0 Error(s), 0 Warning(s).
Build Time Elapsed:  00:00:03
</pre>
</body>
</html>
