Component: ARM Compiler 5.06 update 6 (build 750) Tool: armlink [4d35ed]

==============================================================================

Section Cross References

    startup_stm32f427xx.o(RESET) refers to startup_stm32f427xx.o(STACK) for __initial_sp
    startup_stm32f427xx.o(RESET) refers to startup_stm32f427xx.o(.text) for Reset_Handler
    startup_stm32f427xx.o(RESET) refers to stm32f4xx_it.o(i.NMI_Handler) for NMI_Handler
    startup_stm32f427xx.o(RESET) refers to stm32f4xx_it.o(i.HardFault_Handler) for HardFault_Handler
    startup_stm32f427xx.o(RESET) refers to stm32f4xx_it.o(i.MemManage_Handler) for MemManage_Handler
    startup_stm32f427xx.o(RESET) refers to stm32f4xx_it.o(i.BusFault_Handler) for BusFault_Handler
    startup_stm32f427xx.o(RESET) refers to stm32f4xx_it.o(i.UsageFault_Handler) for UsageFault_Handler
    startup_stm32f427xx.o(RESET) refers to port.o(.emb_text) for SVC_Handler
    startup_stm32f427xx.o(RESET) refers to stm32f4xx_it.o(i.DebugMon_Handler) for DebugMon_Handler
    startup_stm32f427xx.o(RESET) refers to stm32f4xx_it.o(i.SysTick_Handler) for SysTick_Handler
    startup_stm32f427xx.o(RESET) refers to stm32f4xx_it.o(i.CAN1_RX0_IRQHandler) for CAN1_RX0_IRQHandler
    startup_stm32f427xx.o(RESET) refers to stm32f4xx_it.o(i.USART1_IRQHandler) for USART1_IRQHandler
    startup_stm32f427xx.o(RESET) refers to stm32f4xx_it.o(i.DMA2_Stream2_IRQHandler) for DMA2_Stream2_IRQHandler
    startup_stm32f427xx.o(.text) refers to system_stm32f4xx.o(i.SystemInit) for SystemInit
    startup_stm32f427xx.o(.text) refers to entry.o(.ARM.Collect$$$$00000000) for __main
    main.o(i.SystemClock_Config) refers to memseta.o(.text) for __aeabi_memclr4
    main.o(i.SystemClock_Config) refers to stm32f4xx_hal_rcc.o(i.HAL_RCC_OscConfig) for HAL_RCC_OscConfig
    main.o(i.SystemClock_Config) refers to main.o(i.Error_Handler) for Error_Handler
    main.o(i.SystemClock_Config) refers to stm32f4xx_hal_pwr_ex.o(i.HAL_PWREx_EnableOverDrive) for HAL_PWREx_EnableOverDrive
    main.o(i.SystemClock_Config) refers to stm32f4xx_hal_rcc.o(i.HAL_RCC_ClockConfig) for HAL_RCC_ClockConfig
    main.o(i.main) refers to stm32f4xx_hal.o(i.HAL_Init) for HAL_Init
    main.o(i.main) refers to main.o(i.SystemClock_Config) for SystemClock_Config
    main.o(i.main) refers to gpio.o(i.MX_GPIO_Init) for MX_GPIO_Init
    main.o(i.main) refers to can.o(i.MX_CAN1_Init) for MX_CAN1_Init
    main.o(i.main) refers to dma.o(i.MX_DMA_Init) for MX_DMA_Init
    main.o(i.main) refers to usart.o(i.MX_USART1_UART_Init) for MX_USART1_UART_Init
    main.o(i.main) refers to bsp_can.o(i.can_filter_init) for can_filter_init
    main.o(i.main) refers to bsp_uart.o(i.dbus_uart_init) for dbus_uart_init
    main.o(i.main) refers to freertos.o(i.MX_FREERTOS_Init) for MX_FREERTOS_Init
    main.o(i.main) refers to cmsis_os2.o(i.osKernelStart) for osKernelStart
    gpio.o(i.MX_GPIO_Init) refers to memseta.o(.text) for __aeabi_memclr4
    gpio.o(i.MX_GPIO_Init) refers to stm32f4xx_hal_gpio.o(i.HAL_GPIO_WritePin) for HAL_GPIO_WritePin
    gpio.o(i.MX_GPIO_Init) refers to stm32f4xx_hal_gpio.o(i.HAL_GPIO_Init) for HAL_GPIO_Init
    can.o(i.HAL_CAN_MspDeInit) refers to stm32f4xx_hal_gpio.o(i.HAL_GPIO_DeInit) for HAL_GPIO_DeInit
    can.o(i.HAL_CAN_MspDeInit) refers to stm32f4xx_hal_cortex.o(i.HAL_NVIC_DisableIRQ) for HAL_NVIC_DisableIRQ
    can.o(i.HAL_CAN_MspInit) refers to memseta.o(.text) for __aeabi_memclr4
    can.o(i.HAL_CAN_MspInit) refers to stm32f4xx_hal_gpio.o(i.HAL_GPIO_Init) for HAL_GPIO_Init
    can.o(i.HAL_CAN_MspInit) refers to stm32f4xx_hal_cortex.o(i.HAL_NVIC_SetPriority) for HAL_NVIC_SetPriority
    can.o(i.HAL_CAN_MspInit) refers to stm32f4xx_hal_cortex.o(i.HAL_NVIC_EnableIRQ) for HAL_NVIC_EnableIRQ
    can.o(i.MX_CAN1_Init) refers to stm32f4xx_hal_can.o(i.HAL_CAN_Init) for HAL_CAN_Init
    can.o(i.MX_CAN1_Init) refers to main.o(i.Error_Handler) for Error_Handler
    can.o(i.MX_CAN1_Init) refers to can.o(.bss) for hcan1
    dma.o(i.MX_DMA_Init) refers to stm32f4xx_hal_cortex.o(i.HAL_NVIC_SetPriority) for HAL_NVIC_SetPriority
    dma.o(i.MX_DMA_Init) refers to stm32f4xx_hal_cortex.o(i.HAL_NVIC_EnableIRQ) for HAL_NVIC_EnableIRQ
    freertos.o(i.LED_task) refers to stm32f4xx_hal_gpio.o(i.HAL_GPIO_WritePin) for HAL_GPIO_WritePin
    freertos.o(i.LED_task) refers to stm32f4xx_hal_gpio.o(i.HAL_GPIO_TogglePin) for HAL_GPIO_TogglePin
    freertos.o(i.LED_task) refers to cmsis_os2.o(i.osDelay) for osDelay
    freertos.o(i.MX_FREERTOS_Init) refers to cmsis_os2.o(i.osKernelInitialize) for osKernelInitialize
    freertos.o(i.MX_FREERTOS_Init) refers to memcpya.o(.text) for __aeabi_memcpy4
    freertos.o(i.MX_FREERTOS_Init) refers to cmsis_os2.o(i.osThreadNew) for osThreadNew
    freertos.o(i.MX_FREERTOS_Init) refers to freertos.o(.constdata) for .constdata
    freertos.o(i.MX_FREERTOS_Init) refers to freertos.o(i.shooter_task) for shooter_task
[...]
    .ARM.Collect$$$$00000000                 0x080001ac   Section        0  entry.o(.ARM.Collect$$$$00000000)
    .ARM.Collect$$$$00000001                 0x080001ac   Section        4  entry2.o(.ARM.Collect$$$$00000001)
    .ARM.Collect$$$$00000004                 0x080001b0   Section        4  entry5.o(.ARM.Collect$$$$00000004)
    .ARM.Collect$$$$00000008                 0x080001b4   Section        0  entry7b.o(.ARM.Collect$$$$00000008)
    .ARM.Collect$$$$0000000A                 0x080001b4   Section        0  entry8b.o(.ARM.Collect$$$$0000000A)
    .ARM.Collect$$$$0000000B                 0x080001b4   Section        8  entry9a.o(.ARM.Collect$$$$0000000B)
    .ARM.Collect$$$$0000000D                 0x080001bc   Section        0  entry10a.o(.ARM.Collect$$$$0000000D)
    .ARM.Collect$$$$0000000F                 0x080001bc   Section        0  entry11a.o(.ARM.Collect$$$$0000000F)
    .ARM.Collect$$$$00002712                 0x080001bc   Section        4  entry2.o(.ARM.Collect$$$$00002712)
    __lit__00000000                          0x080001bc   Data           4  entry2.o(.ARM.Collect$$$$00002712)
    .emb_text                                0x080001c0   Section      190  port.o(.emb_text)
    $v0                                      0x080001c0   Number         0  port.o(.emb_text)
    .text                                    0x08000280   Section       36  startup_stm32f427xx.o(.text)
    $v0                                      0x08000280   Number         0  startup_stm32f427xx.o(.text)
    .text                                    0x080002a4   Section        0  uldiv.o(.text)
    .text                                    0x08000306   Section        0  memcpya.o(.text)
    .text                                    0x0800032a   Section        0  memseta.o(.text)
    .text                                    0x0800034e   Section        0  llshl.o(.text)
    .text                                    0x0800036c   Section        0  llushr.o(.text)
    .text                                    0x0800038c   Section       36  init.o(.text)
    i.BusFault_Handler                       0x080003b0   Section        0  stm32f4xx_it.o(i.BusFault_Handler)
    i.CAN1_RX0_IRQHandler                    0x080003b4   Section        0  stm32f4xx_it.o(i.CAN1_RX0_IRQHandler)
    i.CAN_cmd_chassis                        0x080003c4   Section        0  bsp_can_tr.o(i.CAN_cmd_chassis)
    i.CAN_cmd_gimbal                         0x08000414   Section        0  bsp_can_tr.o(i.CAN_cmd_gimbal)
    i.DMA2_Stream2_IRQHandler                0x08000464   Section        0  stm32f4xx_it.o(i.DMA2_Stream2_IRQHandler)
    i.DMA_CalcBaseAndBitshift                0x08000474   Section        0  stm32f4xx_hal_dma.o(i.DMA_CalcBaseAndBitshift)
    DMA_CalcBaseAndBitshift                  0x08000475   Thumb Code    46  stm32f4xx_hal_dma.o(i.DMA_CalcBaseAndBitshift)
    i.DMA_CheckFifoParam                     0x080004a8   Section        0  stm32f4xx_hal_dma.o(i.DMA_CheckFifoParam)
    DMA_CheckFifoParam                       0x080004a9   Thumb Code   170  stm32f4xx_hal_dma.o(i.DMA_CheckFifoParam)
    i.DMA_SetConfig                          0x08000552   Section        0  stm32f4xx_hal_dma.o(i.DMA_SetConfig)
    DMA_SetConfig                            0x08000553   Thumb Code    44  stm32f4xx_hal_dma.o(i.DMA_SetConfig)
    i.DebugMon_Handler                       0x0800057e   Section        0  stm32f4xx_it.o(i.DebugMon_Handler)
    i.Error_Handler                          0x08000580   Section        0  main.o(i.Error_Handler)
    i.HAL_CAN_ActivateNotification           0x08000582   Section        0  stm32f4xx_hal_can.o(i.HAL_CAN_ActivateNotification)
    i.HAL_CAN_AddTxMessage                   0x080005ac   Section        0  stm32f4xx_hal_can.o(i.HAL_CAN_AddTxMessage)
    i.HAL_CAN_ConfigFilter                   0x08000704   Section        0  stm32f4xx_hal_can.o(i.HAL_CAN_ConfigFilter)
    i.HAL_CAN_ErrorCallback                  0x08000828   Section        0  stm32f4xx_hal_can.o(i.HAL_CAN_ErrorCallback)
    i.HAL_CAN_GetRxMessage                   0x0800082a   Section        0  stm32f4xx_hal_can.o(i.HAL_CAN_GetRxMessage)
    i.HAL_CAN_IRQHandler                     0x080009a4   Section        0  stm32f4xx_hal_can.o(i.HAL_CAN_IRQHandler)
    i.HAL_CAN_Init                           0x08000bf2   Section        0  stm32f4xx_hal_can.o(i.HAL_CAN_Init)
    i.HAL_CAN_MspInit                        0x08000d68   Section        0  can.o(i.HAL_CAN_MspInit)
    i.HAL_CAN_RxFifo0FullCallback            0x08000e00   Section        0  stm32f4xx_hal_can.o(i.HAL_CAN_RxFifo0FullCallback)
    i.HAL_CAN_RxFifo0MsgPendingCallback      0x08000e04   Section        0  bsp_can_tr.o(i.HAL_CAN_RxFifo0MsgPendingCallback)
    i.HAL_CAN_RxFifo1FullCallback            0x08000ed4   Section        0  stm32f4xx_hal_can.o(i.HAL_CAN_RxFifo1FullCallback)
    i.HAL_CAN_RxFifo1MsgPendingCallback      0x08000ed6   Section        0  stm32f4xx_hal_can.o(i.HAL_CAN_RxFifo1MsgPendingCallback)
    i.HAL_CAN_SleepCallback                  0x08000ed8   Section        0  stm32f4xx_hal_can.o(i.HAL_CAN_SleepCallback)
    i.HAL_CAN_Start                          0x08000eda   Section        0  stm32f4xx_hal_can.o(i.HAL_CAN_Start)
    i.HAL_CAN_TxMailbox0AbortCallback        0x08000f38   Section        0  stm32f4xx_hal_can.o(i.HAL_CAN_TxMailbox0AbortCallback)
    i.HAL_CAN_TxMailbox0CompleteCallback     0x08000f3a   Section        0  stm32f4xx_hal_can.o(i.HAL_CAN_TxMailbox0CompleteCallback)
    i.HAL_CAN_TxMailbox1AbortCallback        0x08000f3c   Section        0  stm32f4xx_hal_can.o(i.HAL_CAN_TxMailbox1AbortCallback)
    i.HAL_CAN_TxMailbox1CompleteCallback     0x08000f3e   Section        0  stm32f4xx_hal_can.o(i.HAL_CAN_TxMailbox1CompleteCallback)
    i.HAL_CAN_TxMailbox2AbortCallback        0x08000f40   Section        0  stm32f4xx_hal_can.o(i.HAL_CAN_TxMailbox2AbortCallback)
    i.HAL_CAN_TxMailbox2CompleteCallback     0x08000f42   Section        0  stm32f4xx_hal_can.o(i.HAL_CAN_TxMailbox2CompleteCallback)
    i.HAL_CAN_WakeUpFromRxMsgCallback        0x08000f44   Section        0  stm32f4xx_hal_can.o(i.HAL_CAN_WakeUpFromRxMsgCallback)
    i.HAL_DMA_Abort_IT                       0x08000f46   Section        0  stm32f4xx_hal_dma.o(i.HAL_DMA_Abort_IT)
    i.HAL_DMA_IRQHandler                     0x08000f70   Section        0  stm32f4xx_hal_dma.o(i.HAL_DMA_IRQHandler)
    i.HAL_DMA_Init                           0x080011b0   Section        0  stm32f4xx_hal_dma.o(i.HAL_DMA_Init)
    i.HAL_DMA_Start                          0x0800129c   Section        0  stm32f4xx_hal_dma.o(i.HAL_DMA_Start)
    i.HAL_GPIO_Init                          0x08001304   Section        0  stm32f4xx_hal_gpio.o(i.HAL_GPIO_Init)
    i.HAL_GPIO_TogglePin                     0x08001520   Section        0  stm32f4xx_hal_gpio.o(i.HAL_GPIO_TogglePin)
    i.HAL_GPIO_WritePin                      0x08001532   Section        0  stm32f4xx_hal_gpio.o(i.HAL_GPIO_WritePin)
    i.HAL_GetTick                            0x08001540   Section        0  stm32f4xx_hal.o(i.HAL_GetTick)
    i.HAL_IncTick                            0x0800154c   Section        0  stm32f4xx_hal.o(i.HAL_IncTick)
    i.HAL_Init                               0x08001564   Section        0  stm32f4xx_hal.o(i.HAL_Init)
    i.HAL_InitTick                           0x080015a0   Section        0  stm32f4xx_hal.o(i.HAL_InitTick)
    i.HAL_MspInit                            0x080015ec   Section        0  stm32f4xx_hal_msp.o(i.HAL_MspInit)
    i.HAL_NVIC_EnableIRQ                     0x08001640   Section        0  stm32f4xx_hal_cortex.o(i.HAL_NVIC_EnableIRQ)
    i.HAL_NVIC_SetPriority                   0x08001660   Section        0  stm32f4xx_hal_cortex.o(i.HAL_NVIC_SetPriority)
    i.HAL_NVIC_SetPriorityGrouping           0x080016dc   Section        0  stm32f4xx_hal_cortex.o(i.HAL_NVIC_SetPriorityGrouping)
    i.HAL_PWREx_EnableOverDrive              0x08001704   Section        0  stm32f4xx_hal_pwr_ex.o(i.HAL_PWREx_EnableOverDrive)
    i.HAL_RCC_ClockConfig                    0x08001790   Section        0  stm32f4xx_hal_rcc.o(i.HAL_RCC_ClockConfig)
    i.HAL_RCC_GetHCLKFreq                    0x08001914   Section        0  stm32f4xx_hal_rcc.o(i.HAL_RCC_GetHCLKFreq)
    i.HAL_RCC_GetPCLK1Freq                   0x08001920   Section        0  stm32f4xx_hal_rcc.o(i.HAL_RCC_GetPCLK1Freq)
    i.HAL_RCC_GetPCLK2Freq                   0x08001940   Section        0  stm32f4xx_hal_rcc.o(i.HAL_RCC_GetPCLK2Freq)
    i.HAL_RCC_GetSysClockFreq                0x08001960   Section        0  stm32f4xx_hal_rcc.o(i.HAL_RCC_GetSysClockFreq)
    i.HAL_RCC_OscConfig                      0x08001a10   Section        0  stm32f4xx_hal_rcc.o(i.HAL_RCC_OscConfig)
    i.HAL_SYSTICK_Config                     0x08001e98   Section        0  stm32f4xx_hal_cortex.o(i.HAL_SYSTICK_Config)
    i.HAL_UART_ErrorCallback                 0x08001ecc   Section        0  stm32f4xx_hal_uart.o(i.HAL_UART_ErrorCallback)
    i.HAL_UART_IRQHandler                    0x08001ed0   Section        0  stm32f4xx_hal_uart.o(i.HAL_UART_IRQHandler)
    i.HAL_UART_Init                          0x08002024   Section        0  stm32f4xx_hal_uart.o(i.HAL_UART_Init)
    i.HAL_UART_MspInit                       0x08002098   Section        0  usart.o(i.HAL_UART_MspInit)
    i.HAL_UART_RxCpltCallback                0x08002178   Section        0  stm32f4xx_hal_uart.o(i.HAL_UART_RxCpltCallback)
    i.HAL_UART_TxCpltCallback                0x0800217a   Section        0  stm32f4xx_hal_uart.o(i.HAL_UART_TxCpltCallback)
    i.HardFault_Handler                      0x0800217c   Section        0  stm32f4xx_it.o(i.HardFault_Handler)
    i.LED_task                               0x08002180   Section        0  freertos.o(i.LED_task)
    i.MX_CAN1_Init                           0x080021a0   Section        0  can.o(i.MX_CAN1_Init)
    i.MX_DMA_Init                            0x080021e4   Section        0  dma.o(i.MX_DMA_Init)
    i.MX_FREERTOS_Init                       0x0800221c   Section        0  freertos.o(i.MX_FREERTOS_Init)
    i.MX_GPIO_Init                           0x080022d4   Section        0  gpio.o(i.MX_GPIO_Init)
    i.MX_USART1_UART_Init                    0x080023c8   Section        0  usart.o(i.MX_USART1_UART_Init)
    i.MemManage_Handler                      0x08002404   Section        0  stm32f4xx_it.o(i.MemManage_Handler)
    i.NMI_Handler                            0x08002408   Section        0  stm32f4xx_it.o(i.NMI_Handler)
    i.Power_display_task                     0x0800240c   Section        0  freertos.o(i.Power_display_task)
    i.SysTick_Handler                        0x08002478   Section        0  stm32f4xx_it.o(i.SysTick_Handler)
    i.SystemClock_Config                     0x0800248c   Section        0  main.o(i.SystemClock_Config)
    i.SystemInit                             0x08002548   Section        0  system_stm32f4xx.o(i.SystemInit)
    i.UART_DMAAbortOnError                   0x08002564   Section        0  stm32f4xx_hal_uart.o(i.UART_DMAAbortOnError)
    UART_DMAAbortOnError                     0x08002565   Thumb Code    20  stm32f4xx_hal_uart.o(i.UART_DMAAbortOnError)
    i.UART_EndRxTransfer                     0x08002578   Section        0  stm32f4xx_hal_uart.o(i.UART_EndRxTransfer)
    UART_EndRxTransfer                       0x08002579   Thumb Code    32  stm32f4xx_hal_uart.o(i.UART_EndRxTransfer)
    i.UART_EndTransmit_IT                    0x08002598   Section        0  stm32f4xx_hal_uart.o(i.UART_EndTransmit_IT)
    UART_EndTransmit_IT                      0x08002599   Thumb Code    32  stm32f4xx_hal_uart.o(i.UART_EndTransmit_IT)
    i.UART_Receive_IT                        0x080025b8   Section        0  stm32f4xx_hal_uart.o(i.UART_Receive_IT)
    UART_Receive_IT                          0x080025b9   Thumb Code   166  stm32f4xx_hal_uart.o(i.UART_Receive_IT)
    i.UART_SetConfig                         0x08002660   Section        0  stm32f4xx_hal_uart.o(i.UART_SetConfig)
    UART_SetConfig                           0x08002661   Thumb Code   992  stm32f4xx_hal_uart.o(i.UART_SetConfig)
    i.UART_Transmit_IT                       0x08002a48   Section        0  stm32f4xx_hal_uart.o(i.UART_Transmit_IT)
    UART_Transmit_IT                         0x08002a49   Thumb Code   104  stm32f4xx_hal_uart.o(i.UART_Transmit_IT)
    i.USART1_IRQHandler                      0x08002ab0   Section        0  stm32f4xx_it.o(i.USART1_IRQHandler)
    i.UsageFault_Handler                     0x08002ac4   Section        0  stm32f4xx_it.o(i.UsageFault_Handler)
    i.__NVIC_GetPriorityGrouping             0x08002ac8   Section        0  stm32f4xx_hal_cortex.o(i.__NVIC_GetPriorityGrouping)
    __NVIC_GetPriorityGrouping               0x08002ac9   Thumb Code    10  stm32f4xx_hal_cortex.o(i.__NVIC_GetPriorityGrouping)
    i.__NVIC_SetPriority                     0x08002ad8   Section        0  stm32f4xx_hal_cortex.o(i.__NVIC_SetPriority)
    __NVIC_SetPriority                       0x08002ad9   Thumb Code    32  stm32f4xx_hal_cortex.o(i.__NVIC_SetPriority)
    i.__get_BASEPRI                          0x08002b00   Section        0  cmsis_os2.o(i.__get_BASEPRI)
    __get_BASEPRI                            0x08002b01   Thumb Code     6  cmsis_os2.o(i.__get_BASEPRI)
    i.__get_IPSR                             0x08002b06   Section        0  cmsis_os2.o(i.__get_IPSR)
    __get_IPSR                               0x08002b07   Thumb Code     6  cmsis_os2.o(i.__get_IPSR)
    i.__get_PRIMASK                          0x08002b0c   Section        0  cmsis_os2.o(i.__get_PRIMASK)
    __get_PRIMASK                            0x08002b0d   Thumb Code     6  cmsis_os2.o(i.__get_PRIMASK)
    i.__scatterload_copy                     0x08002b12   Section       14  handlers.o(i.__scatterload_copy)
    i.__scatterload_null                     0x08002b20   Section        2  handlers.o(i.__scatterload_null)
    i.__scatterload_zeroinit                 0x08002b22   Section       14  handlers.o(i.__scatterload_zeroinit)
    i.can_filter_init                        0x08002b30   Section        0  bsp_can.o(i.can_filter_init)
    i.chassis_task                           0x08002b6c   Section        0  freertos.o(i.chassis_task)
    i.dbus_uart_init                         0x08002d98   Section        0  bsp_uart.o(i.dbus_uart_init)
    i.dma_current_data_counter               0x08002dd8   Section        0  bsp_uart.o(i.dma_current_data_counter)
    i.main                                   0x08002de0   Section        0  main.o(i.main)
    i.osDelay                                0x08002e0c   Section        0  cmsis_os2.o(i.osDelay)
    i.osKernelInitialize                     0x08002e44   Section        0  cmsis_os2.o(i.osKernelInitialize)
    i.osKernelStart                          0x08002e84   Section        0  cmsis_os2.o(i.osKernelStart)
    i.osThreadNew                            0x08002ec8   Section        0  cmsis_os2.o(i.osThreadNew)
    i.pid_calculate                          0x08002fa4   Section        0  pid.o(i.pid_calculate)
    pid_calculate                            0x08002fa5   Thumb Code   326  pid.o(i.pid_calculate)
    i.pid_init                               0x080030ec   Section        0  pid.o(i.pid_init)
    i.pid_param_init                         0x08003108   Section        0  pid.o(i.pid_param_init)
    pid_param_init                           0x08003109   Thumb Code    88  pid.o(i.pid_param_init)
    i.pid_reset                              0x08003164   Section        0  pid.o(i.pid_reset)
    pid_reset                                0x08003165   Thumb Code    14  pid.o(i.pid_reset)
    i.prvAddCurrentTaskToDelayedList         0x08003174   Section        0  tasks.o(i.prvAddCurrentTaskToDelayedList)
    prvAddCurrentTaskToDelayedList           0x08003175   Thumb Code   100  tasks.o(i.prvAddCurrentTaskToDelayedList)
    i.prvAddNewTaskToReadyList               0x080031f0   Section        0  tasks.o(i.prvAddNewTaskToReadyList)
    prvAddNewTaskToReadyList                 0x080031f1   Thumb Code   154  tasks.o(i.prvAddNewTaskToReadyList)
    i.prvCheckForValidListAndQueue           0x080032a8   Section        0  timers.o(i.prvCheckForValidListAndQueue)
    prvCheckForValidListAndQueue             0x080032a9   Thumb Code    78  timers.o(i.prvCheckForValidListAndQueue)
    i.prvCheckTasksWaitingTermination        0x0800331c   Section        0  tasks.o(i.prvCheckTasksWaitingTermination)
    prvCheckTasksWaitingTermination          0x0800331d   Thumb Code    60  tasks.o(i.prvCheckTasksWaitingTermination)
    i.prvCopyDataFromQueue                   0x08003364   Section        0  queue.o(i.prvCopyDataFromQueue)
    prvCopyDataFromQueue                     0x08003365   Thumb Code    42  queue.o(i.prvCopyDataFromQueue)
    i.prvCopyDataToQueue                     0x0800338e   Section        0  queue.o(i.prvCopyDataToQueue)
    prvCopyDataToQueue                       0x0800338f   Thumb Code   124  queue.o(i.prvCopyDataToQueue)
    i.prvDeleteTCB                           0x0800340a   Section        0  tasks.o(i.prvDeleteTCB)
    prvDeleteTCB                             0x0800340b   Thumb Code    80  tasks.o(i.prvDeleteTCB)
    i.prvGetNextExpireTime                   0x0800345c   Section        0  timers.o(i.prvGetNextExpireTime)
    prvGetNextExpireTime                     0x0800345d   Thumb Code    36  timers.o(i.prvGetNextExpireTime)
    i.prvHeapInit                            0x08003484   Section        0  heap_4.o(i.prvHeapInit)
    prvHeapInit                              0x08003485   Thumb Code    98  heap_4.o(i.prvHeapInit)
    i.prvIdleTask                            0x08003500   Section        0  tasks.o(i.prvIdleTask)
    prvIdleTask                              0x08003501   Thumb Code    32  tasks.o(i.prvIdleTask)
    i.prvInitialiseNewQueue                  0x08003528   Section        0  queue.o(i.prvInitialiseNewQueue)
    prvInitialiseNewQueue                    0x08003529   Thumb Code    42  queue.o(i.prvInitialiseNewQueue)
    i.prvInitialiseNewTask                   0x08003552   Section        0  tasks.o(i.prvInitialiseNewTask)
    prvInitialiseNewTask                     0x08003553   Thumb Code   180  tasks.o(i.prvInitialiseNewTask)
    i.prvInitialiseTaskLists                 0x08003608   Section        0  tasks.o(i.prvInitialiseTaskLists)
    prvInitialiseTaskLists                   0x08003609   Thumb Code    70  tasks.o(i.prvInitialiseTaskLists)
    i.prvInsertBlockIntoFreeList             0x08003670   Section        0  heap_4.o(i.prvInsertBlockIntoFreeList)
    prvInsertBlockIntoFreeList               0x08003671   Thumb Code    96  heap_4.o(i.prvInsertBlockIntoFreeList)
    i.prvInsertTimerInActiveList             0x080036d8   Section        0  timers.o(i.prvInsertTimerInActiveList)
    prvInsertTimerInActiveList               0x080036d9   Thumb Code    80  timers.o(i.prvInsertTimerInActiveList)
    i.prvIsQueueEmpty                        0x08003730   Section        0  queue.o(i.prvIsQueueEmpty)
    prvIsQueueEmpty                          0x08003731   Thumb Code    26  queue.o(i.prvIsQueueEmpty)
    i.prvIsQueueFull                         0x0800374a   Section        0  queue.o(i.prvIsQueueFull)
    prvIsQueueFull                           0x0800374b   Thumb Code    30  queue.o(i.prvIsQueueFull)
    i.prvProcessExpiredTimer                 0x08003768   Section        0  timers.o(i.prvProcessExpiredTimer)
    prvProcessExpiredTimer                   0x08003769   Thumb Code    94  timers.o(i.prvProcessExpiredTimer)
    i.prvProcessReceivedCommands             0x080037cc   Section        0  timers.o(i.prvProcessReceivedCommands)
    prvProcessReceivedCommands               0x080037cd   Thumb Code   290  timers.o(i.prvProcessReceivedCommands)
    i.prvProcessTimerOrBlockTask             0x080038f4   Section        0  timers.o(i.prvProcessTimerOrBlockTask)
    prvProcessTimerOrBlockTask               0x080038f5   Thumb Code   102  timers.o(i.prvProcessTimerOrBlockTask)
    i.prvResetNextTaskUnblockTime            0x08003968   Section        0  tasks.o(i.prvResetNextTaskUnblockTime)
    prvResetNextTaskUnblockTime              0x08003969   Thumb Code    42  tasks.o(i.prvResetNextTaskUnblockTime)
    i.prvSampleTimeNow                       0x0800399c   Section        0  timers.o(i.prvSampleTimeNow)
    prvSampleTimeNow                         0x0800399d   Thumb Code    40  timers.o(i.prvSampleTimeNow)
    i.prvSwitchTimerLists                    0x080039c8   Section        0  timers.o(i.prvSwitchTimerLists)
    prvSwitchTimerLists                      0x080039c9   Thumb Code   150  timers.o(i.prvSwitchTimerLists)
    i.prvTaskExitError                       0x08003a68   Section        0  port.o(i.prvTaskExitError)
    prvTaskExitError                         0x08003a69   Thumb Code    60  port.o(i.prvTaskExitError)
    i.prvTimerTask                           0x08003aa8   Section        0  timers.o(i.prvTimerTask)
    prvTimerTask                             0x08003aa9   Thumb Code    26  timers.o(i.prvTimerTask)
    i.prvUnlockQueue                         0x08003ac2   Section        0  queue.o(i.prvUnlockQueue)
    prvUnlockQueue                           0x08003ac3   Thumb Code   126  queue.o(i.prvUnlockQueue)
    i.pvPortMalloc                           0x08003b40   Section        0  heap_4.o(i.pvPortMalloc)
    i.pxPortInitialiseStack                  0x08003c7c   Section        0  port.o(i.pxPortInitialiseStack)
    i.rc_callback_handler                    0x08003ca8   Section        0  bsp_uart.o(i.rc_callback_handler)
    i.shooter_task                           0x08003d80   Section        0  freertos.o(i.shooter_task)
    i.tripod_task                            0x08003f54   Section        0  freertos.o(i.tripod_task)
    i.uart_receive_dma_no_it                 0x08003f5e   Section        0  bsp_uart.o(i.uart_receive_dma_no_it)
    uart_receive_dma_no_it                   0x08003f5f   Thumb Code    72  bsp_uart.o(i.uart_receive_dma_no_it)
    i.uart_receive_handler                   0x08003fa6   Section        0  bsp_uart.o(i.uart_receive_handler)
    i.uart_rx_idle_callback                  0x08003fc8   Section        0  bsp_uart.o(i.uart_rx_idle_callback)
    uart_rx_idle_callback                    0x08003fc9   Thumb Code    98  bsp_uart.o(i.uart_rx_idle_callback)
    i.uxListRemove                           0x08004038   Section        0  list.o(i.uxListRemove)
    i.vApplicationGetIdleTaskMemory          0x08004060   Section        0  cmsis_os2.o(i.vApplicationGetIdleTaskMemory)
    i.vApplicationGetTimerTaskMemory         0x08004078   Section        0  cmsis_os2.o(i.vApplicationGetTimerTaskMemory)
    i.vListInitialise                        0x08004090   Section        0  list.o(i.vListInitialise)
    i.vListInitialiseItem                    0x080040aa   Section        0  list.o(i.vListInitialiseItem)
    i.vListInsert                            0x080040b0   Section        0  list.o(i.vListInsert)
    i.vListInsertEnd                         0x080040e4   Section        0  list.o(i.vListInsertEnd)
    i.vPortEnterCritical                     0x080040fc   Section        0  port.o(i.vPortEnterCritical)
    i.vPortExitCritical                      0x08004150   Section        0  port.o(i.vPortExitCritical)
    i.vPortFree                              0x0800418c   Section        0  heap_4.o(i.vPortFree)
    i.vPortSetupTimerInterrupt               0x08004220   Section        0  port.o(i.vPortSetupTimerInterrupt)
    i.vPortValidateInterruptPriority         0x08004248   Section        0  port.o(i.vPortValidateInterruptPriority)
    i.vQueueAddToRegistry                    0x080042c0   Section        0  queue.o(i.vQueueAddToRegistry)
    i.vQueueWaitForMessageRestricted         0x080042ec   Section        0  queue.o(i.vQueueWaitForMessageRestricted)
    i.vTaskDelay                             0x08004338   Section        0  tasks.o(i.vTaskDelay)
    i.vTaskInternalSetTimeOutState           0x08004394   Section        0  tasks.o(i.vTaskInternalSetTimeOutState)
    i.vTaskMissedYield                       0x080043ac   Section        0  tasks.o(i.vTaskMissedYield)
    i.vTaskPlaceOnEventList                  0x080043b8   Section        0  tasks.o(i.vTaskPlaceOnEventList)
    i.vTaskPlaceOnEventListRestricted        0x080043f0   Section        0  tasks.o(i.vTaskPlaceOnEventListRestricted)
    i.vTaskStartScheduler                    0x08004430   Section        0  tasks.o(i.vTaskStartScheduler)
    i.vTaskSuspendAll                        0x080044e8   Section        0  tasks.o(i.vTaskSuspendAll)
    i.vTaskSwitchContext                     0x080044f8   Section        0  tasks.o(i.vTaskSwitchContext)
    i.xPortStartScheduler                    0x08004588   Section        0  port.o(i.xPortStartScheduler)
    i.xPortSysTickHandler                    0x080046f0   Section        0  port.o(i.xPortSysTickHandler)
    i.xQueueGenericCreateStatic              0x08004724   Section        0  queue.o(i.xQueueGenericCreateStatic)
    i.xQueueGenericReset                     0x08004804   Section        0  queue.o(i.xQueueGenericReset)
    i.xQueueGenericSend                      0x0800489c   Section        0  queue.o(i.xQueueGenericSend)
    i.xQueueGenericSendFromISR               0x08004a44   Section        0  queue.o(i.xQueueGenericSendFromISR)
    i.xQueueReceive                          0x08004b3c   Section        0  queue.o(i.xQueueReceive)
    i.xTaskCheckForTimeOut                   0x08004ca4   Section        0  tasks.o(i.xTaskCheckForTimeOut)
    i.xTaskCreate                            0x08004d30   Section        0  tasks.o(i.xTaskCreate)
    i.xTaskCreateStatic                      0x08004d94   Section        0  tasks.o(i.xTaskCreateStatic)
    i.xTaskGetSchedulerState                 0x08004e4c   Section        0  tasks.o(i.xTaskGetSchedulerState)
    i.xTaskGetTickCount                      0x08004e6c   Section        0  tasks.o(i.xTaskGetTickCount)
    i.xTaskIncrementTick                     0x08004e78   Section        0  tasks.o(i.xTaskIncrementTick)
    i.xTaskPriorityDisinherit                0x08004fbc   Section        0  tasks.o(i.xTaskPriorityDisinherit)
    i.xTaskRemoveFromEventList               0x08005060   Section        0  tasks.o(i.xTaskRemoveFromEventList)
    i.xTaskResumeAll                         0x080050f8   Section        0  tasks.o(i.xTaskResumeAll)
    i.xTimerCreateTimerTask                  0x080051fc   Section        0  timers.o(i.xTimerCreateTimerTask)
    i.xTimerGenericCommand                   0x08005274   Section        0  timers.o(i.xTimerGenericCommand)
    .constdata                               0x080052f8   Section      180  freertos.o(.constdata)
    .constdata                               0x080053ac   Section        8  stm32f4xx_hal_dma.o(.constdata)
    flagBitshiftOffset                       0x080053ac   Data           8  stm32f4xx_hal_dma.o(.constdata)
    .constdata                               0x080053b4   Section       24  system_stm32f4xx.o(.constdata)
    .conststring                             0x080053cc   Section       59  freertos.o(.conststring)
    .data                                    0x20000000   Section       24  freertos.o(.data)
    .data                                    0x20000018   Section        9  stm32f4xx_hal.o(.data)
    .data                                    0x20000024   Section        4  system_stm32f4xx.o(.data)
    .data                                    0x20000028   Section       60  tasks.o(.data)
    pxDelayedTaskList                        0x2000002c   Data           4  tasks.o(.data)
    pxOverflowDelayedTaskList                0x20000030   Data           4  tasks.o(.data)
    uxDeletedTasksWaitingCleanUp             0x20000034   Data           4  tasks.o(.data)
    uxCurrentNumberOfTasks                   0x20000038   Data           4  tasks.o(.data)
    xTickCount                               0x2000003c   Data           4  tasks.o(.data)
    uxTopReadyPriority                       0x20000040   Data           4  tasks.o(.data)
    xSchedulerRunning                        0x20000044   Data           4  tasks.o(.data)
    uxPendedTicks                            0x20000048   Data           4  tasks.o(.data)
    xYieldPending                            0x2000004c   Data           4  tasks.o(.data)
    xNumOfOverflows                          0x20000050   Data           4  tasks.o(.data)
    uxTaskNumber                             0x20000054   Data           4  tasks.o(.data)
    xNextTaskUnblockTime                     0x20000058   Data           4  tasks.o(.data)
    xIdleTaskHandle                          0x2000005c   Data           4  tasks.o(.data)
    uxSchedulerSuspended                     0x20000060   Data           4  tasks.o(.data)
    .data                                    0x20000064   Section       20  timers.o(.data)
    pxCurrentTimerList                       0x20000064   Data           4  timers.o(.data)
    pxOverflowTimerList                      0x20000068   Data           4  timers.o(.data)
    xTimerQueue                              0x2000006c   Data           4  timers.o(.data)
    xTimerTaskHandle                         0x20000070   Data           4  timers.o(.data)
    xLastTime                                0x20000074   Data           4  timers.o(.data)
    .data                                    0x20000078   Section        4  cmsis_os2.o(.data)
    KernelState                              0x20000078   Data           4  cmsis_os2.o(.data)
    .data                                    0x2000007c   Section       24  heap_4.o(.data)
    xStart                                   0x2000007c   Data           8  heap_4.o(.data)
    pxEnd                                    0x20000084   Data           4  heap_4.o(.data)
    xFreeBytesRemaining                      0x20000088   Data           4  heap_4.o(.data)
    xMinimumEverFreeBytesRemaining           0x2000008c   Data           4  heap_4.o(.data)
    xBlockAllocatedBit                       0x20000090   Data           4  heap_4.o(.data)
    .data                                    0x20000094   Section       12  port.o(.data)
    uxCriticalNesting                        0x20000094   Data           4  port.o(.data)
    ucMaxSysCallPriority                     0x20000098   Data           1  port.o(.data)
    ulMaxPRIGROUPValue                       0x2000009c   Data           4  port.o(.data)
    .data                                    0x200000a0   Section       17  bsp_can_tr.o(.data)
    gimbal_can_send_data                     0x200000a0   Data           8  bsp_can_tr.o(.data)
    chassis_can_send_data                    0x200000a8   Data           8  bsp_can_tr.o(.data)
    i                                        0x200000b0   Data           1  bsp_can_tr.o(.data)
    .bss                                     0x200000b4   Section       40  can.o(.bss)
    .bss                                     0x200000dc   Section      160  usart.o(.bss)
    .bss                                     0x2000017c   Section       64  queue.o(.bss)
    .bss                                     0x200001bc   Section     1220  tasks.o(.bss)
    pxReadyTasksLists                        0x200001bc   Data        1120  tasks.o(.bss)
    xDelayedTaskList1                        0x2000061c   Data          20  tasks.o(.bss)
    xDelayedTaskList2                        0x20000630   Data          20  tasks.o(.bss)
    xPendingReadyList                        0x20000644   Data          20  tasks.o(.bss)
    xTasksWaitingTermination                 0x20000658   Data          20  tasks.o(.bss)
    xSuspendedTaskList                       0x2000066c   Data          20  tasks.o(.bss)
    .bss                                     0x20000680   Section      280  timers.o(.bss)
    xActiveTimerList1                        0x20000680   Data          20  timers.o(.bss)
    xActiveTimerList2                        0x20000694   Data          20  timers.o(.bss)
    xStaticTimerQueue                        0x200006a8   Data          80  timers.o(.bss)
    ucStaticTimerQueueStorage                0x200006f8   Data         160  timers.o(.bss)
    .bss                                     0x20000798   Section     1720  cmsis_os2.o(.bss)
    Idle_TCB                                 0x20000798   Data          92  cmsis_os2.o(.bss)
    Idle_Stack                               0x200007f4   Data         512  cmsis_os2.o(.bss)
    Timer_TCB                                0x200009f4   Data          92  cmsis_os2.o(.bss)
    Timer_Stack                              0x20000a50   Data        1024  cmsis_os2.o(.bss)
    .bss                                     0x20000e50   Section    15360  heap_4.o(.bss)
    ucHeap                                   0x20000e50   Data       15360  heap_4.o(.bss)
    .bss                                     0x20004a50   Section      120  bsp_can_tr.o(.bss)
    gimbal_tx_message                        0x20004a98   Data          24  bsp_can_tr.o(.bss)
    chassis_tx_message                       0x20004ab0   Data          24  bsp_can_tr.o(.bss)
    .bss                                     0x20004ac8   Section       28  bsp_uart.o(.bss)
    STACK                                    0x20004ae8   Section     1024  startup_stm32f427xx.o(STACK)

    Global Symbols

    Symbol Name                              Value     Ov Type        Size  Object(Section)

    BuildAttributes$$THM_ISAv4$E$P$D$K$B$S$7EM$VFPi3$EXTD16$VFPS$VFMA$PE$A:L22UL41UL21$X:L11$S22US41US21$IEEE1$IW$USESV6$~STKCKD$USESV7$~SHL$OSPACE$EBA8$MICROLIB$REQ8$PRES8$EABIv2 0x00000000   Number         0  anon$$obj.o ABSOLUTE
    __ARM_use_no_argv                        0x00000000   Number         0  main.o ABSOLUTE
    __cpp_initialize__aeabi_                  - Undefined Weak Reference
    __cxa_finalize                            - Undefined Weak Reference
    __decompress                              - Undefined Weak Reference
    _clock_init                               - Undefined Weak Reference
    _microlib_exit                            - Undefined Weak Reference
    __Vectors_Size                           0x000001ac   Number         0  startup_stm32f427xx.o ABSOLUTE
    __Vectors                                0x08000000   Data           4  startup_stm32f427xx.o(RESET)
    __Vectors_End                            0x080001ac   Data           0  startup_stm32f427xx.o(RESET)
    __main                                   0x080001ad   Thumb Code     0  entry.o(.ARM.Collect$$$$00000000)
    _main_stk                                0x080001ad   Thumb Code     0  entry2.o(.ARM.Collect$$$$00000001)
    _main_scatterload                        0x080001b1   Thumb Code     0  entry5.o(.ARM.Collect$$$$00000004)
    __main_after_scatterload                 0x080001b5   Thumb Code     0  entry5.o(.ARM.Collect$$$$00000004)
    _main_clock                              0x080001b5   Thumb Code     0  entry7b.o(.ARM.Collect$$$$00000008)
    _main_cpp_init                           0x080001b5   Thumb Code     0  entry8b.o(.ARM.Collect$$$$0000000A)
    _main_init                               0x080001b5   Thumb Code     0  entry9a.o(.ARM.Collect$$$$0000000B)
    __rt_final_cpp                           0x080001bd   Thumb Code     0  entry10a.o(.ARM.Collect$$$$0000000D)
    __rt_final_exit                          0x080001bd   Thumb Code     0  entry11a.o(.ARM.Collect$$$$0000000F)
    SVC_Handler                              0x080001c1   Thumb Code    28  port.o(.emb_text)
    __asm___6_port_c_39a90d8d__prvStartFirstTask 0x080001e1   Thumb Code    36  port.o(.emb_text)
    __asm___6_port_c_39a90d8d__prvEnableVFP  0x08000209   Thumb Code    16  port.o(.emb_text)
    PendSV_Handler                           0x0800021d   Thumb Code    88  port.o(.emb_text)
    vPortGetIPSR                             0x08000279   Thumb Code     6  port.o(.emb_text)
    Reset_Handler                            0x08000281   Thumb Code     8  startup_stm32f427xx.o(.text)
    ADC_IRQHandler                           0x0800029b   Thumb Code     0  startup_stm32f427xx.o(.text)
    CAN1_RX1_IRQHandler                      0x0800029b   Thumb Code     0  startup_stm32f427xx.o(.text)
    CAN1_SCE_IRQHandler                      0x0800029b   Thumb Code     0  startup_stm32f427xx.o(.text)
    CAN1_TX_IRQHandler                       0x0800029b   Thumb Code     0  startup_stm32f427xx.o(.text)
    CAN2_RX0_IRQHandler                      0x0800029b   Thumb Code     0  startup_stm32f427xx.o(.text)
    CAN2_RX1_IRQHandler                      0x0800029b   Thumb Code     0  startup_stm32f427xx.o(.text)
    CAN2_SCE_IRQHandler                      0x0800029b   Thumb Code     0  startup_stm32f427xx.o(.text)
    CAN2_TX_IRQHandler                       0x0800029b   Thumb Code     0  startup_stm32f427xx.o(.text)
    DCMI_IRQHandler                          0x0800029b   Thumb Code     0  startup_stm32f427xx.o(.text)
    DMA1_Stream0_IRQHandler                  0x0800029b   Thumb Code     0  startup_stm32f427xx.o(.text)
    DMA1_Stream1_IRQHandler                  0x0800029b   Thumb Code     0  startup_stm32f427xx.o(.text)
    DMA1_Stream2_IRQHandler                  0x0800029b   Thumb Code     0  startup_stm32f427xx.o(.text)
    DMA1_Stream3_IRQHandler                  0x0800029b   Thumb Code     0  startup_stm32f427xx.o(.text)
    DMA1_Stream4_IRQHandler                  0x0800029b   Thumb Code     0  startup_stm32f427xx.o(.text)
    DMA1_Stream5_IRQHandler                  0x0800029b   Thumb Code     0  startup_stm32f427xx.o(.text)
    DMA1_Stream6_IRQHandler                  0x0800029b   Thumb Code     0  startup_stm32f427xx.o(.text)
    DMA1_Stream7_IRQHandler                  0x0800029b   Thumb Code     0  startup_stm32f427xx.o(.text)
    DMA2D_IRQHandler                         0x0800029b   Thumb Code     0  startup_stm32f427xx.o(.text)
    DMA2_Stream0_IRQHandler                  0x0800029b   Thumb Code     0  startup_stm32f427xx.o(.text)
    DMA2_Stream1_IRQHandler                  0x0800029b   Thumb Code     0  startup_stm32f427xx.o(.text)
    DMA2_Stream3_IRQHandler                  0x0800029b   Thumb Code     0  startup_stm32f427xx.o(.text)
    DMA2_Stream4_IRQHandler                  0x0800029b   Thumb Code     0  startup_stm32f427xx.o(.text)
    DMA2_Stream5_IRQHandler                  0x0800029b   Thumb Code     0  startup_stm32f427xx.o(.text)
    DMA2_Stream6_IRQHandler                  0x0800029b   Thumb Code     0  startup_stm32f427xx.o(.text)
    DMA2_Stream7_IRQHandler                  0x0800029b   Thumb Code     0  startup_stm32f427xx.o(.text)
    ETH_IRQHandler                           0x0800029b   Thumb Code     0  startup_stm32f427xx.o(.text)
    ETH_WKUP_IRQHandler                      0x0800029b   Thumb Code     0  startup_stm32f427xx.o(.text)
    EXTI0_IRQHandler                         0x0800029b   Thumb Code     0  startup_stm32f427xx.o(.text)
    EXTI15_10_IRQHandler                     0x0800029b   Thumb Code     0  startup_stm32f427xx.o(.text)
    EXTI1_IRQHandler                         0x0800029b   Thumb Code     0  startup_stm32f427xx.o(.text)
    EXTI2_IRQHandler                         0x0800029b   Thumb Code     0  startup_stm32f427xx.o(.text)
    EXTI3_IRQHandler                         0x0800029b   Thumb Code     0  startup_stm32f427xx.o(.text)
    EXTI4_IRQHandler                         0x0800029b   Thumb Code     0  startup_stm32f427xx.o(.text)
    EXTI9_5_IRQHandler                       0x0800029b   Thumb Code     0  startup_stm32f427xx.o(.text)
    FLASH_IRQHandler                         0x0800029b   Thumb Code     0  startup_stm32f427xx.o(.text)
    FMC_IRQHandler                           0x0800029b   Thumb Code     0  startup_stm32f427xx.o(.text)
    FPU_IRQHandler                           0x0800029b   Thumb Code     0  startup_stm32f427xx.o(.text)
    HASH_RNG_IRQHandler                      0x0800029b   Thumb Code     0  startup_stm32f427xx.o(.text)
    I2C1_ER_IRQHandler                       0x0800029b   Thumb Code     0  startup_stm32f427xx.o(.text)
    I2C1_EV_IRQHandler                       0x0800029b   Thumb Code     0  startup_stm32f427xx.o(.text)
    I2C2_ER_IRQHandler                       0x0800029b   Thumb Code     0  startup_stm32f427xx.o(.text)
    I2C2_EV_IRQHandler                       0x0800029b   Thumb Code     0  startup_stm32f427xx.o(.text)
    I2C3_ER_IRQHandler                       0x0800029b   Thumb Code     0  startup_stm32f427xx.o(.text)
    I2C3_EV_IRQHandler                       0x0800029b   Thumb Code     0  startup_stm32f427xx.o(.text)
    OTG_FS_IRQHandler                        0x0800029b   Thumb Code     0  startup_stm32f427xx.o(.text)
    OTG_FS_WKUP_IRQHandler                   0x0800029b   Thumb Code     0  startup_stm32f427xx.o(.text)
    OTG_HS_EP1_IN_IRQHandler                 0x0800029b   Thumb Code     0  startup_stm32f427xx.o(.text)
    OTG_HS_EP1_OUT_IRQHandler                0x0800029b   Thumb Code     0  startup_stm32f427xx.o(.text)
    OTG_HS_IRQHandler                        0x0800029b   Thumb Code     0  startup_stm32f427xx.o(.text)
    OTG_HS_WKUP_IRQHandler                   0x0800029b   Thumb Code     0  startup_stm32f427xx.o(.text)
    PVD_IRQHandler                           0x0800029b   Thumb Code     0  startup_stm32f427xx.o(.text)
    RCC_IRQHandler                           0x0800029b   Thumb Code     0  startup_stm32f427xx.o(.text)
    RTC_Alarm_IRQHandler                     0x0800029b   Thumb Code     0  startup_stm32f427xx.o(.text)
    RTC_WKUP_IRQHandler                      0x0800029b   Thumb Code     0  startup_stm32f427xx.o(.text)
    SAI1_IRQHandler                          0x0800029b   Thumb Code     0  startup_stm32f427xx.o(.text)
    SDIO_IRQHandler                          0x0800029b   Thumb Code     0  startup_stm32f427xx.o(.text)
    SPI1_IRQHandler                          0x0800029b   Thumb Code     0  startup_stm32f427xx.o(.text)
    SPI2_IRQHandler                          0x0800029b   Thumb Code     0  startup_stm32f427xx.o(.text)
    SPI3_IRQHandler                          0x0800029b   Thumb Code     0  startup_stm32f427xx.o(.text)
    SPI4_IRQHandler                          0x0800029b   Thumb Code     0  startup_stm32f427xx.o(.text)
    SPI5_IRQHandler                          0x0800029b   Thumb Code     0  startup_stm32f427xx.o(.text)
    SPI6_IRQHandler                          0x0800029b   Thumb Code     0  startup_stm32f427xx.o(.text)
    TAMP_STAMP_IRQHandler                    0x0800029b   Thumb Code     0  startup_stm32f427xx.o(.text)
    TIM1_BRK_TIM9_IRQHandler                 0x0800029b   Thumb Code     0  startup_stm32f427xx.o(.text)
    TIM1_CC_IRQHandler                       0x0800029b   Thumb Code     0  startup_stm32f427xx.o(.text)
    TIM1_TRG_COM_TIM11_IRQHandler            0x0800029b   Thumb Code     0  startup_stm32f427xx.o(.text)
    TIM1_UP_TIM10_IRQHandler                 0x0800029b   Thumb Code     0  startup_stm32f427xx.o(.text)
    TIM2_IRQHandler                          0x0800029b   Thumb Code     0  startup_stm32f427xx.o(.text)
    TIM3_IRQHandler                          0x0800029b   Thumb Code     0  startup_stm32f427xx.o(.text)
    TIM4_IRQHandler                          0x0800029b   Thumb Code     0  startup_stm32f427xx.o(.text)
    TIM5_IRQHandler                          0x0800029b   Thumb Code     0  startup_stm32f427xx.o(.text)
    TIM6_DAC_IRQHandler                      0x0800029b   Thumb Code     0  startup_stm32f427xx.o(.text)
    TIM7_IRQHandler                          0x0800029b   Thumb Code     0  startup_stm32f427xx.o(.text)
    TIM8_BRK_TIM12_IRQHandler                0x0800029b   Thumb Code     0  startup_stm32f427xx.o(.text)
    TIM8_CC_IRQHandler                       0x0800029b   Thumb Code     0  startup_stm32f427xx.o(.text)
    TIM8_TRG_COM_TIM14_IRQHandler            0x0800029b   Thumb Code     0  startup_stm32f427xx.o(.text)
    TIM8_UP_TIM13_IRQHandler                 0x0800029b   Thumb Code     0  startup_stm32f427xx.o(.text)
    UART4_IRQHandler                         0x0800029b   Thumb Code     0  startup_stm32f427xx.o(.text)
    UART5_IRQHandler                         0x0800029b   Thumb Code     0  startup_stm32f427xx.o(.text)
    UART7_IRQHandler                         0x0800029b   Thumb Code     0  startup_stm32f427xx.o(.text)
    UART8_IRQHandler                         0x0800029b   Thumb Code     0  startup_stm32f427xx.o(.text)
    USART2_IRQHandler                        0x0800029b   Thumb Code     0  startup_stm32f427xx.o(.text)
    USART3_IRQHandler                        0x0800029b   Thumb Code     0  startup_stm32f427xx.o(.text)
    USART6_IRQHandler                        0x0800029b   Thumb Code     0  startup_stm32f427xx.o(.text)
    WWDG_IRQHandler                          0x0800029b   Thumb Code     0  startup_stm32f427xx.o(.text)
    __aeabi_uldivmod                         0x080002a5   Thumb Code    98  uldiv.o(.text)
    __aeabi_memcpy                           0x08000307   Thumb Code    36  memcpya.o(.text)
    __aeabi_memcpy4                          0x08000307   Thumb Code     0  memcpya.o(.text)
    __aeabi_memcpy8                          0x08000307   Thumb Code     0  memcpya.o(.text)
    __aeabi_memset                           0x0800032b   Thumb Code    14  memseta.o(.text)
    __aeabi_memset4                          0x0800032b   Thumb Code     0  memseta.o(.text)
    __aeabi_memset8                          0x0800032b   Thumb Code     0  memseta.o(.text)
    __aeabi_memclr                           0x08000339   Thumb Code     4  memseta.o(.text)
    __aeabi_memclr4                          0x08000339   Thumb Code     0  memseta.o(.text)
    __aeabi_memclr8                          0x08000339   Thumb Code     0  memseta.o(.text)
    memset                                   0x0800033d   Thumb Code    18  memseta.o(.text)
    __aeabi_llsl                             0x0800034f   Thumb Code    30  llshl.o(.text)
    _ll_shift_l                              0x0800034f   Thumb Code     0  llshl.o(.text)
    __aeabi_llsr                             0x0800036d   Thumb Code    32  llushr.o(.text)
    _ll_ushift_r                             0x0800036d   Thumb Code     0  llushr.o(.text)
    __scatterload                            0x0800038d   Thumb Code    28  init.o(.text)
    __scatterload_rt2                        0x0800038d   Thumb Code     0  init.o(.text)
    BusFault_Handler                         0x080003b1   Thumb Code     4  stm32f4xx_it.o(i.BusFault_Handler)
    CAN1_RX0_IRQHandler                      0x080003b5   Thumb Code    10  stm32f4xx_it.o(i.CAN1_RX0_IRQHandler)
    CAN_cmd_chassis                          0x080003c5   Thumb Code    68  bsp_can_tr.o(i.CAN_cmd_chassis)
    CAN_cmd_gimbal                           0x08000415   Thumb Code    68  bsp_can_tr.o(i.CAN_cmd_gimbal)
    DMA2_Stream2_IRQHandler                  0x08000465   Thumb Code    10  stm32f4xx_it.o(i.DMA2_Stream2_IRQHandler)
    DebugMon_Handler                         0x0800057f   Thumb Code     2  stm32f4xx_it.o(i.DebugMon_Handler)
    Error_Handler                            0x08000581   Thumb Code     2  main.o(i.Error_Handler)
    HAL_CAN_ActivateNotification             0x08000583   Thumb Code    42  stm32f4xx_hal_can.o(i.HAL_CAN_ActivateNotification)
    HAL_CAN_AddTxMessage                     0x080005ad   Thumb Code   342  stm32f4xx_hal_can.o(i.HAL_CAN_AddTxMessage)
    HAL_CAN_ConfigFilter                     0x08000705   Thumb Code   286  stm32f4xx_hal_can.o(i.HAL_CAN_ConfigFilter)
    HAL_CAN_ErrorCallback                    0x08000829   Thumb Code     2  stm32f4xx_hal_can.o(i.HAL_CAN_ErrorCallback)
    HAL_CAN_GetRxMessage                     0x0800082b   Thumb Code   378  stm32f4xx_hal_can.o(i.HAL_CAN_GetRxMessage)
    HAL_CAN_IRQHandler                       0x080009a5   Thumb Code   590  stm32f4xx_hal_can.o(i.HAL_CAN_IRQHandler)
    HAL_CAN_Init                             0x08000bf3   Thumb Code   372  stm32f4xx_hal_can.o(i.HAL_CAN_Init)
    HAL_CAN_MspInit                          0x08000d69   Thumb Code   138  can.o(i.HAL_CAN_MspInit)
    HAL_CAN_RxFifo0FullCallback              0x08000e01   Thumb Code     2  stm32f4xx_hal_can.o(i.HAL_CAN_RxFifo0FullCallback)
    HAL_CAN_RxFifo0MsgPendingCallback        0x08000e05   Thumb Code   200  bsp_can_tr.o(i.HAL_CAN_RxFifo0MsgPendingCallback)
    HAL_CAN_RxFifo1FullCallback              0x08000ed5   Thumb Code     2  stm32f4xx_hal_can.o(i.HAL_CAN_RxFifo1FullCallback)
    HAL_CAN_RxFifo1MsgPendingCallback        0x08000ed7   Thumb Code     2  stm32f4xx_hal_can.o(i.HAL_CAN_RxFifo1MsgPendingCallback)
    HAL_CAN_SleepCallback                    0x08000ed9   Thumb Code     2  stm32f4xx_hal_can.o(i.HAL_CAN_SleepCallback)
    HAL_CAN_Start                            0x08000edb   Thumb Code    94  stm32f4xx_hal_can.o(i.HAL_CAN_Start)
    HAL_CAN_TxMailbox0AbortCallback          0x08000f39   Thumb Code     2  stm32f4xx_hal_can.o(i.HAL_CAN_TxMailbox0AbortCallback)
    HAL_CAN_TxMailbox0CompleteCallback       0x08000f3b   Thumb Code     2  stm32f4xx_hal_can.o(i.HAL_CAN_TxMailbox0CompleteCallback)
    HAL_CAN_TxMailbox1AbortCallback          0x08000f3d   Thumb Code     2  stm32f4xx_hal_can.o(i.HAL_CAN_TxMailbox1AbortCallback)
    HAL_CAN_TxMailbox1CompleteCallback       0x08000f3f   Thumb Code     2  stm32f4xx_hal_can.o(i.HAL_CAN_TxMailbox1CompleteCallback)
    HAL_CAN_TxMailbox2AbortCallback          0x08000f41   Thumb Code     2  stm32f4xx_hal_can.o(i.HAL_CAN_TxMailbox2AbortCallback)
    HAL_CAN_TxMailbox2CompleteCallback       0x08000f43   Thumb Code     2  stm32f4xx_hal_can.o(i.HAL_CAN_TxMailbox2CompleteCallback)
    HAL_CAN_WakeUpFromRxMsgCallback          0x08000f45   Thumb Code     2  stm32f4xx_hal_can.o(i.HAL_CAN_WakeUpFromRxMsgCallback)
    HAL_DMA_Abort_IT                         0x08000f47   Thumb Code    40  stm32f4xx_hal_dma.o(i.HAL_DMA_Abort_IT)
    HAL_DMA_IRQHandler                       0x08000f71   Thumb Code   570  stm32f4xx_hal_dma.o(i.HAL_DMA_IRQHandler)
    HAL_DMA_Init                             0x080011b1   Thumb Code   232  stm32f4xx_hal_dma.o(i.HAL_DMA_Init)
    HAL_DMA_Start                            0x0800129d   Thumb Code   102  stm32f4xx_hal_dma.o(i.HAL_DMA_Start)
    HAL_GPIO_Init                            0x08001305   Thumb Code   486  stm32f4xx_hal_gpio.o(i.HAL_GPIO_Init)
    HAL_GPIO_TogglePin                       0x08001521   Thumb Code    18  stm32f4xx_hal_gpio.o(i.HAL_GPIO_TogglePin)
    HAL_GPIO_WritePin                        0x08001533   Thumb Code    12  stm32f4xx_hal_gpio.o(i.HAL_GPIO_WritePin)
    HAL_GetTick                              0x08001541   Thumb Code     6  stm32f4xx_hal.o(i.HAL_GetTick)
    HAL_IncTick                              0x0800154d   Thumb Code    16  stm32f4xx_hal.o(i.HAL_IncTick)
    HAL_Init                                 0x08001565   Thumb Code    54  stm32f4xx_hal.o(i.HAL_Init)
    HAL_InitTick                             0x080015a1   Thumb Code    64  stm32f4xx_hal.o(i.HAL_InitTick)
    HAL_MspInit                              0x080015ed   Thumb Code    78  stm32f4xx_hal_msp.o(i.HAL_MspInit)
    HAL_NVIC_EnableIRQ                       0x08001641   Thumb Code    32  stm32f4xx_hal_cortex.o(i.HAL_NVIC_EnableIRQ)
    HAL_NVIC_SetPriority                     0x08001661   Thumb Code   124  stm32f4xx_hal_cortex.o(i.HAL_NVIC_SetPriority)
    HAL_NVIC_SetPriorityGrouping             0x080016dd   Thumb Code    32  stm32f4xx_hal_cortex.o(i.HAL_NVIC_SetPriorityGrouping)
    HAL_PWREx_EnableOverDrive                0x08001705   Thumb Code   128  stm32f4xx_hal_pwr_ex.o(i.HAL_PWREx_EnableOverDrive)
    HAL_RCC_ClockConfig                      0x08001791   Thumb Code   368  stm32f4xx_hal_rcc.o(i.HAL_RCC_ClockConfig)
    HAL_RCC_GetHCLKFreq                      0x08001915   Thumb Code     6  stm32f4xx_hal_rcc.o(i.HAL_RCC_GetHCLKFreq)
    HAL_RCC_GetPCLK1Freq                     0x08001921   Thumb Code    22  stm32f4xx_hal_rcc.o(i.HAL_RCC_GetPCLK1Freq)
    HAL_RCC_GetPCLK2Freq                     0x08001941   Thumb Code    22  stm32f4xx_hal_rcc.o(i.HAL_RCC_GetPCLK2Freq)
    HAL_RCC_GetSysClockFreq                  0x08001961   Thumb Code   162  stm32f4xx_hal_rcc.o(i.HAL_RCC_GetSysClockFreq)
    HAL_RCC_OscConfig                        0x08001a11   Thumb Code  1152  stm32f4xx_hal_rcc.o(i.HAL_RCC_OscConfig)
    HAL_SYSTICK_Config                       0x08001e99   Thumb Code    52  stm32f4xx_hal_cortex.o(i.HAL_SYSTICK_Config)
    HAL_UART_ErrorCallback                   0x08001ecd   Thumb Code     2  stm32f4xx_hal_uart.o(i.HAL_UART_ErrorCallback)
    HAL_UART_IRQHandler                      0x08001ed1   Thumb Code   336  stm32f4xx_hal_uart.o(i.HAL_UART_IRQHandler)
    HAL_UART_Init                            0x08002025   Thumb Code   114  stm32f4xx_hal_uart.o(i.HAL_UART_Init)
    HAL_UART_MspInit                         0x08002099   Thumb Code   202  usart.o(i.HAL_UART_MspInit)
    HAL_UART_RxCpltCallback                  0x08002179   Thumb Code     2  stm32f4xx_hal_uart.o(i.HAL_UART_RxCpltCallback)
    HAL_UART_TxCpltCallback                  0x0800217b   Thumb Code     2  stm32f4xx_hal_uart.o(i.HAL_UART_TxCpltCallback)
    HardFault_Handler                        0x0800217d   Thumb Code     4  stm32f4xx_it.o(i.HardFault_Handler)
    LED_task                                 0x08002181   Thumb Code    28  freertos.o(i.LED_task)
    MX_CAN1_Init                             0x080021a1   Thumb Code    60  can.o(i.MX_CAN1_Init)
    MX_DMA_Init                              0x080021e5   Thumb Code    52  dma.o(i.MX_DMA_Init)
    MX_FREERTOS_Init                         0x0800221d   Thumb Code   140  freertos.o(i.MX_FREERTOS_Init)
    MX_GPIO_Init                             0x080022d5   Thumb Code   232  gpio.o(i.MX_GPIO_Init)
    MX_USART1_UART_Init                      0x080023c9   Thumb Code    48  usart.o(i.MX_USART1_UART_Init)
    MemManage_Handler                        0x08002405   Thumb Code     4  stm32f4xx_it.o(i.MemManage_Handler)
    NMI_Handler                              0x08002409   Thumb Code     2  stm32f4xx_it.o(i.NMI_Handler)
    Power_display_task                       0x0800240d   Thumb Code    96  freertos.o(i.Power_display_task)
    SysTick_Handler                          0x08002479   Thumb Code    20  stm32f4xx_it.o(i.SysTick_Handler)
    SystemClock_Config                       0x0800248d   Thumb Code   180  main.o(i.SystemClock_Config)
    SystemInit                               0x08002549   Thumb Code    24  system_stm32f4xx.o(i.SystemInit)
    USART1_IRQHandler                        0x08002ab1   Thumb Code    16  stm32f4xx_it.o(i.USART1_IRQHandler)
    UsageFault_Handler                       0x08002ac5   Thumb Code     4  stm32f4xx_it.o(i.UsageFault_Handler)
    __scatterload_copy                       0x08002b13   Thumb Code    14  handlers.o(i.__scatterload_copy)
    __scatterload_null                       0x08002b21   Thumb Code     2  handlers.o(i.__scatterload_null)
    __scatterload_zeroinit                   0x08002b23   Thumb Code    14  handlers.o(i.__scatterload_zeroinit)
    can_filter_init                          0x08002b31   Thumb Code    56  bsp_can.o(i.can_filter_init)
    chassis_task                             0x08002b6d   Thumb Code   536  freertos.o(i.chassis_task)
    dbus_uart_init                           0x08002d99   Thumb Code    56  bsp_uart.o(i.dbus_uart_init)
    dma_current_data_counter                 0x08002dd9   Thumb Code     8  bsp_uart.o(i.dma_current_data_counter)
    main                                     0x08002de1   Thumb Code    44  main.o(i.main)
    osDelay                                  0x08002e0d   Thumb Code    50  cmsis_os2.o(i.osDelay)
    osKernelInitialize                       0x08002e45   Thumb Code    58  cmsis_os2.o(i.osKernelInitialize)
    osKernelStart                            0x08002e85   Thumb Code    64  cmsis_os2.o(i.osKernelStart)
    osThreadNew                              0x08002ec9   Thumb Code   216  cmsis_os2.o(i.osThreadNew)
    pid_init                                 0x080030ed   Thumb Code    14  pid.o(i.pid_init)
    pvPortMalloc                             0x08003b41   Thumb Code   296  heap_4.o(i.pvPortMalloc)
    pxPortInitialiseStack                    0x08003c7d   Thumb Code    38  port.o(i.pxPortInitialiseStack)
    rc_callback_handler                      0x08003ca9   Thumb Code   216  bsp_uart.o(i.rc_callback_handler)
    shooter_task                             0x08003d81   Thumb Code   438  freertos.o(i.shooter_task)
    tripod_task                              0x08003f55   Thumb Code    10  freertos.o(i.tripod_task)
    uart_receive_handler                     0x08003fa7   Thumb Code    34  bsp_uart.o(i.uart_receive_handler)
    uxListRemove                             0x08004039   Thumb Code    40  list.o(i.uxListRemove)
    vApplicationGetIdleTaskMemory            0x08004061   Thumb Code    14  cmsis_os2.o(i.vApplicationGetIdleTaskMemory)
    vApplicationGetTimerTaskMemory           0x08004079   Thumb Code    16  cmsis_os2.o(i.vApplicationGetTimerTaskMemory)
    vListInitialise                          0x08004091   Thumb Code    26  list.o(i.vListInitialise)
    vListInitialiseItem                      0x080040ab   Thumb Code     6  list.o(i.vListInitialiseItem)
    vListInsert                              0x080040b1   Thumb Code    52  list.o(i.vListInsert)
    vListInsertEnd                           0x080040e5   Thumb Code    24  list.o(i.vListInsertEnd)
    vPortEnterCritical                       0x080040fd   Thumb Code    76  port.o(i.vPortEnterCritical)
    vPortExitCritical                        0x08004151   Thumb Code    56  port.o(i.vPortExitCritical)
    vPortFree                                0x0800418d   Thumb Code   140  heap_4.o(i.vPortFree)
    vPortSetupTimerInterrupt                 0x08004221   Thumb Code    36  port.o(i.vPortSetupTimerInterrupt)
    vPortValidateInterruptPriority           0x08004249   Thumb Code   106  port.o(i.vPortValidateInterruptPriority)
    vQueueAddToRegistry                      0x080042c1   Thumb Code    38  queue.o(i.vQueueAddToRegistry)
    vQueueWaitForMessageRestricted           0x080042ed   Thumb Code    74  queue.o(i.vQueueWaitForMessageRestricted)
    vTaskDelay                               0x08004339   Thumb Code    82  tasks.o(i.vTaskDelay)
    vTaskInternalSetTimeOutState             0x08004395   Thumb Code    14  tasks.o(i.vTaskInternalSetTimeOutState)
    vTaskMissedYield                         0x080043ad   Thumb Code     8  tasks.o(i.vTaskMissedYield)
    vTaskPlaceOnEventList                    0x080043b9   Thumb Code    52  tasks.o(i.vTaskPlaceOnEventList)
    vTaskPlaceOnEventListRestricted          0x080043f1   Thumb Code    60  tasks.o(i.vTaskPlaceOnEventListRestricted)
    vTaskStartScheduler                      0x08004431   Thumb Code   156  tasks.o(i.vTaskStartScheduler)
    vTaskSuspendAll                          0x080044e9   Thumb Code    12  tasks.o(i.vTaskSuspendAll)
    vTaskSwitchContext                       0x080044f9   Thumb Code   122  tasks.o(i.vTaskSwitchContext)
    xPortStartScheduler                      0x08004589   Thumb Code   330  port.o(i.xPortStartScheduler)
    xPortSysTickHandler                      0x080046f1   Thumb Code    46  port.o(i.xPortSysTickHandler)
    xQueueGenericCreateStatic                0x08004725   Thumb Code   222  queue.o(i.xQueueGenericCreateStatic)
    xQueueGenericReset                       0x08004805   Thumb Code   146  queue.o(i.xQueueGenericReset)
    xQueueGenericSend                        0x0800489d   Thumb Code   420  queue.o(i.xQueueGenericSend)
    xQueueGenericSendFromISR                 0x08004a45   Thumb Code   248  queue.o(i.xQueueGenericSendFromISR)
    xQueueReceive                            0x08004b3d   Thumb Code   356  queue.o(i.xQueueReceive)
    xTaskCheckForTimeOut                     0x08004ca5   Thumb Code   132  tasks.o(i.xTaskCheckForTimeOut)
    xTaskCreate                              0x08004d31   Thumb Code   100  tasks.o(i.xTaskCreate)
    xTaskCreateStatic                        0x08004d95   Thumb Code   184  tasks.o(i.xTaskCreateStatic)
    xTaskGetSchedulerState                   0x08004e4d   Thumb Code    24  tasks.o(i.xTaskGetSchedulerState)
    xTaskGetTickCount                        0x08004e6d   Thumb Code     6  tasks.o(i.xTaskGetTickCount)
    xTaskIncrementTick                       0x08004e79   Thumb Code   280  tasks.o(i.xTaskIncrementTick)
    xTaskPriorityDisinherit                  0x08004fbd   Thumb Code   152  tasks.o(i.xTaskPriorityDisinherit)
    xTaskRemoveFromEventList                 0x08005061   Thumb Code   126  tasks.o(i.xTaskRemoveFromEventList)
    xTaskResumeAll                           0x080050f9   Thumb Code   222  tasks.o(i.xTaskResumeAll)
    xTimerCreateTimerTask                    0x080051fd   Thumb Code   100  timers.o(i.xTimerCreateTimerTask)
    xTimerGenericCommand                     0x08005275   Thumb Code   128  timers.o(i.xTimerGenericCommand)
    AHBPrescTable                            0x080053b4   Data          16  system_stm32f4xx.o(.constdata)
    APBPrescTable                            0x080053c4   Data           8  system_stm32f4xx.o(.constdata)
    Region$$Table$$Base                      0x08005408   Number         0  anon$$obj.o(Region$$Table)
    Region$$Table$$Limit                     0x08005428   Number         0  anon$$obj.o(Region$$Table)
    power                                    0x20000000   Data           2  freertos.o(.data)
    shooterTaskHandle                        0x20000004   Data           4  freertos.o(.data)
    chasisTaskHandle                         0x20000008   Data           4  freertos.o(.data)
    tripodTaskHandle                         0x2000000c   Data           4  freertos.o(.data)
    LEDTaskHandle                            0x20000010   Data           4  freertos.o(.data)
    powerdispTaskHandle                      0x20000014   Data           4  freertos.o(.data)
    uwTick                                   0x20000018   Data           4  stm32f4xx_hal.o(.data)
    uwTickPrio                               0x2000001c   Data           4  stm32f4xx_hal.o(.data)
    uwTickFreq                               0x20000020   Data           1  stm32f4xx_hal.o(.data)
    SystemCoreClock                          0x20000024   Data           4  system_stm32f4xx.o(.data)
    pxCurrentTCB                             0x20000028   Data           4  tasks.o(.data)
    hcan1                                    0x200000b4   Data          40  can.o(.bss)
    huart1                                   0x200000dc   Data          64  usart.o(.bss)
    hdma_usart1_rx                           0x2000011c   Data          96  usart.o(.bss)
    xQueueRegistry                           0x2000017c   Data          64  queue.o(.bss)
    motor_chassis                            0x20004a50   Data          70  bsp_can_tr.o(.bss)
    dbus_buf                                 0x20004ac8   Data          18  bsp_uart.o(.bss)
    rc                                       0x20004ada   Data          10  bsp_uart.o(.bss)
    __initial_sp                             0x20004ee8   Data           0  startup_stm32f427xx.o(STACK)



==============================================================================

Memory Map of the image

  Image Entry point : 0x080001ad

  Load Region LR_IROM1 (Base: 0x08000000, Size: 0x000054dc, Max: 0x00200000, ABSOLUTE)

    Execution Region ER_IROM1 (Exec base: 0x08000000, Load base: 0x08000000, Size: 0x00005428, Max: 0x00200000, ABSOLUTE)

    Exec Addr    Load Addr    Size         Type   Attr      Idx    E Section Name        Object

    0x08000000   0x08000000   0x000001ac   Data   RO            3    RESET               startup_stm32f427xx.o
    0x080001ac   0x080001ac   0x00000000   Code   RO         4324  * .ARM.Collect$$$$00000000  mc_w.l(entry.o)
    0x080001ac   0x080001ac   0x00000004   Code   RO         4337    .ARM.Collect$$$$00000001  mc_w.l(entry2.o)
    0x080001b0   0x080001b0   0x00000004   Code   RO         4340    .ARM.Collect$$$$00000004  mc_w.l(entry5.o)
    0x080001b4   0x080001b4   0x00000000   Code   RO         4342    .ARM.Collect$$$$00000008  mc_w.l(entry7b.o)
    0x080001b4   0x080001b4   0x00000000   Code   RO         4344    .ARM.Collect$$$$0000000A  mc_w.l(entry8b.o)
    0x080001b4   0x080001b4   0x00000008   Code   RO         4345    .ARM.Collect$$$$0000000B  mc_w.l(entry9a.o)
    0x080001bc   0x080001bc   0x00000000   Code   RO         4347    .ARM.Collect$$$$0000000D  mc_w.l(entry10a.o)
    0x080001bc   0x080001bc   0x00000000   Code   RO         4349    .ARM.Collect$$$$0000000F  mc_w.l(entry11a.o)
    0x080001bc   0x080001bc   0x00000004   Code   RO         4338    .ARM.Collect$$$$00002712  mc_w.l(entry2.o)
    0x080001c0   0x080001c0   0x000000be   Code   RO         4047    .emb_text           port.o
    0x0800027e   0x0800027e   0x00000002   PAD
    0x08000280   0x08000280   0x00000024   Code   RO            4    .text               startup_stm32f427xx.o
    0x080002a4   0x080002a4   0x00000062   Code   RO         4327    .text               mc_w.l(uldiv.o)
    0x08000306   0x08000306   0x00000024   Code   RO         4329    .text               mc_w.l(memcpya.o)
    0x0800032a   0x0800032a   0x00000024   Code   RO         4333    .text               mc_w.l(memseta.o)
    0x0800034e   0x0800034e   0x0000001e   Code   RO         4351    .text               mc_w.l(llshl.o)
    0x0800036c   0x0800036c   0x00000020   Code   RO         4353    .text               mc_w.l(llushr.o)
    0x0800038c   0x0800038c   0x00000024   Code   RO         4355    .text               mc_w.l(init.o)
    0x080003b0   0x080003b0   0x00000004   Code   RO          449    i.BusFault_Handler  stm32f4xx_it.o
    0x080003b4   0x080003b4   0x00000010   Code   RO          450    i.CAN1_RX0_IRQHandler  stm32f4xx_it.o
    0x080003c4   0x080003c4   0x00000050   Code   RO         4195    i.CAN_cmd_chassis   bsp_can_tr.o
    0x08000414   0x08000414   0x00000050   Code   RO         4197    i.CAN_cmd_gimbal    bsp_can_tr.o
    0x08000464   0x08000464   0x00000010   Code   RO          451    i.DMA2_Stream2_IRQHandler  stm32f4xx_it.o
    0x08000474   0x08000474   0x00000034   Code   RO         1350    i.DMA_CalcBaseAndBitshift  stm32f4xx_hal_dma.o
    0x080004a8   0x080004a8   0x000000aa   Code   RO         1351    i.DMA_CheckFifoParam  stm32f4xx_hal_dma.o
    0x08000552   0x08000552   0x0000002c   Code   RO         1352    i.DMA_SetConfig     stm32f4xx_hal_dma.o
    0x0800057e   0x0800057e   0x00000002   Code   RO          452    i.DebugMon_Handler  stm32f4xx_it.o
    0x08000580   0x08000580   0x00000002   Code   RO           13    i.Error_Handler     main.o
    0x08000582   0x08000582   0x0000002a   Code   RO          556    i.HAL_CAN_ActivateNotification  stm32f4xx_hal_can.o
    0x080005ac   0x080005ac   0x00000156   Code   RO          557    i.HAL_CAN_AddTxMessage  stm32f4xx_hal_can.o
    0x08000702   0x08000702   0x00000002   PAD
    0x08000704   0x08000704   0x00000124   Code   RO          558    i.HAL_CAN_ConfigFilter  stm32f4xx_hal_can.o
    0x08000828   0x08000828   0x00000002   Code   RO          561    i.HAL_CAN_ErrorCallback  stm32f4xx_hal_can.o
    0x0800082a   0x0800082a   0x0000017a   Code   RO          564    i.HAL_CAN_GetRxMessage  stm32f4xx_hal_can.o
    0x080009a4   0x080009a4   0x0000024e   Code   RO          568    i.HAL_CAN_IRQHandler  stm32f4xx_hal_can.o
    0x08000bf2   0x08000bf2   0x00000174   Code   RO          569    i.HAL_CAN_Init      stm32f4xx_hal_can.o
    0x08000d66   0x08000d66   0x00000002   PAD
    0x08000d68   0x08000d68   0x00000098   Code   RO          241    i.HAL_CAN_MspInit   can.o
    0x08000e00   0x08000e00   0x00000002   Code   RO          576    i.HAL_CAN_RxFifo0FullCallback  stm32f4xx_hal_can.o
    0x08000e02   0x08000e02   0x00000002   PAD
    0x08000e04   0x08000e04   0x000000d0   Code   RO         4198    i.HAL_CAN_RxFifo0MsgPendingCallback  bsp_can_tr.o
    0x08000ed4   0x08000ed4   0x00000002   Code   RO          578    i.HAL_CAN_RxFifo1FullCallback  stm32f4xx_hal_can.o
    0x08000ed6   0x08000ed6   0x00000002   Code   RO          579    i.HAL_CAN_RxFifo1MsgPendingCallback  stm32f4xx_hal_can.o
    0x08000ed8   0x08000ed8   0x00000002   Code   RO          580    i.HAL_CAN_SleepCallback  stm32f4xx_hal_can.o
    0x08000eda   0x08000eda   0x0000005e   Code   RO          581    i.HAL_CAN_Start     stm32f4xx_hal_can.o
    0x08000f38   0x08000f38   0x00000002   Code   RO          583    i.HAL_CAN_TxMailbox0AbortCallback  stm32f4xx_hal_can.o
    0x08000f3a   0x08000f3a   0x00000002   Code   RO          584    i.HAL_CAN_TxMailbox0CompleteCallback  stm32f4xx_hal_can.o
    0x08000f3c   0x08000f3c   0x00000002   Code   RO          585    i.HAL_CAN_TxMailbox1AbortCallback  stm32f4xx_hal_can.o
    0x08000f3e   0x08000f3e   0x00000002   Code   RO          586    i.HAL_CAN_TxMailbox1CompleteCallback  stm32f4xx_hal_can.o
    0x08000f40   0x08000f40   0x00000002   Code   RO          587    i.HAL_CAN_TxMailbox2AbortCallback  stm32f4xx_hal_can.o
    0x08000f42   0x08000f42   0x00000002   Code   RO          588    i.HAL_CAN_TxMailbox2CompleteCallback  stm32f4xx_hal_can.o
    0x08000f44   0x08000f44   0x00000002   Code   RO          590    i.HAL_CAN_WakeUpFromRxMsgCallback  stm32f4xx_hal_can.o
    0x08000f46   0x08000f46   0x00000028   Code   RO         1354    i.HAL_DMA_Abort_IT  stm32f4xx_hal_dma.o
    0x08000f6e   0x08000f6e   0x00000002   PAD
    0x08000f70   0x08000f70   0x00000240   Code   RO         1358    i.HAL_DMA_IRQHandler  stm32f4xx_hal_dma.o
    0x080011b0   0x080011b0   0x000000ec   Code   RO         1359    i.HAL_DMA_Init      stm32f4xx_hal_dma.o
    0x0800129c   0x0800129c   0x00000066   Code   RO         1362    i.HAL_DMA_Start     stm32f4xx_hal_dma.o
    0x08001302   0x08001302   0x00000002   PAD
    0x08001304   0x08001304   0x0000021c   Code   RO         1246    i.HAL_GPIO_Init     stm32f4xx_hal_gpio.o
    0x08001520   0x08001520   0x00000012   Code   RO         1249    i.HAL_GPIO_TogglePin  stm32f4xx_hal_gpio.o
    0x08001532   0x08001532   0x0000000c   Code   RO         1250    i.HAL_GPIO_WritePin  stm32f4xx_hal_gpio.o
    0x0800153e   0x0800153e   0x00000002   PAD
    0x08001540   0x08001540   0x0000000c   Code   RO         1803    i.HAL_GetTick       stm32f4xx_hal.o
    0x0800154c   0x0800154c   0x00000018   Code   RO         1809    i.HAL_IncTick       stm32f4xx_hal.o
    0x08001564   0x08001564   0x0000003c   Code   RO         1810    i.HAL_Init          stm32f4xx_hal.o
    0x080015a0   0x080015a0   0x0000004c   Code   RO         1811    i.HAL_InitTick      stm32f4xx_hal.o
    0x080015ec   0x080015ec   0x00000054   Code   RO          531    i.HAL_MspInit       stm32f4xx_hal_msp.o
    0x08001640   0x08001640   0x00000020   Code   RO         1653    i.HAL_NVIC_EnableIRQ  stm32f4xx_hal_cortex.o
    0x08001660   0x08001660   0x0000007c   Code   RO         1659    i.HAL_NVIC_SetPriority  stm32f4xx_hal_cortex.o
    0x080016dc   0x080016dc   0x00000028   Code   RO         1660    i.HAL_NVIC_SetPriorityGrouping  stm32f4xx_hal_cortex.o
    0x08001704   0x08001704   0x0000008c   Code   RO         1582    i.HAL_PWREx_EnableOverDrive  stm32f4xx_hal_pwr_ex.o
    0x08001790   0x08001790   0x00000184   Code   RO          790    i.HAL_RCC_ClockConfig  stm32f4xx_hal_rcc.o
    0x08001914   0x08001914   0x0000000c   Code   RO          795    i.HAL_RCC_GetHCLKFreq  stm32f4xx_hal_rcc.o
    0x08001920   0x08001920   0x00000020   Code   RO          797    i.HAL_RCC_GetPCLK1Freq  stm32f4xx_hal_rcc.o
    0x08001940   0x08001940   0x00000020   Code   RO          798    i.HAL_RCC_GetPCLK2Freq  stm32f4xx_hal_rcc.o
    0x08001960   0x08001960   0x000000b0   Code   RO          799    i.HAL_RCC_GetSysClockFreq  stm32f4xx_hal_rcc.o
    0x08001a10   0x08001a10   0x00000488   Code   RO          802    i.HAL_RCC_OscConfig  stm32f4xx_hal_rcc.o
    0x08001e98   0x08001e98   0x00000034   Code   RO         1664    i.HAL_SYSTICK_Config  stm32f4xx_hal_cortex.o
    0x08001ecc   0x08001ecc   0x00000002   Code   RO         2115    i.HAL_UART_ErrorCallback  stm32f4xx_hal_uart.o
    0x08001ece   0x08001ece   0x00000002   PAD
    0x08001ed0   0x08001ed0   0x00000154   Code   RO         2118    i.HAL_UART_IRQHandler  stm32f4xx_hal_uart.o
    0x08002024   0x08002024   0x00000072   Code   RO         2119    i.HAL_UART_Init     stm32f4xx_hal_uart.o
    0x08002096   0x08002096   0x00000002   PAD
    0x08002098   0x08002098   0x000000e0   Code   RO          408    i.HAL_UART_MspInit  usart.o
    0x08002178   0x08002178   0x00000002   Code   RO         2125    i.HAL_UART_RxCpltCallback  stm32f4xx_hal_uart.o
    0x0800217a   0x0800217a   0x00000002   Code   RO         2130    i.HAL_UART_TxCpltCallback  stm32f4xx_hal_uart.o
    0x0800217c   0x0800217c   0x00000004   Code   RO          453    i.HardFault_Handler  stm32f4xx_it.o
    0x08002180   0x08002180   0x00000020   Code   RO          306    i.LED_task          freertos.o
    0x080021a0   0x080021a0   0x00000044   Code   RO          242    i.MX_CAN1_Init      can.o
    0x080021e4   0x080021e4   0x00000038   Code   RO          282    i.MX_DMA_Init       dma.o
    0x0800221c   0x0800221c   0x000000b8   Code   RO          307    i.MX_FREERTOS_Init  freertos.o
    0x080022d4   0x080022d4   0x000000f4   Code   RO          216    i.MX_GPIO_Init      gpio.o
    0x080023c8   0x080023c8   0x0000003c   Code   RO          409    i.MX_USART1_UART_Init  usart.o
    0x08002404   0x08002404   0x00000004   Code   RO          454    i.MemManage_Handler  stm32f4xx_it.o
    0x08002408   0x08002408   0x00000002   Code   RO          455    i.NMI_Handler       stm32f4xx_it.o
    0x0800240a   0x0800240a   0x00000002   PAD
    0x0800240c   0x0800240c   0x0000006c   Code   RO          308    i.Power_display_task  freertos.o
    0x08002478   0x08002478   0x00000014   Code   RO          456    i.SysTick_Handler   stm32f4xx_it.o
    0x0800248c   0x0800248c   0x000000bc   Code   RO           14    i.SystemClock_Config  main.o
    0x08002548   0x08002548   0x0000001c   Code   RO         2426    i.SystemInit        system_stm32f4xx.o
    0x08002564   0x08002564   0x00000014   Code   RO         2132    i.UART_DMAAbortOnError  stm32f4xx_hal_uart.o
    0x08002578   0x08002578   0x00000020   Code   RO         2142    i.UART_EndRxTransfer  stm32f4xx_hal_uart.o
    0x08002598   0x08002598   0x00000020   Code   RO         2143    i.UART_EndTransmit_IT  stm32f4xx_hal_uart.o
    0x080025b8   0x080025b8   0x000000a6   Code   RO         2145    i.UART_Receive_IT   stm32f4xx_hal_uart.o
    0x0800265e   0x0800265e   0x00000002   PAD
    0x08002660   0x08002660   0x000003e8   Code   RO         2146    i.UART_SetConfig    stm32f4xx_hal_uart.o
    0x08002a48   0x08002a48   0x00000068   Code   RO         2147    i.UART_Transmit_IT  stm32f4xx_hal_uart.o
    0x08002ab0   0x08002ab0   0x00000014   Code   RO          457    i.USART1_IRQHandler  stm32f4xx_it.o
    0x08002ac4   0x08002ac4   0x00000004   Code   RO          458    i.UsageFault_Handler  stm32f4xx_it.o
    0x08002ac8   0x08002ac8   0x00000010   Code   RO         1666    i.__NVIC_GetPriorityGrouping  stm32f4xx_hal_cortex.o
    0x08002ad8   0x08002ad8   0x00000028   Code   RO         1667    i.__NVIC_SetPriority  stm32f4xx_hal_cortex.o
    0x08002b00   0x08002b00   0x00000006   Code   RO         3562    i.__get_BASEPRI     cmsis_os2.o
    0x08002b06   0x08002b06   0x00000006   Code   RO         3563    i.__get_IPSR        cmsis_os2.o
    0x08002b0c   0x08002b0c   0x00000006   Code   RO         3564    i.__get_PRIMASK     cmsis_os2.o
    0x08002b12   0x08002b12   0x0000000e   Code   RO         4359    i.__scatterload_copy  mc_w.l(handlers.o)
    0x08002b20   0x08002b20   0x00000002   Code   RO         4360    i.__scatterload_null  mc_w.l(handlers.o)
    0x08002b22   0x08002b22   0x0000000e   Code   RO         4361    i.__scatterload_zeroinit  mc_w.l(handlers.o)
    0x08002b30   0x08002b30   0x0000003c   Code   RO         4170    i.can_filter_init   bsp_can.o
    0x08002b6c   0x08002b6c   0x0000022c   Code   RO          309    i.chassis_task      freertos.o
    0x08002d98   0x08002d98   0x00000040   Code   RO         4266    i.dbus_uart_init    bsp_uart.o
    0x08002dd8   0x08002dd8   0x00000008   Code   RO         4267    i.dma_current_data_counter  bsp_uart.o
    0x08002de0   0x08002de0   0x0000002c   Code   RO           15    i.main              main.o
    0x08002e0c   0x08002e0c   0x00000038   Code   RO         3565    i.osDelay           cmsis_os2.o
    0x08002e44   0x08002e44   0x00000040   Code   RO         3579    i.osKernelInitialize  cmsis_os2.o
    0x08002e84   0x08002e84   0x00000044   Code   RO         3582    i.osKernelStart     cmsis_os2.o
    0x08002ec8   0x08002ec8   0x000000dc   Code   RO         3616    i.osThreadNew       cmsis_os2.o
    0x08002fa4   0x08002fa4   0x00000146   Code   RO         4127    i.pid_calculate     pid.o
    0x080030ea   0x080030ea   0x00000002   PAD
    0x080030ec   0x080030ec   0x0000001c   Code   RO         4128    i.pid_init          pid.o
    0x08003108   0x08003108   0x0000005c   Code   RO         4129    i.pid_param_init    pid.o
    0x08003164   0x08003164   0x0000000e   Code   RO         4130    i.pid_reset         pid.o
    0x08003172   0x08003172   0x00000002   PAD
    0x08003174   0x08003174   0x0000007c   Code   RO         3037    i.prvAddCurrentTaskToDelayedList  tasks.o
    0x080031f0   0x080031f0   0x000000b8   Code   RO         3038    i.prvAddNewTaskToReadyList  tasks.o
    0x080032a8   0x080032a8   0x00000074   Code   RO         3398    i.prvCheckForValidListAndQueue  timers.o
    0x0800331c   0x0800331c   0x00000048   Code   RO         3039    i.prvCheckTasksWaitingTermination  tasks.o
    0x08003364   0x08003364   0x0000002a   Code   RO         2630    i.prvCopyDataFromQueue  queue.o
    0x0800338e   0x0800338e   0x0000007c   Code   RO         2631    i.prvCopyDataToQueue  queue.o
    0x0800340a   0x0800340a   0x00000050   Code   RO         3040    i.prvDeleteTCB      tasks.o
    0x0800345a   0x0800345a   0x00000002   PAD
    0x0800345c   0x0800345c   0x00000028   Code   RO         3399    i.prvGetNextExpireTime  timers.o
    0x08003484   0x08003484   0x0000007c   Code   RO         3998    i.prvHeapInit       heap_4.o
    0x08003500   0x08003500   0x00000028   Code   RO         3041    i.prvIdleTask       tasks.o
    0x08003528   0x08003528   0x0000002a   Code   RO         2634    i.prvInitialiseNewQueue  queue.o
    0x08003552   0x08003552   0x000000b4   Code   RO         3042    i.prvInitialiseNewTask  tasks.o
    0x08003606   0x08003606   0x00000002   PAD
    0x08003608   0x08003608   0x00000068   Code   RO         3043    i.prvInitialiseTaskLists  tasks.o
    0x08003670   0x08003670   0x00000068   Code   RO         3999    i.prvInsertBlockIntoFreeList  heap_4.o
    0x080036d8   0x080036d8   0x00000058   Code   RO         3401    i.prvInsertTimerInActiveList  timers.o
    0x08003730   0x08003730   0x0000001a   Code   RO         2635    i.prvIsQueueEmpty   queue.o
    0x0800374a   0x0800374a   0x0000001e   Code   RO         2636    i.prvIsQueueFull    queue.o
    0x08003768   0x08003768   0x00000064   Code   RO         3402    i.prvProcessExpiredTimer  timers.o
    0x080037cc   0x080037cc   0x00000128   Code   RO         3403    i.prvProcessReceivedCommands  timers.o
    0x080038f4   0x080038f4   0x00000074   Code   RO         3404    i.prvProcessTimerOrBlockTask  timers.o
    0x08003968   0x08003968   0x00000034   Code   RO         3045    i.prvResetNextTaskUnblockTime  tasks.o
    0x0800399c   0x0800399c   0x0000002c   Code   RO         3405    i.prvSampleTimeNow  timers.o
    0x080039c8   0x080039c8   0x000000a0   Code   RO         3406    i.prvSwitchTimerLists  timers.o
    0x08003a68   0x08003a68   0x00000040   Code   RO         4048    i.prvTaskExitError  port.o
    0x08003aa8   0x08003aa8   0x0000001a   Code   RO         3407    i.prvTimerTask      timers.o
    0x08003ac2   0x08003ac2   0x0000007e   Code   RO         2637    i.prvUnlockQueue    queue.o
    0x08003b40   0x08003b40   0x0000013c   Code   RO         4000    i.pvPortMalloc      heap_4.o
    0x08003c7c   0x08003c7c   0x0000002c   Code   RO         4049    i.pxPortInitialiseStack  port.o
    0x08003ca8   0x08003ca8   0x000000d8   Code   RO         4268    i.rc_callback_handler  bsp_uart.o
    0x08003d80   0x08003d80   0x000001d4   Code   RO          310    i.shooter_task      freertos.o
    0x08003f54   0x08003f54   0x0000000a   Code   RO          311    i.tripod_task       freertos.o
    0x08003f5e   0x08003f5e   0x00000048   Code   RO         4269    i.uart_receive_dma_no_it  bsp_uart.o
    0x08003fa6   0x08003fa6   0x00000022   Code   RO         4270    i.uart_receive_handler  bsp_uart.o
    0x08003fc8   0x08003fc8   0x00000070   Code   RO         4271    i.uart_rx_idle_callback  bsp_uart.o
    0x08004038   0x08004038   0x00000028   Code   RO         2590    i.uxListRemove      list.o
    0x08004060   0x08004060   0x00000018   Code   RO         3628    i.vApplicationGetIdleTaskMemory  cmsis_os2.o
    0x08004078   0x08004078   0x00000018   Code   RO         3629    i.vApplicationGetTimerTaskMemory  cmsis_os2.o
    0x08004090   0x08004090   0x0000001a   Code   RO         2591    i.vListInitialise   list.o
    0x080040aa   0x080040aa   0x00000006   Code   RO         2592    i.vListInitialiseItem  list.o
    0x080040b0   0x080040b0   0x00000034   Code   RO         2593    i.vListInsert       list.o
    0x080040e4   0x080040e4   0x00000018   Code   RO         2594    i.vListInsertEnd    list.o
    0x080040fc   0x080040fc   0x00000054   Code   RO         4051    i.vPortEnterCritical  port.o
    0x08004150   0x08004150   0x0000003c   Code   RO         4052    i.vPortExitCritical  port.o
    0x0800418c   0x0800418c   0x00000094   Code   RO         4001    i.vPortFree         heap_4.o
    0x08004220   0x08004220   0x00000028   Code   RO         4053    i.vPortSetupTimerInterrupt  port.o
    0x08004248   0x08004248   0x00000078   Code   RO         4054    i.vPortValidateInterruptPriority  port.o
    0x080042c0   0x080042c0   0x0000002c   Code   RO         2643    i.vQueueAddToRegistry  queue.o
    0x080042ec   0x080042ec   0x0000004a   Code   RO         2647    i.vQueueWaitForMessageRestricted  queue.o
    0x08004336   0x08004336   0x00000002   PAD
    0x08004338   0x08004338   0x0000005c   Code   RO         3057    i.vTaskDelay        tasks.o
    0x08004394   0x08004394   0x00000018   Code   RO         3062    i.vTaskInternalSetTimeOutState  tasks.o
    0x080043ac   0x080043ac   0x0000000c   Code   RO         3063    i.vTaskMissedYield  tasks.o
    0x080043b8   0x080043b8   0x00000038   Code   RO         3065    i.vTaskPlaceOnEventList  tasks.o
    0x080043f0   0x080043f0   0x00000040   Code   RO         3066    i.vTaskPlaceOnEventListRestricted  tasks.o
    0x08004430   0x08004430   0x000000b8   Code   RO         3074    i.vTaskStartScheduler  tasks.o
    0x080044e8   0x080044e8   0x00000010   Code   RO         3076    i.vTaskSuspendAll   tasks.o
    0x080044f8   0x080044f8   0x00000090   Code   RO         3077    i.vTaskSwitchContext  tasks.o
    0x08004588   0x08004588   0x00000168   Code   RO         4055    i.xPortStartScheduler  port.o
    0x080046f0   0x080046f0   0x00000034   Code   RO         4056    i.xPortSysTickHandler  port.o
    0x08004724   0x08004724   0x000000de   Code   RO         2653    i.xQueueGenericCreateStatic  queue.o
    0x08004802   0x08004802   0x00000002   PAD
    0x08004804   0x08004804   0x00000098   Code   RO         2654    i.xQueueGenericReset  queue.o
    0x0800489c   0x0800489c   0x000001a8   Code   RO         2655    i.xQueueGenericSend  queue.o
    0x08004a44   0x08004a44   0x000000f8   Code   RO         2656    i.xQueueGenericSendFromISR  queue.o
    0x08004b3c   0x08004b3c   0x00000168   Code   RO         2665    i.xQueueReceive     queue.o
    0x08004ca4   0x08004ca4   0x0000008c   Code   RO         3078    i.xTaskCheckForTimeOut  tasks.o
    0x08004d30   0x08004d30   0x00000064   Code   RO         3079    i.xTaskCreate       tasks.o
    0x08004d94   0x08004d94   0x000000b8   Code   RO         3080    i.xTaskCreateStatic  tasks.o
    0x08004e4c   0x08004e4c   0x00000020   Code   RO         3084    i.xTaskGetSchedulerState  tasks.o
    0x08004e6c   0x08004e6c   0x0000000c   Code   RO         3085    i.xTaskGetTickCount  tasks.o
    0x08004e78   0x08004e78   0x00000144   Code   RO         3087    i.xTaskIncrementTick  tasks.o
    0x08004fbc   0x08004fbc   0x000000a4   Code   RO         3090    i.xTaskPriorityDisinherit  tasks.o
    0x08005060   0x08005060   0x00000098   Code   RO         3092    i.xTaskRemoveFromEventList  tasks.o
    0x080050f8   0x080050f8   0x00000104   Code   RO         3093    i.xTaskResumeAll    tasks.o
    0x080051fc   0x080051fc   0x00000078   Code   RO         3414    i.xTimerCreateTimerTask  timers.o
    0x08005274   0x08005274   0x00000084   Code   RO         3415    i.xTimerGenericCommand  timers.o
    0x080052f8   0x080052f8   0x000000b4   Data   RO          312    .constdata          freertos.o
    0x080053ac   0x080053ac   0x00000008   Data   RO         1365    .constdata          stm32f4xx_hal_dma.o
    0x080053b4   0x080053b4   0x00000018   Data   RO         2427    .constdata          system_stm32f4xx.o
    0x080053cc   0x080053cc   0x0000003b   Data   RO          313    .conststring        freertos.o
    0x08005407   0x08005407   0x00000001   PAD
    0x08005408   0x08005408   0x00000020   Data   RO         4357    Region$$Table       anon$$obj.o


    Execution Region RW_IRAM1 (Exec base: 0x20000000, Load base: 0x08005428, Size: 0x00004ee8, Max: 0x00030000, ABSOLUTE)

    Exec Addr    Load Addr    Size         Type   Attr      Idx    E Section Name        Object

    0x20000000   0x08005428   0x00000018   Data   RW          314    .data               freertos.o
    0x20000018   0x08005440   0x00000009   Data   RW         1817    .data               stm32f4xx_hal.o
    0x20000021   0x08005449   0x00000003   PAD
    0x20000024   0x0800544c   0x00000004   Data   RW         2428    .data               system_stm32f4xx.o
    0x20000028   0x08005450   0x0000003c   Data   RW         3096    .data               tasks.o
    0x20000064   0x0800548c   0x00000014   Data   RW         3423    .data               timers.o
    0x20000078   0x080054a0   0x00000004   Data   RW         3631    .data               cmsis_os2.o
    0x2000007c   0x080054a4   0x00000018   Data   RW         4006    .data               heap_4.o
    0x20000094   0x080054bc   0x0000000c   Data   RW         4057    .data               port.o
    0x200000a0   0x080054c8   0x00000011   Data   RW         4204    .data               bsp_can_tr.o
    0x200000b1   0x080054d9   0x00000003   PAD
    0x200000b4        -       0x00000028   Zero   RW          243    .bss                can.o
    0x200000dc        -       0x000000a0   Zero   RW          410    .bss                usart.o
    0x2000017c        -       0x00000040   Zero   RW         2669    .bss                queue.o
    0x200001bc        -       0x000004c4   Zero   RW         3095    .bss                tasks.o
    0x20000680        -       0x00000118   Zero   RW         3422    .bss                timers.o
    0x20000798        -       0x000006b8   Zero   RW         3630    .bss                cmsis_os2.o
    0x20000e50        -       0x00003c00   Zero   RW         4005    .bss                heap_4.o
    0x20004a50        -       0x00000078   Zero   RW         4203    .bss                bsp_can_tr.o
    0x20004ac8        -       0x0000001c   Zero   RW         4272    .bss                bsp_uart.o
    0x20004ae4   0x080054d9   0x00000004   PAD
    0x20004ae8        -       0x00000400   Zero   RW            1    STACK               startup_stm32f427xx.o


==============================================================================

Image component sizes


      Code (inc. data)   RO Data    RW Data    ZI Data      Debug   Object Name

        60          4          0          0          0        554   bsp_can.o
       368         40          0         17        120       3169   bsp_can_tr.o
       506         22          0          0         28       4131   bsp_uart.o
       220         22          0          0         40       1633   can.o
       474         38          0          4       1720      16738   cmsis_os2.o
        56          4          0          0          0        738   dma.o
         0          0          0          0          0      20084   event_groups.o
      1358        110        239         24          0       7412   freertos.o
       244         12          0          0          0       1003   gpio.o
       692         62          0         24      15360       4763   heap_4.o
       148          0          0          0          0       3558   list.o
       234          8          0          0          0     728676   main.o
       460         18          0          0          0       2984   pid.o
      1014         92          0         12          0      11681   port.o
      1914         20          0          0         64      17112   queue.o
        36          8        428          0       1024        836   startup_stm32f427xx.o
       172         32          0          9          0       8885   stm32f4xx_hal.o
      2134          6          0          0          0      14283   stm32f4xx_hal_can.o
       304         22          0          0          0      34439   stm32f4xx_hal_cortex.o
      1220         16          8          0          0       6115   stm32f4xx_hal_dma.o
       570         54          0          0          0       2941   stm32f4xx_hal_gpio.o
        84          6          0          0          0        830   stm32f4xx_hal_msp.o
       140         12          0          0          0       1276   stm32f4xx_hal_pwr_ex.o
      1800         84          0          0          0       5600   stm32f4xx_hal_rcc.o
      1814         12          0          0          0       7863   stm32f4xx_hal_uart.o
        92         16          0          0          0       4695   stm32f4xx_it.o
         0          0          0          0          0       8872   stream_buffer.o
        28          4         24          4          0       1127   system_stm32f4xx.o
      2796        346          0         60       1220      24406   tasks.o
      1238        124          0         20        280      26859   timers.o
       284         34          0          0        160       1757   usart.o

    ----------------------------------------------------------------------
     20494       1228        732        180      20020     975020   Object Totals
         0          0         32          0          0          0   (incl. Generated)
        34          0          1          6          4          0   (incl. Padding)

    ----------------------------------------------------------------------

      Code (inc. data)   RO Data    RW Data    ZI Data      Debug   Library Member Name

         0          0          0          0          0          0   entry.o
         0          0          0          0          0          0   entry10a.o
         0          0          0          0          0          0   entry11a.o
         8          4          0          0          0          0   entry2.o
         4          0          0          0          0          0   entry5.o
         0          0          0          0          0          0   entry7b.o
         0          0          0          0          0          0   entry8b.o
         8          4          0          0          0          0   entry9a.o
        30          0          0          0          0          0   handlers.o
        36          8          0          0          0         68   init.o
        30          0          0          0          0         68   llshl.o
        32          0          0          0          0         68   llushr.o
        36          0          0          0          0         68   memcpya.o
        36          0          0          0          0        108   memseta.o
        98          0          0          0          0         92   uldiv.o

    ----------------------------------------------------------------------
       318         16          0          0          0        472   Library Totals
         0          0          0          0          0          0   (incl. Padding)

    ----------------------------------------------------------------------

      Code (inc. data)   RO Data    RW Data    ZI Data      Debug   Library Name

       318         16          0          0          0        472   mc_w.l

    ----------------------------------------------------------------------
       318         16          0          0          0        472   Library Totals

    ----------------------------------------------------------------------

==============================================================================


      Code (inc. data)   RO Data    RW Data    ZI Data      Debug   

     20812       1244        732        180      20020     958740   Grand Totals
     20812       1244        732        180      20020     958740   ELF Image Totals
     20812       1244        732        180          0          0   ROM Totals

==============================================================================

    Total RO  Size (Code + RO Data)                21544 (  21.04kB)
    Total RW  Size (RW Data + ZI Data)             20200 (  19.73kB)
    Total ROM Size (Code + RO Data + RW Data)      21724 (  21.21kB)

==============================================================================

